
===========================================================================
report_checks -unconstrained
===========================================================================
======================= Typical Corner ===================================

Startpoint: rst_n (input port clocked by clk)
Endpoint: _4677_ (recovery check against rising-edge clock clk)
Path Group: asynchronous
Path Type: max

Fanout     Cap    Slew   Delay    Time   Description
-----------------------------------------------------------------------------
                  0.00    0.00    0.00   clock clk (rise edge)
                          0.00    0.00   clock network delay (ideal)
                          1.00    1.00 ^ input external delay
     1    0.01    0.11    0.07    1.07 ^ rst_n (in)
                                         rst_n (net)
                  0.11    0.00    1.07 ^ rst_buf/A (sky130_fd_sc_hd__clkbuf_16)
   569    2.45    2.41    1.73    2.80 ^ rst_buf/X (sky130_fd_sc_hd__clkbuf_16)
                                         tree_instances[0].u_tree.rst_n (net)
                  2.43    0.19    2.99 ^ _4677_/RESET_B (sky130_fd_sc_hd__dfrtp_2)
                                  2.99   data arrival time

                  0.00   10.00   10.00   clock clk (rise edge)
                          0.00   10.00   clock network delay (ideal)
                          0.00   10.00   clock reconvergence pessimism
                                 10.00 ^ _4677_/CLK (sky130_fd_sc_hd__dfrtp_2)
                         -0.61    9.39   library recovery time
                                  9.39   data required time
-----------------------------------------------------------------------------
                                  9.39   data required time
                                 -2.99   data arrival time
-----------------------------------------------------------------------------
                                  6.40   slack (MET)


Startpoint: _4365_ (rising edge-triggered flip-flop clocked by clk)
Endpoint: _4357_ (rising edge-triggered flip-flop clocked by clk)
Path Group: clk
Path Type: max

Fanout     Cap    Slew   Delay    Time   Description
-----------------------------------------------------------------------------
                  0.00    0.00    0.00   clock clk (rise edge)
                          0.00    0.00   clock network delay (ideal)
                  0.00    0.00    0.00 ^ _4365_/CLK (sky130_fd_sc_hd__dfrtp_2)
     2    0.01    0.06    0.33    0.33 ^ _4365_/Q (sky130_fd_sc_hd__dfrtp_2)
                                         current_voting_frame[4] (net)
                  0.06    0.00    0.33 ^ _2982_/A (sky130_fd_sc_hd__buf_1)
     8    0.04    0.42    0.34    0.68 ^ _2982_/X (sky130_fd_sc_hd__buf_1)
                                         _0660_ (net)
                  0.42    0.00    0.68 ^ _2983_/A (sky130_fd_sc_hd__buf_1)
     8    0.06    0.70    0.59    1.27 ^ _2983_/X (sky130_fd_sc_hd__buf_1)
                                         _0661_ (net)
                  0.70    0.00    1.28 ^ _2984_/A (sky130_fd_sc_hd__buf_1)
     8    0.06    0.66    0.58    1.85 ^ _2984_/X (sky130_fd_sc_hd__buf_1)
                                         _0662_ (net)
                  0.66    0.00    1.85 ^ _3183_/A1 (sky130_fd_sc_hd__a21oi_2)
     1    0.00    0.10    0.09    1.94 v _3183_/Y (sky130_fd_sc_hd__a21oi_2)
                                         _0855_ (net)
                  0.10    0.00    1.94 v _3190_/A (sky130_fd_sc_hd__and3_2)
     1    0.00    0.04    0.19    2.13 v _3190_/X (sky130_fd_sc_hd__and3_2)
                                         _0862_ (net)
                  0.04    0.00    2.13 v _3211_/B (sky130_fd_sc_hd__or4_2)
     1    0.00    0.11    0.64    2.78 v _3211_/X (sky130_fd_sc_hd__or4_2)
                                         _0883_ (net)
                  0.11    0.00    2.78 v _3212_/D (sky130_fd_sc_hd__nor4_2)
     3    0.01    0.30    0.24    3.02 ^ _3212_/Y (sky130_fd_sc_hd__nor4_2)
                                         _0884_ (net)
                  0.30    0.00    3.02 ^ _3213_/A4 (sky130_fd_sc_hd__a41o_2)
     5    0.02    0.12    0.31    3.33 ^ _3213_/X (sky130_fd_sc_hd__a41o_2)
                                         _0885_ (net)
                  0.12    0.00    3.33 ^ _3219_/B (sky130_fd_sc_hd__or2_2)
     2    0.01    0.05    0.14    3.46 ^ _3219_/X (sky130_fd_sc_hd__or2_2)
                                         _0890_ (net)
                  0.05    0.00    3.46 ^ _3220_/S (sky130_fd_sc_hd__mux2_2)
     1    0.00    0.05    0.31    3.78 v _3220_/X (sky130_fd_sc_hd__mux2_2)
                                         _0891_ (net)
                  0.05    0.00    3.78 v _3221_/A (sky130_fd_sc_hd__buf_1)
     1    0.00    0.02    0.08    3.86 v _3221_/X (sky130_fd_sc_hd__buf_1)
                                         _0117_ (net)
                  0.02    0.00    3.86 v _4357_/D (sky130_fd_sc_hd__dfrtp_2)
                                  3.86   data arrival time

                  0.00   10.00   10.00   clock clk (rise edge)
                          0.00   10.00   clock network delay (ideal)
                          0.00   10.00   clock reconvergence pessimism
                                 10.00 ^ _4357_/CLK (sky130_fd_sc_hd__dfrtp_2)
                         -0.12    9.88   library setup time
                                  9.88   data required time
-----------------------------------------------------------------------------
                                  9.88   data required time
                                 -3.86   data arrival time
-----------------------------------------------------------------------------
                                  6.02   slack (MET)




===========================================================================
report_checks --slack_max -0.01
============================================================================
======================= Typical Corner ===================================

No paths found.


===========================================================================
 report_check_types -max_slew -max_cap -max_fanout -violators
============================================================================
======================= Typical Corner ===================================

max slew

Pin                                    Limit    Slew   Slack
------------------------------------------------------------
_4677_/RESET_B                          1.50    2.43   -0.93 (VIOLATED)
_4679_/RESET_B                          1.50    2.43   -0.93 (VIOLATED)
_4680_/RESET_B                          1.50    2.43   -0.93 (VIOLATED)
_4525_/RESET_B                          1.50    2.43   -0.93 (VIOLATED)
_4523_/RESET_B                          1.50    2.43   -0.93 (VIOLATED)
_4682_/RESET_B                          1.50    2.43   -0.93 (VIOLATED)
_4681_/RESET_B                          1.50    2.43   -0.93 (VIOLATED)
_4526_/RESET_B                          1.50    2.43   -0.93 (VIOLATED)
_4674_/RESET_B                          1.50    2.43   -0.93 (VIOLATED)
_4524_/RESET_B                          1.50    2.43   -0.93 (VIOLATED)
_4334_/RESET_B                          1.50    2.43   -0.93 (VIOLATED)
_4576_/RESET_B                          1.50    2.43   -0.93 (VIOLATED)
_4577_/RESET_B                          1.50    2.43   -0.93 (VIOLATED)
_4335_/RESET_B                          1.50    2.43   -0.93 (VIOLATED)
_4336_/RESET_B                          1.50    2.43   -0.93 (VIOLATED)
_4693_/SET_B                            1.50    2.43   -0.93 (VIOLATED)
_4333_/SET_B                            1.50    2.43   -0.93 (VIOLATED)
_4495_/RESET_B                          1.50    2.43   -0.93 (VIOLATED)
_4491_/SET_B                            1.50    2.43   -0.93 (VIOLATED)
_4687_/RESET_B                          1.50    2.43   -0.93 (VIOLATED)
_4692_/RESET_B                          1.50    2.43   -0.93 (VIOLATED)
_4673_/RESET_B                          1.50    2.43   -0.93 (VIOLATED)
_4542_/SET_B                            1.50    2.43   -0.93 (VIOLATED)
_4684_/RESET_B                          1.50    2.43   -0.93 (VIOLATED)
_4689_/RESET_B                          1.50    2.43   -0.93 (VIOLATED)
_4350_/RESET_B                          1.50    2.43   -0.93 (VIOLATED)
_4694_/RESET_B                          1.50    2.43   -0.93 (VIOLATED)
_4530_/RESET_B                          1.50    2.43   -0.93 (VIOLATED)
_4528_/RESET_B                          1.50    2.43   -0.93 (VIOLATED)
_4527_/RESET_B                          1.50    2.43   -0.93 (VIOLATED)
_4529_/RESET_B                          1.50    2.43   -0.93 (VIOLATED)
_4531_/RESET_B                          1.50    2.43   -0.93 (VIOLATED)
_4492_/RESET_B                          1.50    2.43   -0.93 (VIOLATED)
_4493_/RESET_B                          1.50    2.43   -0.93 (VIOLATED)
_4494_/RESET_B                          1.50    2.43   -0.93 (VIOLATED)
_4688_/RESET_B                          1.50    2.43   -0.93 (VIOLATED)
_4690_/RESET_B                          1.50    2.43   -0.93 (VIOLATED)
_4535_/RESET_B                          1.50    2.43   -0.93 (VIOLATED)
_4540_/RESET_B                          1.50    2.43   -0.93 (VIOLATED)
_4405_/RESET_B                          1.50    2.43   -0.93 (VIOLATED)
_4404_/RESET_B                          1.50    2.43   -0.93 (VIOLATED)
_4536_/RESET_B                          1.50    2.43   -0.93 (VIOLATED)
_4541_/RESET_B                          1.50    2.43   -0.93 (VIOLATED)
_4534_/RESET_B                          1.50    2.43   -0.93 (VIOLATED)
_4539_/RESET_B                          1.50    2.43   -0.93 (VIOLATED)
_4532_/RESET_B                          1.50    2.43   -0.93 (VIOLATED)
_4533_/RESET_B                          1.50    2.43   -0.93 (VIOLATED)
_4538_/RESET_B                          1.50    2.43   -0.93 (VIOLATED)
_4543_/RESET_B                          1.50    2.43   -0.93 (VIOLATED)
_4537_/RESET_B                          1.50    2.43   -0.93 (VIOLATED)
_4585_/RESET_B                          1.50    2.43   -0.93 (VIOLATED)
_4413_/RESET_B                          1.50    2.43   -0.93 (VIOLATED)
_4418_/RESET_B                          1.50    2.43   -0.93 (VIOLATED)
_4583_/RESET_B                          1.50    2.43   -0.93 (VIOLATED)
_4409_/RESET_B                          1.50    2.43   -0.93 (VIOLATED)
_4414_/RESET_B                          1.50    2.43   -0.93 (VIOLATED)
_4411_/RESET_B                          1.50    2.43   -0.93 (VIOLATED)
_4416_/RESET_B                          1.50    2.43   -0.93 (VIOLATED)
_4412_/RESET_B                          1.50    2.43   -0.93 (VIOLATED)
_4590_/RESET_B                          1.50    2.43   -0.93 (VIOLATED)
_4417_/RESET_B                          1.50    2.43   -0.93 (VIOLATED)
_4588_/RESET_B                          1.50    2.43   -0.93 (VIOLATED)
_4356_/RESET_B                          1.50    2.43   -0.93 (VIOLATED)
_4733_/RESET_B                          1.50    2.43   -0.93 (VIOLATED)
_4738_/RESET_B                          1.50    2.43   -0.93 (VIOLATED)
_4737_/RESET_B                          1.50    2.43   -0.93 (VIOLATED)
_4403_/RESET_B                          1.50    2.43   -0.93 (VIOLATED)
_4402_/RESET_B                          1.50    2.43   -0.93 (VIOLATED)
_4401_/RESET_B                          1.50    2.43   -0.93 (VIOLATED)
_4400_/RESET_B                          1.50    2.43   -0.93 (VIOLATED)
_4818_/RESET_B                          1.50    2.43   -0.93 (VIOLATED)
_4820_/RESET_B                          1.50    2.43   -0.93 (VIOLATED)
_4819_/RESET_B                          1.50    2.43   -0.93 (VIOLATED)
_4817_/SET_B                            1.50    2.43   -0.93 (VIOLATED)
_4821_/RESET_B                          1.50    2.43   -0.93 (VIOLATED)
_4395_/RESET_B                          1.50    2.43   -0.93 (VIOLATED)
_4390_/RESET_B                          1.50    2.43   -0.93 (VIOLATED)
_4419_/SET_B                            1.50    2.43   -0.93 (VIOLATED)
_4388_/RESET_B                          1.50    2.43   -0.93 (VIOLATED)
_4420_/RESET_B                          1.50    2.43   -0.93 (VIOLATED)
_4415_/RESET_B                          1.50    2.43   -0.93 (VIOLATED)
_4410_/RESET_B                          1.50    2.43   -0.93 (VIOLATED)
_4393_/RESET_B                          1.50    2.43   -0.93 (VIOLATED)
_4398_/RESET_B                          1.50    2.43   -0.93 (VIOLATED)
_4358_/RESET_B                          1.50    2.43   -0.93 (VIOLATED)
_4357_/RESET_B                          1.50    2.43   -0.93 (VIOLATED)
_4897_/RESET_B                          1.50    2.43   -0.93 (VIOLATED)
_4896_/RESET_B                          1.50    2.43   -0.93 (VIOLATED)
_4734_/RESET_B                          1.50    2.43   -0.93 (VIOLATED)
_4739_/RESET_B                          1.50    2.43   -0.93 (VIOLATED)
_4731_/RESET_B                          1.50    2.43   -0.93 (VIOLATED)
_4736_/RESET_B                          1.50    2.43   -0.93 (VIOLATED)
_4891_/RESET_B                          1.50    2.43   -0.93 (VIOLATED)
_4742_/RESET_B                          1.50    2.43   -0.93 (VIOLATED)
_4732_/RESET_B                          1.50    2.43   -0.93 (VIOLATED)
_4886_/RESET_B                          1.50    2.43   -0.93 (VIOLATED)
_4353_/RESET_B                          1.50    2.42   -0.92 (VIOLATED)
_4352_/RESET_B                          1.50    2.42   -0.92 (VIOLATED)
_4351_/RESET_B                          1.50    2.42   -0.92 (VIOLATED)
_4887_/RESET_B                          1.50    2.42   -0.92 (VIOLATED)
_4892_/RESET_B                          1.50    2.42   -0.92 (VIOLATED)
_4406_/RESET_B                          1.50    2.42   -0.92 (VIOLATED)
_4407_/RESET_B                          1.50    2.42   -0.92 (VIOLATED)
_4408_/RESET_B                          1.50    2.42   -0.92 (VIOLATED)
_4759_/RESET_B                          1.50    2.42   -0.92 (VIOLATED)
_4387_/RESET_B                          1.50    2.42   -0.92 (VIOLATED)
_4392_/RESET_B                          1.50    2.42   -0.92 (VIOLATED)
_4849_/RESET_B                          1.50    2.42   -0.92 (VIOLATED)
_4850_/RESET_B                          1.50    2.42   -0.92 (VIOLATED)
_4391_/RESET_B                          1.50    2.42   -0.92 (VIOLATED)
_4396_/RESET_B                          1.50    2.42   -0.92 (VIOLATED)
_4377_/RESET_B                          1.50    2.42   -0.92 (VIOLATED)
_4397_/SET_B                            1.50    2.42   -0.92 (VIOLATED)
_4394_/RESET_B                          1.50    2.42   -0.92 (VIOLATED)
_4851_/RESET_B                          1.50    2.42   -0.92 (VIOLATED)
_4389_/RESET_B                          1.50    2.42   -0.92 (VIOLATED)
_4375_/RESET_B                          1.50    2.42   -0.92 (VIOLATED)
_4376_/RESET_B                          1.50    2.42   -0.92 (VIOLATED)
_4374_/SET_B                            1.50    2.42   -0.92 (VIOLATED)
_4548_/RESET_B                          1.50    2.42   -0.92 (VIOLATED)
_4355_/RESET_B                          1.50    2.42   -0.92 (VIOLATED)
_4354_/RESET_B                          1.50    2.42   -0.92 (VIOLATED)
_4844_/RESET_B                          1.50    2.42   -0.92 (VIOLATED)
_4866_/SET_B                            1.50    2.42   -0.92 (VIOLATED)
_4857_/RESET_B                          1.50    2.42   -0.92 (VIOLATED)
_4862_/RESET_B                          1.50    2.42   -0.92 (VIOLATED)
_4856_/RESET_B                          1.50    2.42   -0.92 (VIOLATED)
_4861_/RESET_B                          1.50    2.42   -0.92 (VIOLATED)
_4865_/RESET_B                          1.50    2.42   -0.92 (VIOLATED)
_4859_/RESET_B                          1.50    2.42   -0.92 (VIOLATED)
_4764_/RESET_B                          1.50    2.42   -0.92 (VIOLATED)
_4854_/RESET_B                          1.50    2.42   -0.92 (VIOLATED)
_4785_/RESET_B                          1.50    2.42   -0.92 (VIOLATED)
_4786_/RESET_B                          1.50    2.42   -0.92 (VIOLATED)
_4791_/RESET_B                          1.50    2.42   -0.92 (VIOLATED)
_4810_/RESET_B                          1.50    2.42   -0.92 (VIOLATED)
_4790_/RESET_B                          1.50    2.42   -0.92 (VIOLATED)
_4794_/RESET_B                          1.50    2.42   -0.92 (VIOLATED)
_4805_/RESET_B                          1.50    2.42   -0.92 (VIOLATED)
_4678_/RESET_B                          1.50    2.42   -0.92 (VIOLATED)
_4788_/RESET_B                          1.50    2.42   -0.92 (VIOLATED)
_4675_/RESET_B                          1.50    2.42   -0.92 (VIOLATED)
_4676_/RESET_B                          1.50    2.42   -0.92 (VIOLATED)
_4574_/RESET_B                          1.50    2.42   -0.92 (VIOLATED)
_4575_/RESET_B                          1.50    2.42   -0.92 (VIOLATED)
_4783_/RESET_B                          1.50    2.42   -0.92 (VIOLATED)
_4579_/RESET_B                          1.50    2.42   -0.92 (VIOLATED)
_4349_/RESET_B                          1.50    2.42   -0.92 (VIOLATED)
_4578_/RESET_B                          1.50    2.42   -0.92 (VIOLATED)
_4348_/RESET_B                          1.50    2.42   -0.92 (VIOLATED)
_4655_/RESET_B                          1.50    2.42   -0.92 (VIOLATED)
_4581_/RESET_B                          1.50    2.42   -0.92 (VIOLATED)
_4754_/RESET_B                          1.50    2.42   -0.92 (VIOLATED)
_4658_/RESET_B                          1.50    2.42   -0.92 (VIOLATED)
_4660_/RESET_B                          1.50    2.42   -0.92 (VIOLATED)
_4659_/RESET_B                          1.50    2.42   -0.92 (VIOLATED)
_4761_/RESET_B                          1.50    2.42   -0.92 (VIOLATED)
_4671_/SET_B                            1.50    2.42   -0.92 (VIOLATED)
_4756_/RESET_B                          1.50    2.42   -0.92 (VIOLATED)
_4580_/RESET_B                          1.50    2.42   -0.92 (VIOLATED)
_4582_/RESET_B                          1.50    2.42   -0.92 (VIOLATED)
_4371_/RESET_B                          1.50    2.42   -0.92 (VIOLATED)
_4522_/RESET_B                          1.50    2.42   -0.92 (VIOLATED)
_4372_/RESET_B                          1.50    2.42   -0.92 (VIOLATED)
_4373_/RESET_B                          1.50    2.42   -0.92 (VIOLATED)
_4587_/RESET_B                          1.50    2.42   -0.92 (VIOLATED)
_4686_/RESET_B                          1.50    2.42   -0.92 (VIOLATED)
_4592_/RESET_B                          1.50    2.42   -0.92 (VIOLATED)
_4691_/RESET_B                          1.50    2.42   -0.92 (VIOLATED)
_4683_/RESET_B                          1.50    2.42   -0.92 (VIOLATED)
_4685_/RESET_B                          1.50    2.42   -0.92 (VIOLATED)
_4663_/RESET_B                          1.50    2.42   -0.92 (VIOLATED)
_4370_/SET_B                            1.50    2.42   -0.92 (VIOLATED)
_4668_/RESET_B                          1.50    2.42   -0.92 (VIOLATED)
_4593_/SET_B                            1.50    2.42   -0.92 (VIOLATED)
_4651_/RESET_B                          1.50    2.42   -0.92 (VIOLATED)
_4618_/SET_B                            1.50    2.42   -0.92 (VIOLATED)
_4586_/RESET_B                          1.50    2.42   -0.92 (VIOLATED)
_4584_/RESET_B                          1.50    2.42   -0.92 (VIOLATED)
_4366_/SET_B                            1.50    2.42   -0.92 (VIOLATED)
_4591_/RESET_B                          1.50    2.42   -0.92 (VIOLATED)
_4589_/RESET_B                          1.50    2.42   -0.92 (VIOLATED)
_4838_/RESET_B                          1.50    2.42   -0.92 (VIOLATED)
_4624_/RESET_B                          1.50    2.42   -0.92 (VIOLATED)
_4594_/RESET_B                          1.50    2.42   -0.92 (VIOLATED)
_4608_/RESET_B                          1.50    2.42   -0.92 (VIOLATED)
_4613_/RESET_B                          1.50    2.42   -0.92 (VIOLATED)
_4360_/RESET_B                          1.50    2.42   -0.92 (VIOLATED)
_4833_/RESET_B                          1.50    2.42   -0.92 (VIOLATED)
_4831_/RESET_B                          1.50    2.42   -0.92 (VIOLATED)
_4614_/RESET_B                          1.50    2.42   -0.92 (VIOLATED)
_4847_/RESET_B                          1.50    2.42   -0.92 (VIOLATED)
_4848_/RESET_B                          1.50    2.42   -0.92 (VIOLATED)
_4845_/RESET_B                          1.50    2.42   -0.92 (VIOLATED)
_4846_/RESET_B                          1.50    2.42   -0.92 (VIOLATED)
_4384_/RESET_B                          1.50    2.42   -0.92 (VIOLATED)
_4852_/RESET_B                          1.50    2.42   -0.92 (VIOLATED)
_4853_/RESET_B                          1.50    2.42   -0.92 (VIOLATED)
_4385_/RESET_B                          1.50    2.42   -0.92 (VIOLATED)
_4386_/RESET_B                          1.50    2.42   -0.92 (VIOLATED)
_4868_/RESET_B                          1.50    2.42   -0.92 (VIOLATED)
_4867_/RESET_B                          1.50    2.42   -0.92 (VIOLATED)
_4869_/RESET_B                          1.50    2.42   -0.92 (VIOLATED)
_4378_/RESET_B                          1.50    2.42   -0.92 (VIOLATED)
_4379_/RESET_B                          1.50    2.42   -0.92 (VIOLATED)
_4380_/RESET_B                          1.50    2.42   -0.92 (VIOLATED)
_4381_/RESET_B                          1.50    2.42   -0.92 (VIOLATED)
_4723_/RESET_B                          1.50    2.42   -0.92 (VIOLATED)
_4382_/RESET_B                          1.50    2.42   -0.92 (VIOLATED)
_4864_/SET_B                            1.50    2.42   -0.92 (VIOLATED)
_4863_/RESET_B                          1.50    2.42   -0.92 (VIOLATED)
_4858_/RESET_B                          1.50    2.42   -0.92 (VIOLATED)
_4725_/RESET_B                          1.50    2.42   -0.92 (VIOLATED)
_4383_/RESET_B                          1.50    2.42   -0.92 (VIOLATED)
_4836_/RESET_B                          1.50    2.42   -0.92 (VIOLATED)
_4722_/RESET_B                          1.50    2.42   -0.92 (VIOLATED)
_4724_/RESET_B                          1.50    2.42   -0.92 (VIOLATED)
_4363_/RESET_B                          1.50    2.42   -0.92 (VIOLATED)
_4842_/RESET_B                          1.50    2.42   -0.92 (VIOLATED)
_4728_/RESET_B                          1.50    2.42   -0.92 (VIOLATED)
_4735_/RESET_B                          1.50    2.42   -0.92 (VIOLATED)
_4740_/RESET_B                          1.50    2.42   -0.92 (VIOLATED)
_4729_/RESET_B                          1.50    2.42   -0.92 (VIOLATED)
_4623_/RESET_B                          1.50    2.42   -0.92 (VIOLATED)
_4361_/RESET_B                          1.50    2.42   -0.92 (VIOLATED)
_4622_/RESET_B                          1.50    2.42   -0.92 (VIOLATED)
_4365_/RESET_B                          1.50    2.42   -0.92 (VIOLATED)
_4362_/RESET_B                          1.50    2.42   -0.92 (VIOLATED)
_4620_/SET_B                            1.50    2.42   -0.92 (VIOLATED)
_4855_/RESET_B                          1.50    2.42   -0.92 (VIOLATED)
_4860_/RESET_B                          1.50    2.42   -0.92 (VIOLATED)
_4447_/RESET_B                          1.50    2.42   -0.92 (VIOLATED)
_4741_/SET_B                            1.50    2.42   -0.92 (VIOLATED)
_4880_/RESET_B                          1.50    2.42   -0.92 (VIOLATED)
_4879_/RESET_B                          1.50    2.42   -0.92 (VIOLATED)
_4878_/RESET_B                          1.50    2.42   -0.92 (VIOLATED)
_4881_/RESET_B                          1.50    2.42   -0.92 (VIOLATED)
_4875_/RESET_B                          1.50    2.42   -0.92 (VIOLATED)
_4876_/RESET_B                          1.50    2.42   -0.92 (VIOLATED)
_4359_/RESET_B                          1.50    2.42   -0.92 (VIOLATED)
_4890_/RESET_B                          1.50    2.42   -0.92 (VIOLATED)
_4889_/RESET_B                          1.50    2.42   -0.92 (VIOLATED)
_4882_/RESET_B                          1.50    2.42   -0.92 (VIOLATED)
_4883_/RESET_B                          1.50    2.42   -0.92 (VIOLATED)
_4766_/RESET_B                          1.50    2.42   -0.92 (VIOLATED)
_4726_/RESET_B                          1.50    2.42   -0.92 (VIOLATED)
_4727_/RESET_B                          1.50    2.42   -0.92 (VIOLATED)
_4877_/RESET_B                          1.50    2.42   -0.92 (VIOLATED)
_4767_/RESET_B                          1.50    2.42   -0.92 (VIOLATED)
_4870_/SET_B                            1.50    2.42   -0.92 (VIOLATED)
_4874_/RESET_B                          1.50    2.42   -0.92 (VIOLATED)
_4621_/RESET_B                          1.50    2.42   -0.92 (VIOLATED)
_4730_/RESET_B                          1.50    2.42   -0.92 (VIOLATED)
_4807_/RESET_B                          1.50    2.42   -0.92 (VIOLATED)
_4765_/SET_B                            1.50    2.42   -0.92 (VIOLATED)
_4795_/RESET_B                          1.50    2.42   -0.92 (VIOLATED)
_4894_/SET_B                            1.50    2.42   -0.92 (VIOLATED)
_4793_/SET_B                            1.50    2.42   -0.92 (VIOLATED)
_4812_/RESET_B                          1.50    2.42   -0.92 (VIOLATED)
_4746_/RESET_B                          1.50    2.42   -0.92 (VIOLATED)
_4747_/RESET_B                          1.50    2.42   -0.92 (VIOLATED)
_4745_/RESET_B                          1.50    2.42   -0.92 (VIOLATED)
_4744_/RESET_B                          1.50    2.42   -0.92 (VIOLATED)
_4768_/RESET_B                          1.50    2.42   -0.92 (VIOLATED)
_4888_/RESET_B                          1.50    2.42   -0.92 (VIOLATED)
_4893_/RESET_B                          1.50    2.42   -0.92 (VIOLATED)
_4811_/RESET_B                          1.50    2.42   -0.92 (VIOLATED)
_4806_/RESET_B                          1.50    2.42   -0.92 (VIOLATED)
_4814_/RESET_B                          1.50    2.42   -0.92 (VIOLATED)
_4809_/RESET_B                          1.50    2.42   -0.92 (VIOLATED)
_4895_/RESET_B                          1.50    2.42   -0.92 (VIOLATED)
_4885_/RESET_B                          1.50    2.42   -0.92 (VIOLATED)
_4884_/RESET_B                          1.50    2.42   -0.92 (VIOLATED)
_4873_/RESET_B                          1.50    2.42   -0.92 (VIOLATED)
_4808_/RESET_B                          1.50    2.42   -0.92 (VIOLATED)
_4813_/RESET_B                          1.50    2.42   -0.92 (VIOLATED)
_4784_/RESET_B                          1.50    2.42   -0.92 (VIOLATED)
_4789_/RESET_B                          1.50    2.42   -0.92 (VIOLATED)
_4787_/RESET_B                          1.50    2.42   -0.92 (VIOLATED)
_4792_/RESET_B                          1.50    2.42   -0.92 (VIOLATED)
_4872_/RESET_B                          1.50    2.42   -0.92 (VIOLATED)
_4871_/RESET_B                          1.50    2.42   -0.92 (VIOLATED)
_4816_/RESET_B                          1.50    2.42   -0.92 (VIOLATED)
_4552_/RESET_B                          1.50    2.42   -0.92 (VIOLATED)
_4753_/RESET_B                          1.50    2.42   -0.92 (VIOLATED)
_4758_/RESET_B                          1.50    2.42   -0.92 (VIOLATED)
_4760_/RESET_B                          1.50    2.42   -0.92 (VIOLATED)
_4755_/RESET_B                          1.50    2.42   -0.92 (VIOLATED)
_4762_/RESET_B                          1.50    2.42   -0.92 (VIOLATED)
_4757_/RESET_B                          1.50    2.42   -0.92 (VIOLATED)
_4442_/RESET_B                          1.50    2.42   -0.92 (VIOLATED)
_4654_/RESET_B                          1.50    2.42   -0.92 (VIOLATED)
_4657_/RESET_B                          1.50    2.42   -0.92 (VIOLATED)
_4656_/RESET_B                          1.50    2.42   -0.92 (VIOLATED)
_4652_/RESET_B                          1.50    2.42   -0.92 (VIOLATED)
_4653_/RESET_B                          1.50    2.42   -0.92 (VIOLATED)
_4551_/RESET_B                          1.50    2.42   -0.92 (VIOLATED)
_4665_/RESET_B                          1.50    2.42   -0.92 (VIOLATED)
_4346_/RESET_B                          1.50    2.42   -0.92 (VIOLATED)
_4347_/RESET_B                          1.50    2.42   -0.92 (VIOLATED)
_4342_/RESET_B                          1.50    2.42   -0.92 (VIOLATED)
_4343_/RESET_B                          1.50    2.42   -0.92 (VIOLATED)
_4638_/RESET_B                          1.50    2.42   -0.92 (VIOLATED)
_4344_/RESET_B                          1.50    2.42   -0.92 (VIOLATED)
_4670_/RESET_B                          1.50    2.42   -0.92 (VIOLATED)
_4341_/SET_B                            1.50    2.42   -0.92 (VIOLATED)
_4643_/RESET_B                          1.50    2.42   -0.92 (VIOLATED)
_4662_/RESET_B                          1.50    2.42   -0.92 (VIOLATED)
_4750_/RESET_B                          1.50    2.42   -0.92 (VIOLATED)
_4751_/RESET_B                          1.50    2.42   -0.92 (VIOLATED)
_4749_/RESET_B                          1.50    2.42   -0.92 (VIOLATED)
_4748_/RESET_B                          1.50    2.42   -0.92 (VIOLATED)
_4752_/RESET_B                          1.50    2.42   -0.92 (VIOLATED)
_4763_/SET_B                            1.50    2.42   -0.92 (VIOLATED)
_4421_/RESET_B                          1.50    2.42   -0.92 (VIOLATED)
_4769_/SET_B                            1.50    2.42   -0.92 (VIOLATED)
_4635_/RESET_B                          1.50    2.42   -0.92 (VIOLATED)
_4770_/RESET_B                          1.50    2.42   -0.92 (VIOLATED)
_4772_/RESET_B                          1.50    2.42   -0.92 (VIOLATED)
_4771_/RESET_B                          1.50    2.42   -0.92 (VIOLATED)
_4834_/RESET_B                          1.50    2.42   -0.92 (VIOLATED)
_4839_/RESET_B                          1.50    2.42   -0.92 (VIOLATED)
_4640_/RESET_B                          1.50    2.42   -0.92 (VIOLATED)
_4843_/RESET_B                          1.50    2.42   -0.92 (VIOLATED)
_4667_/RESET_B                          1.50    2.41   -0.91 (VIOLATED)
_4664_/RESET_B                          1.50    2.41   -0.91 (VIOLATED)
_4672_/RESET_B                          1.50    2.41   -0.91 (VIOLATED)
_4666_/RESET_B                          1.50    2.41   -0.91 (VIOLATED)
_4841_/SET_B                            1.50    2.41   -0.91 (VIOLATED)
_4669_/RESET_B                          1.50    2.41   -0.91 (VIOLATED)
_4661_/RESET_B                          1.50    2.41   -0.91 (VIOLATED)
_4636_/RESET_B                          1.50    2.41   -0.91 (VIOLATED)
_4337_/SET_B                            1.50    2.41   -0.91 (VIOLATED)
_4641_/RESET_B                          1.50    2.41   -0.91 (VIOLATED)
_4438_/RESET_B                          1.50    2.41   -0.91 (VIOLATED)
_4832_/RESET_B                          1.50    2.41   -0.91 (VIOLATED)
_4837_/RESET_B                          1.50    2.41   -0.91 (VIOLATED)
_4399_/RESET_B                          1.50    2.41   -0.91 (VIOLATED)
_4633_/RESET_B                          1.50    2.41   -0.91 (VIOLATED)
_4497_/RESET_B                          1.50    2.41   -0.91 (VIOLATED)
_4498_/RESET_B                          1.50    2.41   -0.91 (VIOLATED)
_4499_/RESET_B                          1.50    2.41   -0.91 (VIOLATED)
_4645_/RESET_B                          1.50    2.41   -0.91 (VIOLATED)
_4496_/SET_B                            1.50    2.41   -0.91 (VIOLATED)
_4521_/RESET_B                          1.50    2.41   -0.91 (VIOLATED)
_4644_/SET_B                            1.50    2.41   -0.91 (VIOLATED)
_4433_/RESET_B                          1.50    2.41   -0.91 (VIOLATED)
_4637_/RESET_B                          1.50    2.41   -0.91 (VIOLATED)
_4634_/RESET_B                          1.50    2.41   -0.91 (VIOLATED)
_4642_/RESET_B                          1.50    2.41   -0.91 (VIOLATED)
_4639_/RESET_B                          1.50    2.41   -0.91 (VIOLATED)
_4612_/RESET_B                          1.50    2.41   -0.91 (VIOLATED)
_4550_/RESET_B                          1.50    2.41   -0.91 (VIOLATED)
_4339_/RESET_B                          1.50    2.41   -0.91 (VIOLATED)
_4617_/RESET_B                          1.50    2.41   -0.91 (VIOLATED)
_4518_/RESET_B                          1.50    2.41   -0.91 (VIOLATED)
_4513_/RESET_B                          1.50    2.41   -0.91 (VIOLATED)
_4840_/RESET_B                          1.50    2.41   -0.91 (VIOLATED)
_4835_/RESET_B                          1.50    2.41   -0.91 (VIOLATED)
_4609_/RESET_B                          1.50    2.41   -0.91 (VIOLATED)
_4611_/RESET_B                          1.50    2.41   -0.91 (VIOLATED)
_4616_/RESET_B                          1.50    2.41   -0.91 (VIOLATED)
_4340_/RESET_B                          1.50    2.41   -0.91 (VIOLATED)
_4619_/RESET_B                          1.50    2.41   -0.91 (VIOLATED)
_4615_/RESET_B                          1.50    2.41   -0.91 (VIOLATED)
_4610_/RESET_B                          1.50    2.41   -0.91 (VIOLATED)
_4822_/RESET_B                          1.50    2.41   -0.91 (VIOLATED)
_4823_/RESET_B                          1.50    2.41   -0.91 (VIOLATED)
_4826_/RESET_B                          1.50    2.41   -0.91 (VIOLATED)
_4827_/RESET_B                          1.50    2.41   -0.91 (VIOLATED)
_4547_/RESET_B                          1.50    2.41   -0.91 (VIOLATED)
_4824_/RESET_B                          1.50    2.41   -0.91 (VIOLATED)
_4825_/RESET_B                          1.50    2.41   -0.91 (VIOLATED)
_4338_/RESET_B                          1.50    2.41   -0.91 (VIOLATED)
_4828_/RESET_B                          1.50    2.41   -0.91 (VIOLATED)
_4568_/RESET_B                          1.50    2.41   -0.91 (VIOLATED)
_4830_/RESET_B                          1.50    2.41   -0.91 (VIOLATED)
_4829_/RESET_B                          1.50    2.41   -0.91 (VIOLATED)
_4569_/RESET_B                          1.50    2.41   -0.91 (VIOLATED)
_4546_/RESET_B                          1.50    2.41   -0.91 (VIOLATED)
_4549_/SET_B                            1.50    2.41   -0.91 (VIOLATED)
_4815_/SET_B                            1.50    2.41   -0.91 (VIOLATED)
_4563_/RESET_B                          1.50    2.41   -0.91 (VIOLATED)
_4507_/RESET_B                          1.50    2.41   -0.91 (VIOLATED)
_4562_/RESET_B                          1.50    2.41   -0.91 (VIOLATED)
_4567_/RESET_B                          1.50    2.41   -0.91 (VIOLATED)
_4545_/RESET_B                          1.50    2.41   -0.91 (VIOLATED)
_4782_/RESET_B                          1.50    2.41   -0.91 (VIOLATED)
_4465_/RESET_B                          1.50    2.41   -0.91 (VIOLATED)
_4468_/RESET_B                          1.50    2.41   -0.91 (VIOLATED)
_4508_/RESET_B                          1.50    2.41   -0.91 (VIOLATED)
_4778_/RESET_B                          1.50    2.41   -0.91 (VIOLATED)
_4779_/RESET_B                          1.50    2.41   -0.91 (VIOLATED)
_4781_/RESET_B                          1.50    2.41   -0.91 (VIOLATED)
_4780_/RESET_B                          1.50    2.41   -0.91 (VIOLATED)
_4481_/RESET_B                          1.50    2.41   -0.91 (VIOLATED)
_4364_/RESET_B                          1.50    2.41   -0.91 (VIOLATED)
_4490_/RESET_B                          1.50    2.41   -0.91 (VIOLATED)
_4486_/RESET_B                          1.50    2.41   -0.91 (VIOLATED)
_4485_/RESET_B                          1.50    2.41   -0.91 (VIOLATED)
_4505_/RESET_B                          1.50    2.41   -0.91 (VIOLATED)
_4506_/RESET_B                          1.50    2.41   -0.91 (VIOLATED)
_4480_/RESET_B                          1.50    2.41   -0.91 (VIOLATED)
_4482_/RESET_B                          1.50    2.41   -0.91 (VIOLATED)
_4487_/RESET_B                          1.50    2.41   -0.91 (VIOLATED)
_4804_/RESET_B                          1.50    2.41   -0.91 (VIOLATED)
_4515_/RESET_B                          1.50    2.41   -0.91 (VIOLATED)
_4520_/RESET_B                          1.50    2.41   -0.91 (VIOLATED)
_4510_/RESET_B                          1.50    2.41   -0.91 (VIOLATED)
_4504_/RESET_B                          1.50    2.41   -0.91 (VIOLATED)
_4511_/RESET_B                          1.50    2.41   -0.91 (VIOLATED)
_4516_/RESET_B                          1.50    2.41   -0.91 (VIOLATED)
_4774_/RESET_B                          1.50    2.41   -0.91 (VIOLATED)
_4777_/RESET_B                          1.50    2.41   -0.91 (VIOLATED)
_4775_/RESET_B                          1.50    2.41   -0.91 (VIOLATED)
_4776_/RESET_B                          1.50    2.41   -0.91 (VIOLATED)
_4514_/RESET_B                          1.50    2.41   -0.91 (VIOLATED)
_4509_/RESET_B                          1.50    2.41   -0.91 (VIOLATED)
_4439_/RESET_B                          1.50    2.41   -0.91 (VIOLATED)
_4434_/RESET_B                          1.50    2.41   -0.91 (VIOLATED)
_4437_/RESET_B                          1.50    2.41   -0.91 (VIOLATED)
_4432_/RESET_B                          1.50    2.41   -0.91 (VIOLATED)
_4435_/RESET_B                          1.50    2.41   -0.91 (VIOLATED)
_4436_/RESET_B                          1.50    2.41   -0.91 (VIOLATED)
_4431_/RESET_B                          1.50    2.41   -0.91 (VIOLATED)
_4440_/RESET_B                          1.50    2.41   -0.91 (VIOLATED)
_4695_/RESET_B                          1.50    2.41   -0.91 (VIOLATED)
_4544_/SET_B                            1.50    2.41   -0.91 (VIOLATED)
_4517_/RESET_B                          1.50    2.41   -0.91 (VIOLATED)
_4441_/SET_B                            1.50    2.41   -0.91 (VIOLATED)
_4720_/RESET_B                          1.50    2.41   -0.91 (VIOLATED)
_4519_/SET_B                            1.50    2.41   -0.91 (VIOLATED)
_4800_/RESET_B                          1.50    2.41   -0.91 (VIOLATED)
_4801_/RESET_B                          1.50    2.41   -0.91 (VIOLATED)
_4512_/RESET_B                          1.50    2.41   -0.91 (VIOLATED)
_4803_/RESET_B                          1.50    2.41   -0.91 (VIOLATED)
_4500_/RESET_B                          1.50    2.41   -0.91 (VIOLATED)
_4503_/RESET_B                          1.50    2.41   -0.91 (VIOLATED)
_4721_/RESET_B                          1.50    2.41   -0.91 (VIOLATED)
_4595_/SET_B                            1.50    2.41   -0.91 (VIOLATED)
_4489_/SET_B                            1.50    2.41   -0.91 (VIOLATED)
_4773_/RESET_B                          1.50    2.41   -0.91 (VIOLATED)
_4798_/RESET_B                          1.50    2.41   -0.91 (VIOLATED)
_4717_/SET_B                            1.50    2.41   -0.91 (VIOLATED)
_4631_/RESET_B                          1.50    2.41   -0.91 (VIOLATED)
_4632_/RESET_B                          1.50    2.41   -0.91 (VIOLATED)
_4625_/RESET_B                          1.50    2.41   -0.91 (VIOLATED)
_4626_/RESET_B                          1.50    2.41   -0.91 (VIOLATED)
_4629_/RESET_B                          1.50    2.41   -0.91 (VIOLATED)
_4630_/RESET_B                          1.50    2.41   -0.91 (VIOLATED)
_4627_/RESET_B                          1.50    2.41   -0.91 (VIOLATED)
_4628_/RESET_B                          1.50    2.41   -0.91 (VIOLATED)
_4708_/RESET_B                          1.50    2.41   -0.91 (VIOLATED)
_4713_/RESET_B                          1.50    2.41   -0.91 (VIOLATED)
_4706_/RESET_B                          1.50    2.41   -0.91 (VIOLATED)
_4711_/RESET_B                          1.50    2.41   -0.91 (VIOLATED)
_4709_/RESET_B                          1.50    2.41   -0.91 (VIOLATED)
_4714_/RESET_B                          1.50    2.41   -0.91 (VIOLATED)
_4712_/RESET_B                          1.50    2.41   -0.91 (VIOLATED)
_4716_/RESET_B                          1.50    2.41   -0.91 (VIOLATED)
_4703_/RESET_B                          1.50    2.41   -0.91 (VIOLATED)
_4704_/RESET_B                          1.50    2.41   -0.91 (VIOLATED)
_4707_/RESET_B                          1.50    2.41   -0.91 (VIOLATED)
_4710_/RESET_B                          1.50    2.41   -0.91 (VIOLATED)
_4705_/RESET_B                          1.50    2.41   -0.91 (VIOLATED)
_4330_/RESET_B                          1.50    2.41   -0.91 (VIOLATED)
_4369_/RESET_B                          1.50    2.41   -0.91 (VIOLATED)
_4368_/RESET_B                          1.50    2.41   -0.91 (VIOLATED)
_4702_/RESET_B                          1.50    2.41   -0.91 (VIOLATED)
_4367_/RESET_B                          1.50    2.41   -0.91 (VIOLATED)
_4696_/RESET_B                          1.50    2.41   -0.91 (VIOLATED)
_4701_/RESET_B                          1.50    2.41   -0.91 (VIOLATED)
_4700_/RESET_B                          1.50    2.41   -0.91 (VIOLATED)
_4564_/RESET_B                          1.50    2.41   -0.91 (VIOLATED)
_4699_/RESET_B                          1.50    2.41   -0.91 (VIOLATED)
_4571_/RESET_B                          1.50    2.41   -0.91 (VIOLATED)
_4566_/RESET_B                          1.50    2.41   -0.91 (VIOLATED)
_4697_/RESET_B                          1.50    2.41   -0.91 (VIOLATED)
_4698_/RESET_B                          1.50    2.41   -0.91 (VIOLATED)
_4572_/SET_B                            1.50    2.41   -0.91 (VIOLATED)
_4443_/SET_B                            1.50    2.41   -0.91 (VIOLATED)
_4650_/RESET_B                          1.50    2.41   -0.91 (VIOLATED)
_4715_/SET_B                            1.50    2.41   -0.91 (VIOLATED)
_4469_/RESET_B                          1.50    2.41   -0.91 (VIOLATED)
_4329_/SET_B                            1.50    2.41   -0.91 (VIOLATED)
_4331_/RESET_B                          1.50    2.41   -0.91 (VIOLATED)
_4332_/RESET_B                          1.50    2.41   -0.91 (VIOLATED)
_4599_/RESET_B                          1.50    2.41   -0.91 (VIOLATED)
_4600_/RESET_B                          1.50    2.41   -0.91 (VIOLATED)
_4603_/RESET_B                          1.50    2.41   -0.91 (VIOLATED)
_4602_/RESET_B                          1.50    2.41   -0.91 (VIOLATED)
_4719_/RESET_B                          1.50    2.41   -0.91 (VIOLATED)
_4446_/RESET_B                          1.50    2.41   -0.91 (VIOLATED)
_4606_/RESET_B                          1.50    2.41   -0.91 (VIOLATED)
_4607_/RESET_B                          1.50    2.41   -0.91 (VIOLATED)
_4445_/RESET_B                          1.50    2.41   -0.91 (VIOLATED)
_4444_/RESET_B                          1.50    2.41   -0.91 (VIOLATED)
_4601_/RESET_B                          1.50    2.41   -0.91 (VIOLATED)
_4604_/RESET_B                          1.50    2.41   -0.91 (VIOLATED)
_4452_/RESET_B                          1.50    2.41   -0.91 (VIOLATED)
_4605_/RESET_B                          1.50    2.41   -0.91 (VIOLATED)
_4456_/RESET_B                          1.50    2.41   -0.91 (VIOLATED)
_4454_/RESET_B                          1.50    2.41   -0.91 (VIOLATED)
_4455_/RESET_B                          1.50    2.41   -0.91 (VIOLATED)
_4647_/RESET_B                          1.50    2.41   -0.91 (VIOLATED)
_4560_/RESET_B                          1.50    2.41   -0.91 (VIOLATED)
_4718_/RESET_B                          1.50    2.41   -0.91 (VIOLATED)
_4561_/RESET_B                          1.50    2.41   -0.91 (VIOLATED)
_4424_/RESET_B                          1.50    2.41   -0.91 (VIOLATED)
_4425_/RESET_B                          1.50    2.41   -0.91 (VIOLATED)
_4557_/RESET_B                          1.50    2.41   -0.91 (VIOLATED)
_4796_/RESET_B                          1.50    2.41   -0.91 (VIOLATED)
_4573_/RESET_B                          1.50    2.41   -0.91 (VIOLATED)
_4460_/RESET_B                          1.50    2.41   -0.91 (VIOLATED)
_4570_/RESET_B                          1.50    2.41   -0.91 (VIOLATED)
_4565_/RESET_B                          1.50    2.41   -0.91 (VIOLATED)
_4797_/RESET_B                          1.50    2.41   -0.91 (VIOLATED)
_4466_/RESET_B                          1.50    2.41   -0.91 (VIOLATED)
_4461_/RESET_B                          1.50    2.41   -0.91 (VIOLATED)
_4648_/RESET_B                          1.50    2.41   -0.91 (VIOLATED)
_4649_/RESET_B                          1.50    2.41   -0.91 (VIOLATED)
_4743_/RESET_B                          1.50    2.41   -0.91 (VIOLATED)
_4646_/SET_B                            1.50    2.41   -0.91 (VIOLATED)
_4556_/RESET_B                          1.50    2.41   -0.91 (VIOLATED)
_4802_/RESET_B                          1.50    2.41   -0.91 (VIOLATED)
_4478_/RESET_B                          1.50    2.41   -0.91 (VIOLATED)
_4477_/RESET_B                          1.50    2.41   -0.91 (VIOLATED)
_4459_/RESET_B                          1.50    2.41   -0.91 (VIOLATED)
_4464_/RESET_B                          1.50    2.41   -0.91 (VIOLATED)
_4463_/RESET_B                          1.50    2.41   -0.91 (VIOLATED)
_4458_/RESET_B                          1.50    2.41   -0.91 (VIOLATED)
_4462_/RESET_B                          1.50    2.41   -0.91 (VIOLATED)
_4457_/RESET_B                          1.50    2.41   -0.91 (VIOLATED)
_4467_/SET_B                            1.50    2.41   -0.91 (VIOLATED)
_4479_/RESET_B                          1.50    2.41   -0.91 (VIOLATED)
_4483_/RESET_B                          1.50    2.41   -0.91 (VIOLATED)
_4484_/RESET_B                          1.50    2.41   -0.91 (VIOLATED)
_4488_/RESET_B                          1.50    2.41   -0.91 (VIOLATED)
_4598_/RESET_B                          1.50    2.41   -0.91 (VIOLATED)
_4597_/RESET_B                          1.50    2.41   -0.91 (VIOLATED)
_4596_/RESET_B                          1.50    2.41   -0.91 (VIOLATED)
_4501_/RESET_B                          1.50    2.41   -0.91 (VIOLATED)
_4502_/RESET_B                          1.50    2.41   -0.91 (VIOLATED)
_4799_/RESET_B                          1.50    2.41   -0.91 (VIOLATED)
_4470_/RESET_B                          1.50    2.41   -0.91 (VIOLATED)
_4476_/RESET_B                          1.50    2.41   -0.91 (VIOLATED)
_4345_/RESET_B                          1.50    2.41   -0.91 (VIOLATED)
_4450_/RESET_B                          1.50    2.41   -0.91 (VIOLATED)
_4451_/RESET_B                          1.50    2.41   -0.91 (VIOLATED)
_4453_/RESET_B                          1.50    2.41   -0.91 (VIOLATED)
_4448_/RESET_B                          1.50    2.41   -0.91 (VIOLATED)
_4449_/RESET_B                          1.50    2.41   -0.91 (VIOLATED)
_4430_/RESET_B                          1.50    2.41   -0.91 (VIOLATED)
_4558_/RESET_B                          1.50    2.41   -0.91 (VIOLATED)
_4559_/RESET_B                          1.50    2.41   -0.91 (VIOLATED)
_4555_/RESET_B                          1.50    2.41   -0.91 (VIOLATED)
_4554_/RESET_B                          1.50    2.41   -0.91 (VIOLATED)
_4553_/RESET_B                          1.50    2.41   -0.91 (VIOLATED)
_4475_/RESET_B                          1.50    2.41   -0.91 (VIOLATED)
_4474_/RESET_B                          1.50    2.41   -0.91 (VIOLATED)
_4473_/RESET_B                          1.50    2.41   -0.91 (VIOLATED)
_4429_/RESET_B                          1.50    2.41   -0.91 (VIOLATED)
_4471_/RESET_B                          1.50    2.41   -0.91 (VIOLATED)
_4472_/RESET_B                          1.50    2.41   -0.91 (VIOLATED)
_4428_/RESET_B                          1.50    2.41   -0.91 (VIOLATED)
_4427_/RESET_B                          1.50    2.41   -0.91 (VIOLATED)
_4426_/RESET_B                          1.50    2.41   -0.91 (VIOLATED)
_4423_/RESET_B                          1.50    2.41   -0.91 (VIOLATED)
_4422_/RESET_B                          1.50    2.41   -0.91 (VIOLATED)
rst_buf/X                               1.51    2.41   -0.90 (VIOLATED)

max capacitance

Pin                                    Limit     Cap   Slack
------------------------------------------------------------
rst_buf/X                               1.53    2.45   -0.92 (VIOLATED)


max slew violations count Typical: 570
max fanout violations count Typical: 0
max cap violations count Typical: 1

===========================================================================
report_parasitic_annotation -report_unannotated
============================================================================
Found 194 unannotated drivers.
 arbitration_id[0]
 arbitration_id[10]
 arbitration_id[11]
 arbitration_id[12]
 arbitration_id[13]
 arbitration_id[14]
 arbitration_id[15]
 arbitration_id[16]
 arbitration_id[17]
 arbitration_id[18]
 arbitration_id[19]
 arbitration_id[1]
 arbitration_id[20]
 arbitration_id[21]
 arbitration_id[22]
 arbitration_id[23]
 arbitration_id[24]
 arbitration_id[25]
 arbitration_id[26]
 arbitration_id[27]
 arbitration_id[28]
 arbitration_id[29]
 arbitration_id[2]
 arbitration_id[30]
 arbitration_id[31]
 arbitration_id[32]
 arbitration_id[33]
 arbitration_id[34]
 arbitration_id[35]
 arbitration_id[36]
 arbitration_id[37]
 arbitration_id[38]
 arbitration_id[39]
 arbitration_id[3]
 arbitration_id[40]
 arbitration_id[41]
 arbitration_id[42]
 arbitration_id[43]
 arbitration_id[44]
 arbitration_id[45]
 arbitration_id[46]
 arbitration_id[47]
 arbitration_id[48]
 arbitration_id[49]
 arbitration_id[4]
 arbitration_id[50]
 arbitration_id[51]
 arbitration_id[52]
 arbitration_id[53]
 arbitration_id[54]
 arbitration_id[55]
 arbitration_id[56]
 arbitration_id[57]
 arbitration_id[58]
 arbitration_id[59]
 arbitration_id[5]
 arbitration_id[60]
 arbitration_id[61]
 arbitration_id[62]
 arbitration_id[63]
 arbitration_id[6]
 arbitration_id[7]
 arbitration_id[8]
 arbitration_id[9]
 clk
 data_field[0]
 data_field[10]
 data_field[11]
 data_field[12]
 data_field[13]
 data_field[14]
 data_field[15]
 data_field[16]
 data_field[17]
 data_field[18]
 data_field[19]
 data_field[1]
 data_field[20]
 data_field[21]
 data_field[22]
 data_field[23]
 data_field[24]
 data_field[25]
 data_field[26]
 data_field[27]
 data_field[28]
 data_field[29]
 data_field[2]
 data_field[30]
 data_field[31]
 data_field[32]
 data_field[33]
 data_field[34]
 data_field[35]
 data_field[36]
 data_field[37]
 data_field[38]
 data_field[39]
 data_field[3]
 data_field[40]
 data_field[41]
 data_field[42]
 data_field[43]
 data_field[44]
 data_field[45]
 data_field[46]
 data_field[47]
 data_field[48]
 data_field[49]
 data_field[4]
 data_field[50]
 data_field[51]
 data_field[52]
 data_field[53]
 data_field[54]
 data_field[55]
 data_field[56]
 data_field[57]
 data_field[58]
 data_field[59]
 data_field[5]
 data_field[60]
 data_field[61]
 data_field[62]
 data_field[63]
 data_field[6]
 data_field[7]
 data_field[8]
 data_field[9]
 timestamp[0]
 timestamp[10]
 timestamp[11]
 timestamp[12]
 timestamp[13]
 timestamp[14]
 timestamp[15]
 timestamp[16]
 timestamp[17]
 timestamp[18]
 timestamp[19]
 timestamp[1]
 timestamp[20]
 timestamp[21]
 timestamp[22]
 timestamp[23]
 timestamp[24]
 timestamp[25]
 timestamp[26]
 timestamp[27]
 timestamp[28]
 timestamp[29]
 timestamp[2]
 timestamp[30]
 timestamp[31]
 timestamp[32]
 timestamp[33]
 timestamp[34]
 timestamp[35]
 timestamp[36]
 timestamp[37]
 timestamp[38]
 timestamp[39]
 timestamp[3]
 timestamp[40]
 timestamp[41]
 timestamp[42]
 timestamp[43]
 timestamp[44]
 timestamp[45]
 timestamp[46]
 timestamp[47]
 timestamp[48]
 timestamp[49]
 timestamp[4]
 timestamp[50]
 timestamp[51]
 timestamp[52]
 timestamp[53]
 timestamp[54]
 timestamp[55]
 timestamp[56]
 timestamp[57]
 timestamp[58]
 timestamp[59]
 timestamp[5]
 timestamp[60]
 timestamp[61]
 timestamp[62]
 timestamp[63]
 timestamp[6]
 timestamp[7]
 timestamp[8]
 timestamp[9]
 _4898_/HI
Found 0 partially unannotated drivers.

===========================================================================
max slew violation count 570
max fanout violation count 0
max cap violation count 1
============================================================================

===========================================================================
check_setup -verbose -unconstrained_endpoints -multiple_clock -no_clock -no_input_delay -loops -generated_clocks
===========================================================================
Warning: There is 1 unconstrained endpoint.
  prediction_out
