
===========================================================================
 report_power
============================================================================
======================= Fastest Corner ===================================

Group                  Internal  Switching    Leakage      Total
                          Power      Power      Power      Power (Watts)
----------------------------------------------------------------
Sequential             2.83e-03   1.20e-04   4.99e-07   2.95e-03  50.4%
Combinational          2.26e-04   4.08e-04   7.35e-09   6.34e-04  10.8%
Clock                  1.01e-03   1.26e-03   9.18e-09   2.27e-03  38.8%
Macro                  0.00e+00   0.00e+00   0.00e+00   0.00e+00   0.0%
Pad                    0.00e+00   0.00e+00   0.00e+00   0.00e+00   0.0%
----------------------------------------------------------------
Total                  4.07e-03   1.79e-03   5.16e-07   5.86e-03 100.0%
                          69.5%      30.5%       0.0%

======================= Slowest Corner ===================================

Group                  Internal  Switching    Leakage      Total
                          Power      Power      Power      Power (Watts)
----------------------------------------------------------------
Sequential             1.86e-03   8.00e-05   1.05e-05   1.96e-03  49.4%
Combinational          1.71e-04   2.72e-04   1.01e-05   4.53e-04  11.4%
Clock                  7.28e-04   8.23e-04   1.22e-06   1.55e-03  39.2%
Macro                  0.00e+00   0.00e+00   0.00e+00   0.00e+00   0.0%
Pad                    0.00e+00   0.00e+00   0.00e+00   0.00e+00   0.0%
----------------------------------------------------------------
Total                  2.76e-03   1.17e-03   2.18e-05   3.96e-03 100.0%
                          69.8%      29.7%       0.5%

======================= Typical Corner ===================================

Group                  Internal  Switching    Leakage      Total
                          Power      Power      Power      Power (Watts)
----------------------------------------------------------------
Sequential             2.43e-03   1.02e-04   4.98e-07   2.54e-03  50.4%
Combinational          2.09e-04   3.47e-04   6.00e-09   5.56e-04  11.0%
Clock                  8.86e-04   1.06e-03   6.59e-09   1.95e-03  38.6%
Macro                  0.00e+00   0.00e+00   0.00e+00   0.00e+00   0.0%
Pad                    0.00e+00   0.00e+00   0.00e+00   0.00e+00   0.0%
----------------------------------------------------------------
Total                  3.53e-03   1.51e-03   5.10e-07   5.04e-03 100.0%
                          70.1%      29.9%       0.0%

