%Warning-EOFNEWLINE: /openlane/designs/Random_forest_top_ver3/src/tree_rom_0.v:416:10: Missing newline at end of file (POSIX 3.206).
                                                                                     : ... Suggest add newline.
  416 | endmodule
      |          ^
                     ... For warning description see https://verilator.org/warn/EOFNEWLINE?v=5.018
                     ... Use "/* verilator lint_off EOFNEWLINE */" and lint_on around source to disable this message.
%Warning-WIDTHEXPAND: /openlane/designs/Random_forest_top_ver3/src/Random_forest_top_ver3.v:849:18: Operator LT expects 32 bits on the LHS, but LHS's VARREF 'addr' generates 9 bits.
                                                                                                  : ... note: In instance 'Random_forest_top_ver3.tree_instances[20].u_tree.u_tree_weight_rom'
  849 |         if (addr < get_tree_depth(TREE_INDEX)) begin
      |                  ^
%Warning-WIDTHTRUNC: /openlane/designs/Random_forest_top_ver3/src/Random_forest_top_ver3.v:319:32: Operator ASSIGN expects 9 bits on the Assign RHS, but Assign RHS's AND generates 32 or 12 bits.
                                                                                                 : ... note: In instance 'Random_forest_top_ver3.tree_instances[20].u_tree'
  319 |                 get_child_addr = valid_data[LEFT_CHILD_MSB:LEFT_CHILD_LSB] & ((1 << ADDR_WIDTH) - 1);
      |                                ^
%Warning-WIDTHTRUNC: /openlane/designs/Random_forest_top_ver3/src/Random_forest_top_ver3.v:325:32: Operator ASSIGN expects 9 bits on the Assign RHS, but Assign RHS's AND generates 32 or 12 bits.
                                                                                                 : ... note: In instance 'Random_forest_top_ver3.tree_instances[20].u_tree'
  325 |                 get_child_addr = valid_data[RIGHT_CHILD_MSB:RIGHT_CHILD_LSB] & ((1 << ADDR_WIDTH) - 1);
      |                                ^
%Warning-UNUSEDSIGNAL: /openlane/designs/Random_forest_top_ver3/src/Random_forest_top_ver3.v:275:26: Bits of signal are not used: 'valid_data'[90:0]
                                                                                                   : ... note: In instance 'Random_forest_top_ver3.tree_instances[20].u_tree'
  275 |     reg [NODE_WIDTH-1:0] valid_data;
      |                          ^~~~~~~~~~
%Warning-UNUSEDSIGNAL: /openlane/designs/Random_forest_top_ver3/src/Random_forest_top_ver3.v:288:26: Bits of signal are not used: 'valid_data'[94:91,26:0]
                                                                                                   : ... note: In instance 'Random_forest_top_ver3.tree_instances[20].u_tree'
  288 |     reg [NODE_WIDTH-1:0] valid_data;
      |                          ^~~~~~~~~~
%Warning-UNUSEDSIGNAL: /openlane/designs/Random_forest_top_ver3/src/Random_forest_top_ver3.v:301:26: Signal is not used: 'valid_data'
                                                                                                   : ... note: In instance 'Random_forest_top_ver3.tree_instances[20].u_tree'
  301 |     reg [NODE_WIDTH-1:0] valid_data;
      |                          ^~~~~~~~~~
%Warning-UNUSEDSIGNAL: /openlane/designs/Random_forest_top_ver3/src/Random_forest_top_ver3.v:314:28: Bits of signal are not used: 'valid_data'[94:27,2:0]
                                                                                                   : ... note: In instance 'Random_forest_top_ver3.tree_instances[20].u_tree'
  314 |     input [NODE_WIDTH-1:0] valid_data;
      |                            ^~~~~~~~~~
%Warning-UNUSEDSIGNAL: /openlane/designs/Random_forest_top_ver3/src/Random_forest_top_ver3.v:412:22: Signal is not used: 'left_child_addr'
                                                                                                   : ... note: In instance 'Random_forest_top_ver3.tree_instances[20].u_tree'
  412 | reg [ADDR_WIDTH-1:0] left_child_addr;
      |                      ^~~~~~~~~~~~~~~
%Warning-UNUSEDSIGNAL: /openlane/designs/Random_forest_top_ver3/src/Random_forest_top_ver3.v:413:22: Signal is not used: 'right_child_addr'
                                                                                                   : ... note: In instance 'Random_forest_top_ver3.tree_instances[20].u_tree'
  413 | reg [ADDR_WIDTH-1:0] right_child_addr;
      |                      ^~~~~~~~~~~~~~~~
%Warning-UNUSEDSIGNAL: /openlane/designs/Random_forest_top_ver3/src/tree_rom_0.v:17:9: Signal is not driven, nor used: 'i'
                                                                                     : ... note: In instance 'Random_forest_top_ver3.tree_instances[20].u_tree.u_tree_weight_rom.gen_tree_0.u_tree_rom'
   17 | integer i;
      |         ^
%Warning-SELRANGE: /openlane/designs/Random_forest_top_ver3/src/Random_forest_top_ver3.v:305:40: Selection index out of range: 130:127 outside 94:0
                                                                                               : ... note: In instance 'Random_forest_top_ver3.tree_instances[20].u_tree'
  305 |             get_prediction = valid_data[PREDICTION_MSB:PREDICTION_LSB];
      |                                        ^
%Warning-BLKSEQ: /openlane/designs/Random_forest_top_ver3/src/Random_forest_top_ver3.v:277:20: Blocking assignment '=' in sequential logic process
                                                                                             : ... Suggest using delayed assignment '<='
  277 |         valid_data = validate_node_data(data);
      |                    ^
%Warning-BLKSEQ: /openlane/designs/Random_forest_top_ver3/src/Random_forest_top_ver3.v:303:20: Blocking assignment '=' in sequential logic process
                                                                                             : ... Suggest using delayed assignment '<='
  303 |         valid_data = validate_node_data(data);
      |                    ^
%Warning-BLKSEQ: /openlane/designs/Random_forest_top_ver3/src/Random_forest_top_ver3.v:290:20: Blocking assignment '=' in sequential logic process
                                                                                             : ... Suggest using delayed assignment '<='
  290 |         valid_data = validate_node_data(data);
      |                    ^
