
===========================================================================
report_checks -unconstrained
===========================================================================
======================= Typical Corner ===================================

Startpoint: rst_n (input port clocked by clk)
Endpoint: _4693_ (recovery check against rising-edge clock clk)
Path Group: asynchronous
Path Type: max

Fanout     Cap    Slew   Delay    Time   Description
-----------------------------------------------------------------------------
                          0.00    0.00   clock clk (rise edge)
                          0.00    0.00   clock network delay (propagated)
                          1.00    1.00 ^ input external delay
     1    0.01    0.11    0.07    1.07 ^ rst_n (in)
                                         rst_n (net)
                  0.11    0.00    1.07 ^ rst_buf/A (sky130_fd_sc_hd__clkbuf_16)
   105    0.47    0.47    0.43    1.51 ^ rst_buf/X (sky130_fd_sc_hd__clkbuf_16)
                                         tree_instances[0].u_tree.rst_n (net)
                  0.47    0.01    1.52 ^ load_slew13/A (sky130_fd_sc_hd__clkbuf_16)
    93    0.41    0.42    0.50    2.01 ^ load_slew13/X (sky130_fd_sc_hd__clkbuf_16)
                                         net13 (net)
                  0.42    0.03    2.04 ^ load_slew11/A (sky130_fd_sc_hd__clkbuf_16)
   105    0.46    0.46    0.50    2.54 ^ load_slew11/X (sky130_fd_sc_hd__clkbuf_16)
                                         net11 (net)
                  0.47    0.06    2.60 ^ _4693_/SET_B (sky130_fd_sc_hd__dfstp_1)
                                  2.60   data arrival time

                         10.00   10.00   clock clk (rise edge)
                          0.00   10.00   clock source latency
     1    0.01    0.15    0.10   10.10 ^ clk (in)
                                         clk (net)
                  0.15    0.00   10.10 ^ wire1/A (sky130_fd_sc_hd__clkbuf_2)
     1    0.02    0.10    0.18   10.27 ^ wire1/X (sky130_fd_sc_hd__clkbuf_2)
                                         net15 (net)
                  0.10    0.00   10.27 ^ clkbuf_0_clk/A (sky130_fd_sc_hd__clkbuf_16)
     8    0.10    0.12    0.21   10.48 ^ clkbuf_0_clk/X (sky130_fd_sc_hd__clkbuf_16)
                                         clknet_0_clk (net)
                  0.12    0.00   10.48 ^ clkbuf_3_2__f_clk/A (sky130_fd_sc_hd__clkbuf_16)
    10    0.05    0.07    0.17   10.65 ^ clkbuf_3_2__f_clk/X (sky130_fd_sc_hd__clkbuf_16)
                                         clknet_3_2__leaf_clk (net)
                  0.07    0.00   10.65 ^ clkbuf_leaf_15_clk/A (sky130_fd_sc_hd__clkbuf_4)
     6    0.03    0.09    0.18   10.83 ^ clkbuf_leaf_15_clk/X (sky130_fd_sc_hd__clkbuf_4)
                                         clknet_leaf_15_clk (net)
                  0.09    0.00   10.83 ^ _4693_/CLK (sky130_fd_sc_hd__dfstp_1)
                          0.00   10.83   clock reconvergence pessimism
                          0.11   10.94   library recovery time
                                 10.94   data required time
-----------------------------------------------------------------------------
                                 10.94   data required time
                                 -2.60   data arrival time
-----------------------------------------------------------------------------
                                  8.34   slack (MET)


Startpoint: _4467_ (rising edge-triggered flip-flop clocked by clk)
Endpoint: ready_for_next (output port clocked by clk)
Path Group: clk
Path Type: max

Fanout     Cap    Slew   Delay    Time   Description
-----------------------------------------------------------------------------
                          0.00    0.00   clock clk (rise edge)
                          0.00    0.00   clock source latency
     1    0.01    0.15    0.10    0.10 ^ clk (in)
                                         clk (net)
                  0.15    0.00    0.10 ^ wire1/A (sky130_fd_sc_hd__clkbuf_2)
     1    0.02    0.10    0.18    0.27 ^ wire1/X (sky130_fd_sc_hd__clkbuf_2)
                                         net15 (net)
                  0.10    0.00    0.27 ^ clkbuf_0_clk/A (sky130_fd_sc_hd__clkbuf_16)
     8    0.10    0.12    0.21    0.48 ^ clkbuf_0_clk/X (sky130_fd_sc_hd__clkbuf_16)
                                         clknet_0_clk (net)
                  0.12    0.00    0.48 ^ clkbuf_3_1__f_clk/A (sky130_fd_sc_hd__clkbuf_16)
    10    0.04    0.07    0.17    0.65 ^ clkbuf_3_1__f_clk/X (sky130_fd_sc_hd__clkbuf_16)
                                         clknet_3_1__leaf_clk (net)
                  0.07    0.00    0.65 ^ clkbuf_leaf_63_clk/A (sky130_fd_sc_hd__clkbuf_4)
    14    0.03    0.11    0.19    0.85 ^ clkbuf_leaf_63_clk/X (sky130_fd_sc_hd__clkbuf_4)
                                         clknet_leaf_63_clk (net)
                  0.11    0.00    0.85 ^ _4467_/CLK (sky130_fd_sc_hd__dfstp_1)
     2    0.01    0.09    0.56    1.40 ^ _4467_/Q (sky130_fd_sc_hd__dfstp_1)
                                         tree_instances[3].u_tree.ready_for_next (net)
                  0.09    0.00    1.40 ^ _2164_/A (sky130_fd_sc_hd__and4_1)
     1    0.02    0.16    0.27    1.67 ^ _2164_/X (sky130_fd_sc_hd__and4_1)
                                         _1548_ (net)
                  0.16    0.00    1.67 ^ _2165_/C (sky130_fd_sc_hd__and3_1)
     2    0.01    0.09    0.20    1.87 ^ _2165_/X (sky130_fd_sc_hd__and3_1)
                                         _1549_ (net)
                  0.09    0.00    1.88 ^ _2171_/A (sky130_fd_sc_hd__and3_1)
     1    0.00    0.05    0.14    2.02 ^ _2171_/X (sky130_fd_sc_hd__and3_1)
                                         _1555_ (net)
                  0.05    0.00    2.02 ^ _2172_/A (sky130_fd_sc_hd__clkbuf_2)
     2    0.02    0.14    0.17    2.19 ^ _2172_/X (sky130_fd_sc_hd__clkbuf_2)
                                         net8 (net)
                  0.14    0.00    2.19 ^ output8/A (sky130_fd_sc_hd__buf_8)
     1    0.10    0.17    0.21    2.40 ^ output8/X (sky130_fd_sc_hd__buf_8)
                                         ready_for_next (net)
                  0.17    0.00    2.40 ^ ready_for_next (out)
                                  2.40   data arrival time

                         10.00   10.00   clock clk (rise edge)
                          0.00   10.00   clock network delay (propagated)
                          0.00   10.00   clock reconvergence pessimism
                         -1.00    9.00   output external delay
                                  9.00   data required time
-----------------------------------------------------------------------------
                                  9.00   data required time
                                 -2.40   data arrival time
-----------------------------------------------------------------------------
                                  6.60   slack (MET)




===========================================================================
report_checks --slack_max -0.01
============================================================================
======================= Typical Corner ===================================

No paths found.


===========================================================================
 report_check_types -max_slew -max_cap -max_fanout -violators
============================================================================
======================= Typical Corner ===================================


max slew violations count Typical: 0
max fanout violations count Typical: 0
max cap violations count Typical: 0

===========================================================================
report_parasitic_annotation -report_unannotated
============================================================================
Found 261 unannotated drivers.
 arbitration_id[0]
 arbitration_id[10]
 arbitration_id[11]
 arbitration_id[12]
 arbitration_id[13]
 arbitration_id[14]
 arbitration_id[15]
 arbitration_id[16]
 arbitration_id[17]
 arbitration_id[18]
 arbitration_id[19]
 arbitration_id[1]
 arbitration_id[20]
 arbitration_id[21]
 arbitration_id[22]
 arbitration_id[23]
 arbitration_id[24]
 arbitration_id[25]
 arbitration_id[26]
 arbitration_id[27]
 arbitration_id[28]
 arbitration_id[29]
 arbitration_id[2]
 arbitration_id[30]
 arbitration_id[31]
 arbitration_id[32]
 arbitration_id[33]
 arbitration_id[34]
 arbitration_id[35]
 arbitration_id[36]
 arbitration_id[37]
 arbitration_id[38]
 arbitration_id[39]
 arbitration_id[3]
 arbitration_id[40]
 arbitration_id[41]
 arbitration_id[42]
 arbitration_id[43]
 arbitration_id[44]
 arbitration_id[45]
 arbitration_id[46]
 arbitration_id[47]
 arbitration_id[48]
 arbitration_id[49]
 arbitration_id[4]
 arbitration_id[50]
 arbitration_id[51]
 arbitration_id[52]
 arbitration_id[53]
 arbitration_id[54]
 arbitration_id[55]
 arbitration_id[56]
 arbitration_id[57]
 arbitration_id[58]
 arbitration_id[59]
 arbitration_id[5]
 arbitration_id[60]
 arbitration_id[61]
 arbitration_id[62]
 arbitration_id[63]
 arbitration_id[6]
 arbitration_id[7]
 arbitration_id[8]
 arbitration_id[9]
 data_field[0]
 data_field[10]
 data_field[11]
 data_field[12]
 data_field[13]
 data_field[14]
 data_field[15]
 data_field[16]
 data_field[17]
 data_field[18]
 data_field[19]
 data_field[1]
 data_field[20]
 data_field[21]
 data_field[22]
 data_field[23]
 data_field[24]
 data_field[25]
 data_field[26]
 data_field[27]
 data_field[28]
 data_field[29]
 data_field[2]
 data_field[30]
 data_field[31]
 data_field[32]
 data_field[33]
 data_field[34]
 data_field[35]
 data_field[36]
 data_field[37]
 data_field[38]
 data_field[39]
 data_field[3]
 data_field[40]
 data_field[41]
 data_field[42]
 data_field[43]
 data_field[44]
 data_field[45]
 data_field[46]
 data_field[47]
 data_field[48]
 data_field[49]
 data_field[4]
 data_field[50]
 data_field[51]
 data_field[52]
 data_field[53]
 data_field[54]
 data_field[55]
 data_field[56]
 data_field[57]
 data_field[58]
 data_field[59]
 data_field[5]
 data_field[60]
 data_field[61]
 data_field[62]
 data_field[63]
 data_field[6]
 data_field[7]
 data_field[8]
 data_field[9]
 timestamp[0]
 timestamp[10]
 timestamp[11]
 timestamp[12]
 timestamp[13]
 timestamp[14]
 timestamp[15]
 timestamp[16]
 timestamp[17]
 timestamp[18]
 timestamp[19]
 timestamp[1]
 timestamp[20]
 timestamp[21]
 timestamp[22]
 timestamp[23]
 timestamp[24]
 timestamp[25]
 timestamp[26]
 timestamp[27]
 timestamp[28]
 timestamp[29]
 timestamp[2]
 timestamp[30]
 timestamp[31]
 timestamp[32]
 timestamp[33]
 timestamp[34]
 timestamp[35]
 timestamp[36]
 timestamp[37]
 timestamp[38]
 timestamp[39]
 timestamp[3]
 timestamp[40]
 timestamp[41]
 timestamp[42]
 timestamp[43]
 timestamp[44]
 timestamp[45]
 timestamp[46]
 timestamp[47]
 timestamp[48]
 timestamp[49]
 timestamp[4]
 timestamp[50]
 timestamp[51]
 timestamp[52]
 timestamp[53]
 timestamp[54]
 timestamp[55]
 timestamp[56]
 timestamp[57]
 timestamp[58]
 timestamp[59]
 timestamp[5]
 timestamp[60]
 timestamp[61]
 timestamp[62]
 timestamp[63]
 timestamp[6]
 timestamp[7]
 timestamp[8]
 timestamp[9]
 Random_forest_top_ver3_14/HI
 clkload0/X
 clkload1/Y
 clkload10/Y
 clkload11/Y
 clkload12/Y
 clkload13/Y
 clkload14/Y
 clkload15/Y
 clkload16/Y
 clkload17/Y
 clkload18/Y
 clkload19/Y
 clkload2/Y
 clkload20/Y
 clkload21/Y
 clkload22/Y
 clkload23/Y
 clkload24/Y
 clkload25/Y
 clkload26/Y
 clkload27/Y
 clkload28/X
 clkload29/Y
 clkload3/Y
 clkload30/Y
 clkload31/Y
 clkload32/Y
 clkload33/Y
 clkload34/Y
 clkload35/Y
 clkload36/Y
 clkload37/Y
 clkload38/Y
 clkload39/Y
 clkload4/Y
 clkload40/X
 clkload41/X
 clkload42/Y
 clkload43/Y
 clkload44/Y
 clkload45/Y
 clkload46/Y
 clkload47/Y
 clkload48/Y
 clkload49/Y
 clkload5/Y
 clkload50/Y
 clkload51/Y
 clkload52/Y
 clkload53/Y
 clkload54/Y
 clkload55/Y
 clkload56/Y
 clkload57/Y
 clkload58/Y
 clkload59/Y
 clkload6/Y
 clkload60/Y
 clkload61/X
 clkload62/Y
 clkload63/Y
 clkload64/Y
 clkload65/Y
 clkload66/X
 clkload67/Y
 clkload7/Y
 clkload8/Y
 clkload9/Y
Found 0 partially unannotated drivers.

===========================================================================
max slew violation count 0
max fanout violation count 0
max cap violation count 0
============================================================================

===========================================================================
check_setup -verbose -unconstrained_endpoints -multiple_clock -no_clock -no_input_delay -loops -generated_clocks
===========================================================================
Warning: There is 1 unconstrained endpoint.
  prediction_out
