
===========================================================================
 report_power
============================================================================
======================= Fastest Corner ===================================

Group                  Internal  Switching    Leakage      Total
                          Power      Power      Power      Power (Watts)
----------------------------------------------------------------
Sequential             2.83e-03   1.16e-04   4.99e-07   2.95e-03  50.8%
Combinational          2.26e-04   3.93e-04   7.35e-09   6.19e-04  10.7%
Clock                  1.01e-03   1.22e-03   9.18e-09   2.23e-03  38.5%
Macro                  0.00e+00   0.00e+00   0.00e+00   0.00e+00   0.0%
Pad                    0.00e+00   0.00e+00   0.00e+00   0.00e+00   0.0%
----------------------------------------------------------------
Total                  4.07e-03   1.73e-03   5.16e-07   5.80e-03 100.0%
                          70.2%      29.8%       0.0%

======================= Slowest Corner ===================================

Group                  Internal  Switching    Leakage      Total
                          Power      Power      Power      Power (Watts)
----------------------------------------------------------------
Sequential             1.87e-03   7.72e-05   1.05e-05   1.95e-03  49.8%
Combinational          1.71e-04   2.62e-04   1.01e-05   4.43e-04  11.3%
Clock                  7.28e-04   7.96e-04   1.22e-06   1.52e-03  38.9%
Macro                  0.00e+00   0.00e+00   0.00e+00   0.00e+00   0.0%
Pad                    0.00e+00   0.00e+00   0.00e+00   0.00e+00   0.0%
----------------------------------------------------------------
Total                  2.76e-03   1.13e-03   2.18e-05   3.92e-03 100.0%
                          70.5%      28.9%       0.6%

======================= Typical Corner ===================================

Group                  Internal  Switching    Leakage      Total
                          Power      Power      Power      Power (Watts)
----------------------------------------------------------------
Sequential             2.43e-03   9.83e-05   4.98e-07   2.53e-03  50.8%
Combinational          2.09e-04   3.34e-04   6.00e-09   5.43e-04  10.9%
Clock                  8.86e-04   1.03e-03   6.59e-09   1.91e-03  38.3%
Macro                  0.00e+00   0.00e+00   0.00e+00   0.00e+00   0.0%
Pad                    0.00e+00   0.00e+00   0.00e+00   0.00e+00   0.0%
----------------------------------------------------------------
Total                  3.53e-03   1.46e-03   5.10e-07   4.99e-03 100.0%
                          70.8%      29.2%       0.0%

