OpenROAD b16bda7e82721d10566ff7e2b68f1ff0be9f9e38 
Features included (+) or not (-): +Charts +GPU +GUI +Python
This program is licensed under the BSD-3 license. See the LICENSE file for details.
Components of this program may be licensed under more restrictive licenses which must be honored.
define_corners Typical
read_liberty -corner Typical /home/nguyen2604/.volare/sky130A/libs.ref/sky130_fd_sc_hd/lib/sky130_fd_sc_hd__tt_025C_1v80.lib
Using 1e-12 for capacitance...
Using 1e+03 for resistance...
Using 1e-09 for time...
Using 1e+00 for voltage...
Using 1e-03 for current...
Using 1e-09 for power...
Using 1e-06 for distance...
[INFO]: Reading ODB at '/openlane/designs/Random_forest_top_ver3/runs/RUN_2025.05.10_06.20.59/tmp/routing/21-diodes.odb'…
Reading design constraints file at '/openlane/designs/Random_forest_top_ver3/src/Random_forest_top_ver3.sdc'…
Placement Analysis
---------------------------------
total displacement       2946.5 u
average displacement        0.6 u
max displacement           11.5 u
original HPWL           44183.9 u
legalized HPWL          45861.3 u
delta HPWL                    4 %

[INFO DPL-0020] Mirrored 1008 instances
[INFO DPL-0021] HPWL before           45861.3 u
[INFO DPL-0022] HPWL after            44431.3 u
[INFO DPL-0023] HPWL delta               -3.1 %
Setting global connections for newly added cells…
Writing OpenROAD database to '/openlane/designs/Random_forest_top_ver3/runs/RUN_2025.05.10_06.20.59/tmp/routing/./21-diodes_legalized.odb'…
Writing netlist to '/openlane/designs/Random_forest_top_ver3/runs/RUN_2025.05.10_06.20.59/tmp/routing/./21-diodes_legalized.nl.v'…
Writing powered netlist to '/openlane/designs/Random_forest_top_ver3/runs/RUN_2025.05.10_06.20.59/tmp/routing/./21-diodes_legalized.pnl.v'…
Writing layout to '/openlane/designs/Random_forest_top_ver3/runs/RUN_2025.05.10_06.20.59/tmp/routing/./21-diodes_legalized.def'…
