OpenROAD b16bda7e82721d10566ff7e2b68f1ff0be9f9e38 
Features included (+) or not (-): +Charts +GPU +GUI +Python
This program is licensed under the BSD-3 license. See the LICENSE file for details.
Components of this program may be licensed under more restrictive licenses which must be honored.
define_corners Typical
read_liberty -corner Typical /home/nguyen2604/.volare/sky130A/libs.ref/sky130_fd_sc_hd/lib/sky130_fd_sc_hd__tt_025C_1v80.lib
Using 1e-12 for capacitance...
Using 1e+03 for resistance...
Using 1e-09 for time...
Using 1e+00 for voltage...
Using 1e-03 for current...
Using 1e-09 for power...
Using 1e-06 for distance...
[INFO]: Reading ODB at '/openlane/designs/Random_forest_top_ver3/runs/RUN_2025.05.10_06.20.59/tmp/routing/26-fill.odb'…
Reading design constraints file at '/openlane/designs/Random_forest_top_ver3/src/Random_forest_top_ver3.sdc'…
[INFO ORD-0030] Using 4 thread(s).
[INFO DRT-0149] Reading tech and libs.
[WARNING DRT-0349] LEF58_ENCLOSURE with no CUTCLASS is not supported. Skipping for layer mcon
[WARNING DRT-0349] LEF58_ENCLOSURE with no CUTCLASS is not supported. Skipping for layer mcon
[WARNING DRT-0349] LEF58_ENCLOSURE with no CUTCLASS is not supported. Skipping for layer via
[WARNING DRT-0349] LEF58_ENCLOSURE with no CUTCLASS is not supported. Skipping for layer via
[WARNING DRT-0349] LEF58_ENCLOSURE with no CUTCLASS is not supported. Skipping for layer via2
[WARNING DRT-0349] LEF58_ENCLOSURE with no CUTCLASS is not supported. Skipping for layer via2
[WARNING DRT-0349] LEF58_ENCLOSURE with no CUTCLASS is not supported. Skipping for layer via3
[WARNING DRT-0349] LEF58_ENCLOSURE with no CUTCLASS is not supported. Skipping for layer via3
[WARNING DRT-0349] LEF58_ENCLOSURE with no CUTCLASS is not supported. Skipping for layer via4
[WARNING DRT-0349] LEF58_ENCLOSURE with no CUTCLASS is not supported. Skipping for layer via4

Units:                1000
Number of layers:     13
Number of macros:     441
Number of vias:       29
Number of viarulegen: 25

[INFO DRT-0150] Reading design.

Design:                   Random_forest_top_ver3
Die area:                 ( 0 0 ) ( 276870 287590 )
Number of track patterns: 12
Number of DEF vias:       0
Number of components:     10498
Number of terminals:      205
Number of snets:          2
Number of nets:           3027

[INFO DRT-0167] List of default vias:
  Layer via
    default via: M1M2_PR
  Layer via2
    default via: M2M3_PR
  Layer via3
    default via: M3M4_PR
  Layer via4
    default via: M4M5_PR
[INFO DRT-0162] Library cell analysis.
[INFO DRT-0163] Instance analysis.
[INFO DRT-0164] Number of unique instances = 214.
[INFO DRT-0168] Init region query.
[INFO DRT-0024]   Complete FR_MASTERSLICE.
[INFO DRT-0024]   Complete Fr_VIA.
[INFO DRT-0024]   Complete li1.
[INFO DRT-0024]   Complete mcon.
[INFO DRT-0024]   Complete met1.
[INFO DRT-0024]   Complete via.
[INFO DRT-0024]   Complete met2.
[INFO DRT-0024]   Complete via2.
[INFO DRT-0024]   Complete met3.
[INFO DRT-0024]   Complete via3.
[INFO DRT-0024]   Complete met4.
[INFO DRT-0024]   Complete via4.
[INFO DRT-0024]   Complete met5.
[INFO DRT-0033] FR_MASTERSLICE shape region query size = 0.
[INFO DRT-0033] FR_VIA shape region query size = 0.
[INFO DRT-0033] li1 shape region query size = 121584.
[INFO DRT-0033] mcon shape region query size = 34968.
[INFO DRT-0033] met1 shape region query size = 29984.
[INFO DRT-0033] via shape region query size = 7938.
[INFO DRT-0033] met2 shape region query size = 2776.
[INFO DRT-0033] via2 shape region query size = 6174.
[INFO DRT-0033] met3 shape region query size = 2719.
[INFO DRT-0033] via3 shape region query size = 6174.
[INFO DRT-0033] met4 shape region query size = 1080.
[INFO DRT-0033] via4 shape region query size = 162.
[INFO DRT-0033] met5 shape region query size = 198.
[INFO DRT-0165] Start pin access.
[INFO DRT-0078]   Complete 698 pins.
[INFO DRT-0079]   Complete 100 unique inst patterns.
[INFO DRT-0081]   Complete 196 unique inst patterns.
[INFO DRT-0084]   Complete 2701 groups.
#scanned instances     = 10498
#unique  instances     = 214
#stdCellGenAp          = 5332
#stdCellValidPlanarAp  = 52
#stdCellValidViaAp     = 4101
#stdCellPinNoAp        = 0
#stdCellPinCnt         = 8554
#instTermValidViaApCnt = 0
#macroGenAp            = 0
#macroValidPlanarAp    = 0
#macroValidViaAp       = 0
#macroNoAp             = 0
[INFO DRT-0166] Complete pin access.
[INFO DRT-0267] cpu time = 00:00:25, elapsed time = 00:00:05, memory = 155.44 (MB), peak = 155.44 (MB)

Number of guides:     18592

[INFO DRT-0169] Post process guides.
[INFO DRT-0176] GCELLGRID X 0 DO 40 STEP 6900 ;
[INFO DRT-0177] GCELLGRID Y 0 DO 41 STEP 6900 ;
[INFO DRT-0028]   Complete FR_MASTERSLICE.
[INFO DRT-0028]   Complete Fr_VIA.
[INFO DRT-0028]   Complete li1.
[INFO DRT-0028]   Complete mcon.
[INFO DRT-0028]   Complete met1.
[INFO DRT-0028]   Complete via.
[INFO DRT-0028]   Complete met2.
[INFO DRT-0028]   Complete via2.
[INFO DRT-0028]   Complete met3.
[INFO DRT-0028]   Complete via3.
[INFO DRT-0028]   Complete met4.
[INFO DRT-0028]   Complete via4.
[INFO DRT-0028]   Complete met5.
[INFO DRT-0178] Init guide query.
[INFO DRT-0035]   Complete FR_MASTERSLICE (guide).
[INFO DRT-0035]   Complete Fr_VIA (guide).
[INFO DRT-0035]   Complete li1 (guide).
[INFO DRT-0035]   Complete mcon (guide).
[INFO DRT-0035]   Complete met1 (guide).
[INFO DRT-0035]   Complete via (guide).
[INFO DRT-0035]   Complete met2 (guide).
[INFO DRT-0035]   Complete via2 (guide).
[INFO DRT-0035]   Complete met3 (guide).
[INFO DRT-0035]   Complete via3 (guide).
[INFO DRT-0035]   Complete met4 (guide).
[INFO DRT-0035]   Complete via4 (guide).
[INFO DRT-0035]   Complete met5 (guide).
[INFO DRT-0036] FR_MASTERSLICE guide region query size = 0.
[INFO DRT-0036] FR_VIA guide region query size = 0.
[INFO DRT-0036] li1 guide region query size = 6802.
[INFO DRT-0036] mcon guide region query size = 0.
[INFO DRT-0036] met1 guide region query size = 4927.
[INFO DRT-0036] via guide region query size = 0.
[INFO DRT-0036] met2 guide region query size = 2363.
[INFO DRT-0036] via2 guide region query size = 0.
[INFO DRT-0036] met3 guide region query size = 135.
[INFO DRT-0036] via3 guide region query size = 0.
[INFO DRT-0036] met4 guide region query size = 61.
[INFO DRT-0036] via4 guide region query size = 0.
[INFO DRT-0036] met5 guide region query size = 0.
[INFO DRT-0179] Init gr pin query.
[INFO DRT-0245] skipped writing guide updates to database.
[INFO DRT-0185] Post process initialize RPin region query.
[INFO DRT-0181] Start track assignment.
[INFO DRT-0184] Done with 9226 vertical wires in 1 frboxes and 5062 horizontal wires in 1 frboxes.
[INFO DRT-0186] Done with 764 vertical wires in 1 frboxes and 1370 horizontal wires in 1 frboxes.
[INFO DRT-0182] Complete track assignment.
[INFO DRT-0267] cpu time = 00:00:03, elapsed time = 00:00:01, memory = 195.34 (MB), peak = 195.34 (MB)
[INFO DRT-0187] Start routing data preparation.
[INFO DRT-0267] cpu time = 00:00:00, elapsed time = 00:00:00, memory = 195.34 (MB), peak = 195.34 (MB)
[INFO DRT-0194] Start detail routing.
[INFO DRT-0195] Start 0th optimization iteration.
    Completing 10% with 0 violations.
    elapsed time = 00:00:01, memory = 288.48 (MB).
    Completing 20% with 0 violations.
    elapsed time = 00:00:02, memory = 296.19 (MB).
    Completing 30% with 151 violations.
    elapsed time = 00:00:03, memory = 309.54 (MB).
    Completing 40% with 151 violations.
    elapsed time = 00:00:04, memory = 328.55 (MB).
    Completing 50% with 151 violations.
    elapsed time = 00:00:05, memory = 318.91 (MB).
    Completing 60% with 308 violations.
    elapsed time = 00:00:07, memory = 339.63 (MB).
    Completing 70% with 308 violations.
    elapsed time = 00:00:08, memory = 345.82 (MB).
    Completing 80% with 508 violations.
    elapsed time = 00:00:09, memory = 347.11 (MB).
    Completing 90% with 508 violations.
    elapsed time = 00:00:10, memory = 357.15 (MB).
    Completing 100% with 641 violations.
    elapsed time = 00:00:13, memory = 374.36 (MB).
[INFO DRT-0199]   Number of violations = 1515.
Viol/Layer         li1   mcon   met1   met2   met3   met4
Cut Spacing          0      6      0      0      0      0
Metal Spacing       14      0    172     77      3      1
Min Hole             0      0     28      0      0      0
Recheck              0      0    583    265     22      4
Short                0      1    270     69      0      0
[INFO DRT-0267] cpu time = 00:00:39, elapsed time = 00:00:13, memory = 689.65 (MB), peak = 689.65 (MB)
Total wire length = 60292 um.
Total wire length on LAYER li1 = 0 um.
Total wire length on LAYER met1 = 31125 um.
Total wire length on LAYER met2 = 26141 um.
Total wire length on LAYER met3 = 1573 um.
Total wire length on LAYER met4 = 1450 um.
Total wire length on LAYER met5 = 0 um.
Total number of vias = 18194.
Up-via summary (total 18194):

------------------------
 FR_MASTERSLICE        0
            li1     9094
           met1     8861
           met2      164
           met3       75
           met4        0
------------------------
                   18194


[INFO DRT-0195] Start 1st optimization iteration.
    Completing 10% with 1515 violations.
    elapsed time = 00:00:00, memory = 689.65 (MB).
    Completing 20% with 1515 violations.
    elapsed time = 00:00:00, memory = 689.65 (MB).
    Completing 30% with 1134 violations.
    elapsed time = 00:00:02, memory = 697.95 (MB).
    Completing 40% with 1134 violations.
    elapsed time = 00:00:02, memory = 697.95 (MB).
    Completing 50% with 1134 violations.
    elapsed time = 00:00:04, memory = 697.95 (MB).
    Completing 60% with 863 violations.
    elapsed time = 00:00:05, memory = 700.79 (MB).
    Completing 70% with 863 violations.
    elapsed time = 00:00:05, memory = 705.30 (MB).
    Completing 80% with 597 violations.
    elapsed time = 00:00:06, memory = 705.30 (MB).
    Completing 90% with 597 violations.
    elapsed time = 00:00:07, memory = 705.30 (MB).
    Completing 100% with 225 violations.
    elapsed time = 00:00:09, memory = 705.30 (MB).
[INFO DRT-0199]   Number of violations = 242.
Viol/Layer        mcon   met1   met2
Cut Spacing          1      0      0
Metal Spacing        0     48     18
Min Hole             0      7      0
Recheck              0     13      4
Short                0    143      8
[INFO DRT-0267] cpu time = 00:00:30, elapsed time = 00:00:09, memory = 705.30 (MB), peak = 705.30 (MB)
Total wire length = 59681 um.
Total wire length on LAYER li1 = 0 um.
Total wire length on LAYER met1 = 30854 um.
Total wire length on LAYER met2 = 25882 um.
Total wire length on LAYER met3 = 1533 um.
Total wire length on LAYER met4 = 1410 um.
Total wire length on LAYER met5 = 0 um.
Total number of vias = 18136.
Up-via summary (total 18136):

------------------------
 FR_MASTERSLICE        0
            li1     9089
           met1     8799
           met2      177
           met3       71
           met4        0
------------------------
                   18136


[INFO DRT-0195] Start 2nd optimization iteration.
    Completing 10% with 242 violations.
    elapsed time = 00:00:00, memory = 705.30 (MB).
    Completing 20% with 242 violations.
    elapsed time = 00:00:00, memory = 705.30 (MB).
    Completing 30% with 242 violations.
    elapsed time = 00:00:01, memory = 705.30 (MB).
    Completing 40% with 239 violations.
    elapsed time = 00:00:02, memory = 705.30 (MB).
    Completing 50% with 239 violations.
    elapsed time = 00:00:03, memory = 705.30 (MB).
    Completing 60% with 237 violations.
    elapsed time = 00:00:04, memory = 705.30 (MB).
    Completing 70% with 237 violations.
    elapsed time = 00:00:04, memory = 705.30 (MB).
    Completing 80% with 237 violations.
    elapsed time = 00:00:05, memory = 705.30 (MB).
    Completing 90% with 214 violations.
    elapsed time = 00:00:07, memory = 705.30 (MB).
    Completing 100% with 181 violations.
    elapsed time = 00:00:08, memory = 705.30 (MB).
[INFO DRT-0199]   Number of violations = 182.
Viol/Layer        met1   met2
Metal Spacing       33     13
Min Hole             4      0
Recheck              1      0
Short              123      8
[INFO DRT-0267] cpu time = 00:00:28, elapsed time = 00:00:08, memory = 708.37 (MB), peak = 708.37 (MB)
Total wire length = 59415 um.
Total wire length on LAYER li1 = 0 um.
Total wire length on LAYER met1 = 30834 um.
Total wire length on LAYER met2 = 25676 um.
Total wire length on LAYER met3 = 1500 um.
Total wire length on LAYER met4 = 1403 um.
Total wire length on LAYER met5 = 0 um.
Total number of vias = 18050.
Up-via summary (total 18050):

------------------------
 FR_MASTERSLICE        0
            li1     9089
           met1     8726
           met2      162
           met3       73
           met4        0
------------------------
                   18050


[INFO DRT-0195] Start 3rd optimization iteration.
    Completing 10% with 182 violations.
    elapsed time = 00:00:00, memory = 723.45 (MB).
    Completing 20% with 182 violations.
    elapsed time = 00:00:00, memory = 708.41 (MB).
    Completing 30% with 128 violations.
    elapsed time = 00:00:01, memory = 724.25 (MB).
    Completing 40% with 128 violations.
    elapsed time = 00:00:01, memory = 708.66 (MB).
    Completing 50% with 128 violations.
    elapsed time = 00:00:01, memory = 708.66 (MB).
    Completing 60% with 94 violations.
    elapsed time = 00:00:01, memory = 708.66 (MB).
    Completing 70% with 94 violations.
    elapsed time = 00:00:01, memory = 708.66 (MB).
    Completing 80% with 47 violations.
    elapsed time = 00:00:02, memory = 708.66 (MB).
    Completing 90% with 47 violations.
    elapsed time = 00:00:02, memory = 708.66 (MB).
    Completing 100% with 3 violations.
    elapsed time = 00:00:04, memory = 710.66 (MB).
[INFO DRT-0199]   Number of violations = 5.
Viol/Layer        met1   met2
Metal Spacing        2      1
Recheck              2      0
[INFO DRT-0267] cpu time = 00:00:12, elapsed time = 00:00:04, memory = 710.66 (MB), peak = 724.25 (MB)
Total wire length = 59448 um.
Total wire length on LAYER li1 = 0 um.
Total wire length on LAYER met1 = 30444 um.
Total wire length on LAYER met2 = 25746 um.
Total wire length on LAYER met3 = 1853 um.
Total wire length on LAYER met4 = 1403 um.
Total wire length on LAYER met5 = 0 um.
Total number of vias = 18151.
Up-via summary (total 18151):

------------------------
 FR_MASTERSLICE        0
            li1     9089
           met1     8764
           met2      225
           met3       73
           met4        0
------------------------
                   18151


[INFO DRT-0195] Start 4th optimization iteration.
    Completing 10% with 5 violations.
    elapsed time = 00:00:00, memory = 710.66 (MB).
    Completing 20% with 5 violations.
    elapsed time = 00:00:00, memory = 710.66 (MB).
    Completing 30% with 3 violations.
    elapsed time = 00:00:00, memory = 710.66 (MB).
    Completing 40% with 3 violations.
    elapsed time = 00:00:00, memory = 710.66 (MB).
    Completing 50% with 3 violations.
    elapsed time = 00:00:00, memory = 710.66 (MB).
    Completing 60% with 3 violations.
    elapsed time = 00:00:00, memory = 710.66 (MB).
    Completing 70% with 3 violations.
    elapsed time = 00:00:00, memory = 710.66 (MB).
    Completing 80% with 2 violations.
    elapsed time = 00:00:00, memory = 710.66 (MB).
    Completing 90% with 2 violations.
    elapsed time = 00:00:00, memory = 710.66 (MB).
    Completing 100% with 2 violations.
    elapsed time = 00:00:02, memory = 710.66 (MB).
[INFO DRT-0199]   Number of violations = 2.
Viol/Layer        met1
Metal Spacing        2
[INFO DRT-0267] cpu time = 00:00:04, elapsed time = 00:00:02, memory = 710.66 (MB), peak = 724.25 (MB)
Total wire length = 59447 um.
Total wire length on LAYER li1 = 0 um.
Total wire length on LAYER met1 = 30443 um.
Total wire length on LAYER met2 = 25746 um.
Total wire length on LAYER met3 = 1853 um.
Total wire length on LAYER met4 = 1403 um.
Total wire length on LAYER met5 = 0 um.
Total number of vias = 18151.
Up-via summary (total 18151):

------------------------
 FR_MASTERSLICE        0
            li1     9089
           met1     8764
           met2      225
           met3       73
           met4        0
------------------------
                   18151


[INFO DRT-0195] Start 5th optimization iteration.
    Completing 10% with 2 violations.
    elapsed time = 00:00:00, memory = 710.66 (MB).
    Completing 20% with 2 violations.
    elapsed time = 00:00:00, memory = 710.66 (MB).
    Completing 30% with 2 violations.
    elapsed time = 00:00:00, memory = 710.66 (MB).
    Completing 40% with 2 violations.
    elapsed time = 00:00:00, memory = 710.66 (MB).
    Completing 50% with 2 violations.
    elapsed time = 00:00:00, memory = 710.66 (MB).
    Completing 60% with 2 violations.
    elapsed time = 00:00:00, memory = 710.66 (MB).
    Completing 70% with 2 violations.
    elapsed time = 00:00:00, memory = 710.66 (MB).
    Completing 80% with 0 violations.
    elapsed time = 00:00:00, memory = 710.66 (MB).
    Completing 90% with 0 violations.
    elapsed time = 00:00:00, memory = 710.66 (MB).
    Completing 100% with 0 violations.
    elapsed time = 00:00:00, memory = 710.66 (MB).
[INFO DRT-0199]   Number of violations = 0.
[INFO DRT-0267] cpu time = 00:00:01, elapsed time = 00:00:00, memory = 710.66 (MB), peak = 724.25 (MB)
Total wire length = 59445 um.
Total wire length on LAYER li1 = 0 um.
Total wire length on LAYER met1 = 30446 um.
Total wire length on LAYER met2 = 25743 um.
Total wire length on LAYER met3 = 1852 um.
Total wire length on LAYER met4 = 1403 um.
Total wire length on LAYER met5 = 0 um.
Total number of vias = 18145.
Up-via summary (total 18145):

------------------------
 FR_MASTERSLICE        0
            li1     9089
           met1     8760
           met2      223
           met3       73
           met4        0
------------------------
                   18145


[INFO DRT-0198] Complete detail routing.
Total wire length = 59445 um.
Total wire length on LAYER li1 = 0 um.
Total wire length on LAYER met1 = 30446 um.
Total wire length on LAYER met2 = 25743 um.
Total wire length on LAYER met3 = 1852 um.
Total wire length on LAYER met4 = 1403 um.
Total wire length on LAYER met5 = 0 um.
Total number of vias = 18145.
Up-via summary (total 18145):

------------------------
 FR_MASTERSLICE        0
            li1     9089
           met1     8760
           met2      223
           met3       73
           met4        0
------------------------
                   18145


[INFO DRT-0267] cpu time = 00:01:56, elapsed time = 00:00:39, memory = 710.66 (MB), peak = 724.25 (MB)

[INFO DRT-0180] Post processing.
Setting global connections for newly added cells…
Writing OpenROAD database to '/openlane/designs/Random_forest_top_ver3/runs/RUN_2025.05.10_06.20.59/results/routing/Random_forest_top_ver3.odb'…
Writing netlist to '/openlane/designs/Random_forest_top_ver3/runs/RUN_2025.05.10_06.20.59/results/routing/Random_forest_top_ver3.nl.v'…
Writing powered netlist to '/openlane/designs/Random_forest_top_ver3/runs/RUN_2025.05.10_06.20.59/results/routing/Random_forest_top_ver3.pnl.v'…
Writing layout to '/openlane/designs/Random_forest_top_ver3/runs/RUN_2025.05.10_06.20.59/results/routing/Random_forest_top_ver3.def'…
