
124. Printing statistics.

=== Random_forest_top_ver3 ===

   Number of wires:               3087
   Number of wire bits:           3280
   Number of public wires:         574
   Number of public wire bits:     767
   Number of memories:               0
   Number of memory bits:            0
   Number of processes:              0
   Number of cells:               3085
     sky130_fd_sc_hd__a211oi_4       1
     sky130_fd_sc_hd__a21bo_2        2
     sky130_fd_sc_hd__a21boi_2       9
     sky130_fd_sc_hd__a21o_2        32
     sky130_fd_sc_hd__a21oi_2       18
     sky130_fd_sc_hd__a221o_2        1
     sky130_fd_sc_hd__a22o_2        51
     sky130_fd_sc_hd__a2bb2o_2       4
     sky130_fd_sc_hd__a31o_2        23
     sky130_fd_sc_hd__a31oi_2        3
     sky130_fd_sc_hd__a41o_2         4
     sky130_fd_sc_hd__and2_2       195
     sky130_fd_sc_hd__and2b_2       10
     sky130_fd_sc_hd__and3_2        10
     sky130_fd_sc_hd__and3b_2       16
     sky130_fd_sc_hd__and4_2        15
     sky130_fd_sc_hd__and4_4         3
     sky130_fd_sc_hd__and4b_2        1
     sky130_fd_sc_hd__and4bb_2       1
     sky130_fd_sc_hd__buf_1       1166
     sky130_fd_sc_hd__buf_2        181
     sky130_fd_sc_hd__buf_4          3
     sky130_fd_sc_hd__buf_6         14
     sky130_fd_sc_hd__clkbuf_16      1
     sky130_fd_sc_hd__conb_1         1
     sky130_fd_sc_hd__dfrtp_2      527
     sky130_fd_sc_hd__dfstp_2       42
     sky130_fd_sc_hd__inv_2         67
     sky130_fd_sc_hd__mux2_2       214
     sky130_fd_sc_hd__nand2_2      119
     sky130_fd_sc_hd__nand2b_2      14
     sky130_fd_sc_hd__nor2_2        88
     sky130_fd_sc_hd__nor3_2         1
     sky130_fd_sc_hd__nor3b_2        1
     sky130_fd_sc_hd__o211a_2        1
     sky130_fd_sc_hd__o21a_2        16
     sky130_fd_sc_hd__o22a_2        17
     sky130_fd_sc_hd__o31a_2         1
     sky130_fd_sc_hd__o41a_2         3
     sky130_fd_sc_hd__or2_2        105
     sky130_fd_sc_hd__or2_4         16
     sky130_fd_sc_hd__or2b_2         7
     sky130_fd_sc_hd__or3_2         24
     sky130_fd_sc_hd__or3b_2         1
     sky130_fd_sc_hd__or3b_4         1
     sky130_fd_sc_hd__or4_2          1
     sky130_fd_sc_hd__or4b_2         2
     sky130_fd_sc_hd__or4b_4        19
     sky130_fd_sc_hd__xnor2_2        6
     sky130_fd_sc_hd__xor2_2        27

   Area for cell type \sky130_fd_sc_hd__clkbuf_16 is unknown!

   Chip area for module '\Random_forest_top_ver3': 30196.460800

