
164. Printing statistics.

=== Random_forest_top_ver3 ===

   Number of wires:               2824
   Number of wire bits:           3017
   Number of public wires:         574
   Number of public wire bits:     767
   Number of memories:               0
   Number of memory bits:            0
   Number of processes:              0
   Number of cells:               2822
     sky130_fd_sc_hd__a211oi_2       1
     sky130_fd_sc_hd__a21boi_2       1
     sky130_fd_sc_hd__a21o_2        14
     sky130_fd_sc_hd__a21oi_2        4
     sky130_fd_sc_hd__a22o_2        36
     sky130_fd_sc_hd__a31o_2         1
     sky130_fd_sc_hd__and2_2        28
     sky130_fd_sc_hd__and2b_2        1
     sky130_fd_sc_hd__and3_2        33
     sky130_fd_sc_hd__and3b_2        1
     sky130_fd_sc_hd__and4_2         5
     sky130_fd_sc_hd__buf_1        446
     sky130_fd_sc_hd__buf_2        172
     sky130_fd_sc_hd__buf_4         21
     sky130_fd_sc_hd__buf_6         17
     sky130_fd_sc_hd__clkbuf_16      1
     sky130_fd_sc_hd__conb_1         1
     sky130_fd_sc_hd__dfrtp_2      527
     sky130_fd_sc_hd__dfstp_2       42
     sky130_fd_sc_hd__inv_2        371
     sky130_fd_sc_hd__inv_4          7
     sky130_fd_sc_hd__mux2_2       220
     sky130_fd_sc_hd__nand2_2      284
     sky130_fd_sc_hd__nand2_4        1
     sky130_fd_sc_hd__nand3_2       32
     sky130_fd_sc_hd__nand3b_2       2
     sky130_fd_sc_hd__nor2_2       388
     sky130_fd_sc_hd__nor2_4         1
     sky130_fd_sc_hd__nor3_2         6
     sky130_fd_sc_hd__nor3b_2        2
     sky130_fd_sc_hd__o2111a_2       2
     sky130_fd_sc_hd__o211a_2        9
     sky130_fd_sc_hd__o21a_2         3
     sky130_fd_sc_hd__o21ai_2       58
     sky130_fd_sc_hd__o21bai_2       1
     sky130_fd_sc_hd__or2_2         20
     sky130_fd_sc_hd__or2b_2        12
     sky130_fd_sc_hd__or3_2         11
     sky130_fd_sc_hd__or3_4         12
     sky130_fd_sc_hd__or3b_2         2
     sky130_fd_sc_hd__or4_2          6
     sky130_fd_sc_hd__xnor2_2       12
     sky130_fd_sc_hd__xor2_2         8

   Area for cell type \sky130_fd_sc_hd__clkbuf_16 is unknown!

   Chip area for module '\Random_forest_top_ver3': 28987.801600

