
104. Printing statistics.

=== Random_forest_top_ver3 ===

   Number of wires:               2818
   Number of wire bits:           3011
   Number of public wires:         574
   Number of public wire bits:     767
   Number of memories:               0
   Number of memory bits:            0
   Number of processes:              0
   Number of cells:               2816
     sky130_fd_sc_hd__a21boi_2       4
     sky130_fd_sc_hd__a21o_2        30
     sky130_fd_sc_hd__a21oi_2       10
     sky130_fd_sc_hd__a221oi_2       1
     sky130_fd_sc_hd__a22o_2        21
     sky130_fd_sc_hd__a22oi_2        8
     sky130_fd_sc_hd__a31o_2        23
     sky130_fd_sc_hd__a31oi_2        1
     sky130_fd_sc_hd__a41o_2         7
     sky130_fd_sc_hd__a41oi_2        2
     sky130_fd_sc_hd__and2_2        24
     sky130_fd_sc_hd__and2b_2       10
     sky130_fd_sc_hd__and3_2        20
     sky130_fd_sc_hd__and3b_2        1
     sky130_fd_sc_hd__and4_2        11
     sky130_fd_sc_hd__and4b_2        4
     sky130_fd_sc_hd__and4bb_2       1
     sky130_fd_sc_hd__buf_1       1082
     sky130_fd_sc_hd__clkbuf_16      1
     sky130_fd_sc_hd__conb_1         1
     sky130_fd_sc_hd__dfrtp_2      527
     sky130_fd_sc_hd__dfstp_2       42
     sky130_fd_sc_hd__inv_2         90
     sky130_fd_sc_hd__mux2_2       214
     sky130_fd_sc_hd__nand2_2       76
     sky130_fd_sc_hd__nand3_2       14
     sky130_fd_sc_hd__nand3b_2      22
     sky130_fd_sc_hd__nand4_2       17
     sky130_fd_sc_hd__nor2_2       112
     sky130_fd_sc_hd__nor3_2         6
     sky130_fd_sc_hd__nor4_2         4
     sky130_fd_sc_hd__o2111a_2      13
     sky130_fd_sc_hd__o2111ai_2      5
     sky130_fd_sc_hd__o211a_2        9
     sky130_fd_sc_hd__o211ai_2       1
     sky130_fd_sc_hd__o21a_2        22
     sky130_fd_sc_hd__o21ai_2       10
     sky130_fd_sc_hd__o21ba_2        1
     sky130_fd_sc_hd__o221a_2        9
     sky130_fd_sc_hd__o221ai_2       4
     sky130_fd_sc_hd__o22a_2         5
     sky130_fd_sc_hd__o22ai_2        4
     sky130_fd_sc_hd__o2bb2a_2      10
     sky130_fd_sc_hd__o2bb2ai_2      4
     sky130_fd_sc_hd__o31a_2       200
     sky130_fd_sc_hd__o31ai_2        1
     sky130_fd_sc_hd__o41a_2         9
     sky130_fd_sc_hd__or2_2         31
     sky130_fd_sc_hd__or2b_2        47
     sky130_fd_sc_hd__or3_2         13
     sky130_fd_sc_hd__or4_2         15
     sky130_fd_sc_hd__or4b_2         1
     sky130_fd_sc_hd__xnor2_2       12
     sky130_fd_sc_hd__xor2_2         4

   Area for cell type \sky130_fd_sc_hd__clkbuf_16 is unknown!

   Chip area for module '\Random_forest_top_ver3': 29588.377600

