
84. Printing statistics.

=== Random_forest_top_ver3 ===

   Number of wires:               2814
   Number of wire bits:           3007
   Number of public wires:         574
   Number of public wire bits:     767
   Number of memories:               0
   Number of memory bits:            0
   Number of processes:              0
   Number of cells:               2812
     sky130_fd_sc_hd__a211o_2        1
     sky130_fd_sc_hd__a211oi_2       2
     sky130_fd_sc_hd__a21boi_2       3
     sky130_fd_sc_hd__a21o_2        28
     sky130_fd_sc_hd__a21oi_2        4
     sky130_fd_sc_hd__a221oi_2       3
     sky130_fd_sc_hd__a22o_2         9
     sky130_fd_sc_hd__a22oi_2       14
     sky130_fd_sc_hd__a31o_2         7
     sky130_fd_sc_hd__a31oi_2        2
     sky130_fd_sc_hd__a32oi_2        1
     sky130_fd_sc_hd__a41o_2        11
     sky130_fd_sc_hd__a41oi_2        1
     sky130_fd_sc_hd__and2_2        24
     sky130_fd_sc_hd__and2b_2       17
     sky130_fd_sc_hd__and3_2        15
     sky130_fd_sc_hd__and4_2         9
     sky130_fd_sc_hd__and4b_2       13
     sky130_fd_sc_hd__buf_1       1118
     sky130_fd_sc_hd__clkbuf_16      1
     sky130_fd_sc_hd__conb_1         1
     sky130_fd_sc_hd__dfrtp_2      527
     sky130_fd_sc_hd__dfstp_2       42
     sky130_fd_sc_hd__inv_2         70
     sky130_fd_sc_hd__mux2_2       214
     sky130_fd_sc_hd__nand2_2       49
     sky130_fd_sc_hd__nand3_2       19
     sky130_fd_sc_hd__nand3b_2      23
     sky130_fd_sc_hd__nand4_2        8
     sky130_fd_sc_hd__nor2_2       103
     sky130_fd_sc_hd__nor3_2         4
     sky130_fd_sc_hd__nor4_2        11
     sky130_fd_sc_hd__o2111a_2      16
     sky130_fd_sc_hd__o2111ai_2      6
     sky130_fd_sc_hd__o211a_2        2
     sky130_fd_sc_hd__o211ai_2       7
     sky130_fd_sc_hd__o21a_2        11
     sky130_fd_sc_hd__o21ai_2       17
     sky130_fd_sc_hd__o21bai_2       1
     sky130_fd_sc_hd__o221a_2       16
     sky130_fd_sc_hd__o221ai_2       4
     sky130_fd_sc_hd__o22a_2        25
     sky130_fd_sc_hd__o22ai_2        3
     sky130_fd_sc_hd__o2bb2a_2      11
     sky130_fd_sc_hd__o2bb2ai_2      3
     sky130_fd_sc_hd__o31a_2       204
     sky130_fd_sc_hd__o41a_2         7
     sky130_fd_sc_hd__or2_2         38
     sky130_fd_sc_hd__or2b_2        54
     sky130_fd_sc_hd__or3_2          3
     sky130_fd_sc_hd__or3b_2         1
     sky130_fd_sc_hd__or4_2         18
     sky130_fd_sc_hd__or4b_2         2
     sky130_fd_sc_hd__xnor2_2        5
     sky130_fd_sc_hd__xor2_2         4

   Area for cell type \sky130_fd_sc_hd__clkbuf_16 is unknown!

   Chip area for module '\Random_forest_top_ver3': 29628.416000

