
134. Printing statistics.

=== Random_forest_top_ver3 ===

   Number of wires:               2738
   Number of wire bits:           2931
   Number of public wires:         574
   Number of public wire bits:     767
   Number of memories:               0
   Number of memory bits:            0
   Number of processes:              0
   Number of cells:               2736
     sky130_fd_sc_hd__a2111o_2       1
     sky130_fd_sc_hd__a2111oi_2      2
     sky130_fd_sc_hd__a211o_2        2
     sky130_fd_sc_hd__a211oi_2       1
     sky130_fd_sc_hd__a21boi_2       1
     sky130_fd_sc_hd__a21o_2        30
     sky130_fd_sc_hd__a21oi_2        9
     sky130_fd_sc_hd__a221o_2       11
     sky130_fd_sc_hd__a221oi_2       3
     sky130_fd_sc_hd__a22o_2        27
     sky130_fd_sc_hd__a22oi_2        2
     sky130_fd_sc_hd__a2bb2o_2       3
     sky130_fd_sc_hd__a31o_2         9
     sky130_fd_sc_hd__a32o_2         1
     sky130_fd_sc_hd__a41o_2         4
     sky130_fd_sc_hd__and2_2       208
     sky130_fd_sc_hd__and2b_2       32
     sky130_fd_sc_hd__and3_2        18
     sky130_fd_sc_hd__and3b_2        5
     sky130_fd_sc_hd__and4_2        12
     sky130_fd_sc_hd__and4b_2        2
     sky130_fd_sc_hd__and4bb_2       1
     sky130_fd_sc_hd__buf_1       1064
     sky130_fd_sc_hd__clkbuf_16      1
     sky130_fd_sc_hd__conb_1         1
     sky130_fd_sc_hd__dfrtp_2      527
     sky130_fd_sc_hd__dfstp_2       42
     sky130_fd_sc_hd__inv_2        106
     sky130_fd_sc_hd__mux2_2       216
     sky130_fd_sc_hd__nand2_2       54
     sky130_fd_sc_hd__nand3_2        1
     sky130_fd_sc_hd__nor2_2        82
     sky130_fd_sc_hd__nor3_2         2
     sky130_fd_sc_hd__nor4_2         1
     sky130_fd_sc_hd__o2111a_2       5
     sky130_fd_sc_hd__o211a_2        5
     sky130_fd_sc_hd__o211ai_2       3
     sky130_fd_sc_hd__o21a_2         5
     sky130_fd_sc_hd__o21ai_2        5
     sky130_fd_sc_hd__o221a_2       21
     sky130_fd_sc_hd__o22a_2         7
     sky130_fd_sc_hd__o22ai_2        1
     sky130_fd_sc_hd__o2bb2a_2      24
     sky130_fd_sc_hd__o311a_2        1
     sky130_fd_sc_hd__o31a_2         4
     sky130_fd_sc_hd__o31ai_2        1
     sky130_fd_sc_hd__o41a_2         2
     sky130_fd_sc_hd__or2_2        108
     sky130_fd_sc_hd__or2b_2         3
     sky130_fd_sc_hd__or3_2         25
     sky130_fd_sc_hd__or3b_2         4
     sky130_fd_sc_hd__or4_2          2
     sky130_fd_sc_hd__or4bb_2        1
     sky130_fd_sc_hd__xnor2_2       17
     sky130_fd_sc_hd__xor2_2        11

   Area for cell type \sky130_fd_sc_hd__clkbuf_16 is unknown!

   Chip area for module '\Random_forest_top_ver3': 28240.835200

