OpenROAD b16bda7e82721d10566ff7e2b68f1ff0be9f9e38 
Features included (+) or not (-): +Charts +GPU +GUI +Python
This program is licensed under the BSD-3 license. See the LICENSE file for details.
Components of this program may be licensed under more restrictive licenses which must be honored.
define_corners Typical
read_liberty -corner Typical /home/nguyen2604/.volare/sky130A/libs.ref/sky130_fd_sc_hd/lib/sky130_fd_sc_hd__tt_025C_1v80.lib
Using 1e-12 for capacitance...
Using 1e+03 for resistance...
Using 1e-09 for time...
Using 1e+00 for voltage...
Using 1e-03 for current...
Using 1e-09 for power...
Using 1e-06 for distance...
[INFO]: Reading ODB at '/openlane/designs/Random_forest_top_ver3/runs/RUN_2025.05.10_06.20.59/results/floorplan/Random_forest_top_ver3.odb'…
Reading design constraints file at '/openlane/designs/Random_forest_top_ver3/src/Random_forest_top_ver3.sdc'…
[INFO]: Setting RC values...
[INFO]: Setting signal min routing layer to: met1 and clock min routing layer to met3. 
[INFO]: Setting signal max routing layer to: met5 and clock max routing layer to met5. 
[INFO GPL-0002] DBU: 1000
[INFO GPL-0003] SiteSize: (  0.460  2.720 ) um
[INFO GPL-0004] CoreBBox: (  5.520 10.880 ) ( 270.940 274.720 ) um
[INFO GPL-0006] NumInstances:              3920
[INFO GPL-0007] NumPlaceInstances:         2736
[INFO GPL-0008] NumFixedInstances:         1184
[INFO GPL-0009] NumDummyInstances:            0
[INFO GPL-0010] NumNets:                   2931
[INFO GPL-0011] NumPins:                   8497
[INFO GPL-0012] DieBBox:  (  0.000  0.000 ) ( 276.870 287.590 ) um
[INFO GPL-0013] CoreBBox: (  5.520 10.880 ) ( 270.940 274.720 ) um
[INFO GPL-0016] CoreArea:             70028.413 um^2
[INFO GPL-0017] NonPlaceInstsArea:     1966.886 um^2
[INFO GPL-0018] PlaceInstsArea:       28265.859 um^2
[INFO GPL-0019] Util:                    41.530 %
[INFO GPL-0020] StdInstsArea:         28265.859 um^2
[INFO GPL-0021] MacroInstsArea:           0.000 um^2
[InitialPlace]  Iter: 1 CG residual: 0.00178830 HPWL: 26593180
[InitialPlace]  Iter: 2 CG residual: 0.00028346 HPWL: 27463707
[InitialPlace]  Iter: 3 CG residual: 0.00030843 HPWL: 27417568
[InitialPlace]  Iter: 4 CG residual: 0.00017078 HPWL: 27441262
[InitialPlace]  Iter: 5 CG residual: 0.00020531 HPWL: 27414626
[InitialPlace]  Iter: 6 CG residual: 0.00008542 HPWL: 27451375
[InitialPlace]  Iter: 7 CG residual: 0.00002895 HPWL: 27452187
[InitialPlace]  Iter: 8 CG residual: 0.00004282 HPWL: 27480097
[InitialPlace]  Iter: 9 CG residual: 0.00000961 HPWL: 27471014
[INFO GPL-0031] FillerInit:NumGCells:      2976
[INFO GPL-0032] FillerInit:NumGNets:       2931
[INFO GPL-0033] FillerInit:NumGPins:       8497
[INFO GPL-0023] TargetDensity:            0.450
[INFO GPL-0024] AvrgPlaceInstArea:       10.331 um^2
[INFO GPL-0025] IdealBinArea:            22.958 um^2
[INFO GPL-0026] IdealBinCnt:               3050
[INFO GPL-0027] TotalBinArea:         70028.413 um^2
[INFO GPL-0028] BinCnt:        32     32
[INFO GPL-0029] BinSize: (  8.295  8.245 )
[INFO GPL-0030] NumBins: 1024
[NesterovSolve] Iter:    1 overflow: 0.992 HPWL: 9571721
[NesterovSolve] Iter:   10 overflow: 0.976 HPWL: 9647833
[NesterovSolve] Iter:   20 overflow: 0.970 HPWL: 9737074
[NesterovSolve] Iter:   30 overflow: 0.968 HPWL: 9778031
[NesterovSolve] Iter:   40 overflow: 0.967 HPWL: 9759669
[NesterovSolve] Iter:   50 overflow: 0.967 HPWL: 9750046
[NesterovSolve] Iter:   60 overflow: 0.967 HPWL: 9769947
[NesterovSolve] Iter:   70 overflow: 0.967 HPWL: 9785106
[NesterovSolve] Iter:   80 overflow: 0.966 HPWL: 9781337
[NesterovSolve] Iter:   90 overflow: 0.966 HPWL: 9778049
[NesterovSolve] Iter:  100 overflow: 0.968 HPWL: 9783339
[NesterovSolve] Iter:  110 overflow: 0.967 HPWL: 9793028
[NesterovSolve] Iter:  120 overflow: 0.968 HPWL: 9816187
[NesterovSolve] Iter:  130 overflow: 0.967 HPWL: 9858004
[NesterovSolve] Iter:  140 overflow: 0.967 HPWL: 9930078
[NesterovSolve] Iter:  150 overflow: 0.964 HPWL: 10058735
[NesterovSolve] Iter:  160 overflow: 0.962 HPWL: 10310316
[NesterovSolve] Iter:  170 overflow: 0.957 HPWL: 10851406
[NesterovSolve] Iter:  180 overflow: 0.943 HPWL: 11833906
[NesterovSolve] Iter:  190 overflow: 0.920 HPWL: 13214094
[NesterovSolve] Iter:  200 overflow: 0.888 HPWL: 14593447
[NesterovSolve] Iter:  210 overflow: 0.855 HPWL: 15798910
[NesterovSolve] Iter:  220 overflow: 0.822 HPWL: 17029824
[NesterovSolve] Iter:  230 overflow: 0.787 HPWL: 18322942
[INFO GPL-0100] worst slack 6.97e-09
[INFO GPL-0103] Weighted 292 nets.
[NesterovSolve] Iter:  240 overflow: 0.750 HPWL: 19736028
[NesterovSolve] Iter:  250 overflow: 0.720 HPWL: 21032033
[NesterovSolve] Iter:  260 overflow: 0.684 HPWL: 22635689
[NesterovSolve] Iter:  270 overflow: 0.648 HPWL: 24275893
[INFO GPL-0100] worst slack 6.86e-09
[INFO GPL-0103] Weighted 292 nets.
[NesterovSolve] Iter:  280 overflow: 0.615 HPWL: 25867422
[NesterovSolve] Snapshot saved at iter = 282
[NesterovSolve] Iter:  290 overflow: 0.573 HPWL: 27461209
[NesterovSolve] Iter:  300 overflow: 0.526 HPWL: 28741321
[NesterovSolve] Iter:  310 overflow: 0.490 HPWL: 30016808
[INFO GPL-0100] worst slack 6.85e-09
[INFO GPL-0103] Weighted 292 nets.
[NesterovSolve] Iter:  320 overflow: 0.440 HPWL: 31077467
[NesterovSolve] Iter:  330 overflow: 0.397 HPWL: 31827424
[NesterovSolve] Iter:  340 overflow: 0.355 HPWL: 32140033
[NesterovSolve] Iter:  350 overflow: 0.329 HPWL: 31879564
[NesterovSolve] Iter:  360 overflow: 0.300 HPWL: 31881332
[INFO GPL-0100] worst slack 6.88e-09
[INFO GPL-0103] Weighted 292 nets.
[NesterovSolve] Iter:  370 overflow: 0.273 HPWL: 31889760
[NesterovSolve] Iter:  380 overflow: 0.240 HPWL: 31921118
[NesterovSolve] Iter:  390 overflow: 0.212 HPWL: 31783435
[INFO GPL-0100] worst slack 6.9e-09
[INFO GPL-0103] Weighted 292 nets.
[INFO GPL-0075] Routability numCall: 1 inflationIterCnt: 1 bloatIterCnt: 0
[INFO GPL-0036] TileBBox: (    0    0 ) ( 6900 6900 ) DBU
[INFO GPL-0038] TileCnt:      40   41
[INFO GPL-0039] numRoutingLayers: 6
[INFO GPL-0040] NumTiles: 1640
[INFO GPL-0063] TotalRouteOverflowH2: 0
[INFO GPL-0064] TotalRouteOverflowV2: 0.13333344459533691
[INFO GPL-0065] OverflowTileCnt2: 2
[INFO GPL-0066] 0.5%RC: 1.0000
[INFO GPL-0067] 1.0%RC: 1.0000
[INFO GPL-0068] 2.0%RC: 0.9694
[INFO GPL-0069] 5.0%RC: 0.9062
[INFO GPL-0070] 0.5rcK: 1
[INFO GPL-0071] 1.0rcK: 1
[INFO GPL-0072] 2.0rcK: 0
[INFO GPL-0073] 5.0rcK: 0
[INFO GPL-0074] FinalRC: 1.0000
[INFO GPL-0078] FinalRC lower than minRC (1e+30), min RC updated.
[INFO GPL-0045] InflatedAreaDelta:       10.271 um^2
[INFO GPL-0046] TargetDensity:            0.450
[INFO GPL-0049] WhiteSpaceArea:       68061.526 um^2
[INFO GPL-0050] NesterovInstsArea:    28265.859 um^2
[INFO GPL-0051] TotalFillerArea:       2361.827 um^2
[INFO GPL-0052] TotalGCellsArea:      30627.686 um^2
[INFO GPL-0053] ExpectedGCellsArea:   30637.958 um^2
[INFO GPL-0054] NewTargetDensity:         0.450
[INFO GPL-0055] NewWhiteSpaceArea:    68061.526 um^2
[INFO GPL-0056] MovableArea:          30637.957 um^2
[INFO GPL-0057] NewNesterovInstArea:  28276.130 um^2
[INFO GPL-0058] NewTotalFillerArea:    2361.827 um^2
[INFO GPL-0059] NewTotalGCellsArea:   30637.957 um^2
[NesterovSolve] Revert back to snapshot coordi
[NesterovSolve] Iter:  400 overflow: 0.585 HPWL: 27217007
[NesterovSolve] Iter:  410 overflow: 0.553 HPWL: 28275275
[NesterovSolve] Iter:  420 overflow: 0.532 HPWL: 29126091
[NesterovSolve] Iter:  430 overflow: 0.491 HPWL: 30243552
[NesterovSolve] Iter:  440 overflow: 0.452 HPWL: 31166316
[NesterovSolve] Iter:  450 overflow: 0.410 HPWL: 31610831
[NesterovSolve] Iter:  460 overflow: 0.383 HPWL: 31725589
[NesterovSolve] Iter:  470 overflow: 0.352 HPWL: 31790649
[NesterovSolve] Iter:  480 overflow: 0.317 HPWL: 31929712
[NesterovSolve] Iter:  490 overflow: 0.297 HPWL: 31966875
[NesterovSolve] Iter:  500 overflow: 0.269 HPWL: 31818284
[NesterovSolve] Iter:  510 overflow: 0.240 HPWL: 31860330
[NesterovSolve] Iter:  520 overflow: 0.207 HPWL: 31905592
[INFO GPL-0075] Routability numCall: 2 inflationIterCnt: 2 bloatIterCnt: 0
[INFO GPL-0036] TileBBox: (    0    0 ) ( 6900 6900 ) DBU
[INFO GPL-0038] TileCnt:      40   41
[INFO GPL-0039] numRoutingLayers: 6
[INFO GPL-0040] NumTiles: 1640
[INFO GPL-0063] TotalRouteOverflowH2: 0.10000002384185791
[INFO GPL-0064] TotalRouteOverflowV2: 0.5333335399627686
[INFO GPL-0065] OverflowTileCnt2: 5
[INFO GPL-0066] 0.5%RC: 1.0133
[INFO GPL-0067] 1.0%RC: 1.0000
[INFO GPL-0068] 2.0%RC: 0.9648
[INFO GPL-0069] 5.0%RC: 0.9102
[INFO GPL-0070] 0.5rcK: 1
[INFO GPL-0071] 1.0rcK: 1
[INFO GPL-0072] 2.0rcK: 0
[INFO GPL-0073] 5.0rcK: 0
[INFO GPL-0074] FinalRC: 1.0067
[INFO GPL-0079] MinRC (1) violation occurred, total count: 1.
[INFO GPL-0045] InflatedAreaDelta:      129.761 um^2
[INFO GPL-0046] TargetDensity:            0.450
[INFO GPL-0049] WhiteSpaceArea:       68061.526 um^2
[INFO GPL-0050] NesterovInstsArea:    28276.130 um^2
[INFO GPL-0051] TotalFillerArea:       2361.827 um^2
[INFO GPL-0052] TotalGCellsArea:      30637.957 um^2
[INFO GPL-0053] ExpectedGCellsArea:   30767.719 um^2
[INFO GPL-0054] NewTargetDensity:         0.452
[INFO GPL-0055] NewWhiteSpaceArea:    68061.526 um^2
[INFO GPL-0056] MovableArea:          30767.718 um^2
[INFO GPL-0057] NewNesterovInstArea:  28405.892 um^2
[INFO GPL-0058] NewTotalFillerArea:    2361.827 um^2
[INFO GPL-0059] NewTotalGCellsArea:   30767.718 um^2
[NesterovSolve] Revert back to snapshot coordi
[NesterovSolve] Iter:  530 overflow: 0.574 HPWL: 27541330
[NesterovSolve] Iter:  540 overflow: 0.545 HPWL: 28491708
[NesterovSolve] Iter:  550 overflow: 0.517 HPWL: 29517858
[NesterovSolve] Iter:  560 overflow: 0.477 HPWL: 30616893
[NesterovSolve] Iter:  570 overflow: 0.434 HPWL: 31319507
[NesterovSolve] Iter:  580 overflow: 0.401 HPWL: 31711875
[NesterovSolve] Iter:  590 overflow: 0.367 HPWL: 31817474
[NesterovSolve] Iter:  600 overflow: 0.345 HPWL: 31983023
[NesterovSolve] Iter:  610 overflow: 0.310 HPWL: 31959419
[NesterovSolve] Iter:  620 overflow: 0.287 HPWL: 32020458
[NesterovSolve] Iter:  630 overflow: 0.258 HPWL: 31976074
[NesterovSolve] Iter:  640 overflow: 0.226 HPWL: 31993184
[INFO GPL-0075] Routability numCall: 3 inflationIterCnt: 3 bloatIterCnt: 0
[INFO GPL-0036] TileBBox: (    0    0 ) ( 6900 6900 ) DBU
[INFO GPL-0038] TileCnt:      40   41
[INFO GPL-0039] numRoutingLayers: 6
[INFO GPL-0040] NumTiles: 1640
[INFO GPL-0063] TotalRouteOverflowH2: 0
[INFO GPL-0064] TotalRouteOverflowV2: 0.13333332538604736
[INFO GPL-0065] OverflowTileCnt2: 1
[INFO GPL-0066] 0.5%RC: 1.0000
[INFO GPL-0067] 1.0%RC: 0.9978
[INFO GPL-0068] 2.0%RC: 0.9633
[INFO GPL-0069] 5.0%RC: 0.8967
[INFO GPL-0070] 0.5rcK: 1
[INFO GPL-0071] 1.0rcK: 1
[INFO GPL-0072] 2.0rcK: 0
[INFO GPL-0073] 5.0rcK: 0
[INFO GPL-0074] FinalRC: 0.9989
[INFO GPL-0077] FinalRC lower than targetRC(1), routability not needed.
[NesterovSolve] Iter:  650 overflow: 0.197 HPWL: 31951631
[NesterovSolve] Iter:  660 overflow: 0.173 HPWL: 31941401
[NesterovSolve] Iter:  670 overflow: 0.152 HPWL: 31951772
[INFO GPL-0100] worst slack 6.95e-09
[INFO GPL-0103] Weighted 292 nets.
[NesterovSolve] Iter:  680 overflow: 0.132 HPWL: 31979482
[NesterovSolve] Iter:  690 overflow: 0.112 HPWL: 31962834
[NesterovSolve] Iter:  700 overflow: 0.100 HPWL: 31997153
[NesterovSolve] Finished with Overflow: 0.099191
Setting global connections for newly added cells…
Writing OpenROAD database to '/openlane/designs/Random_forest_top_ver3/runs/RUN_2025.05.10_06.20.59/tmp/placement/7-global.odb'…
Writing netlist to '/openlane/designs/Random_forest_top_ver3/runs/RUN_2025.05.10_06.20.59/tmp/placement/7-global.nl.v'…
Writing powered netlist to '/openlane/designs/Random_forest_top_ver3/runs/RUN_2025.05.10_06.20.59/tmp/placement/7-global.pnl.v'…
Writing layout to '/openlane/designs/Random_forest_top_ver3/runs/RUN_2025.05.10_06.20.59/tmp/placement/7-global.def'…
