
===========================================================================
 report_power
============================================================================
======================= Fastest Corner ===================================

Group                  Internal  Switching    Leakage      Total
                          Power      Power      Power      Power (Watts)
----------------------------------------------------------------
Sequential             2.83e-03   1.12e-04   4.99e-07   2.94e-03  51.3%
Combinational          2.26e-04   3.76e-04   7.35e-09   6.02e-04  10.5%
Clock                  1.01e-03   1.18e-03   9.18e-09   2.19e-03  38.2%
Macro                  0.00e+00   0.00e+00   0.00e+00   0.00e+00   0.0%
Pad                    0.00e+00   0.00e+00   0.00e+00   0.00e+00   0.0%
----------------------------------------------------------------
Total                  4.07e-03   1.67e-03   5.16e-07   5.74e-03 100.0%
                          70.9%      29.1%       0.0%

======================= Slowest Corner ===================================

Group                  Internal  Switching    Leakage      Total
                          Power      Power      Power      Power (Watts)
----------------------------------------------------------------
Sequential             1.87e-03   7.43e-05   1.05e-05   1.95e-03  50.2%
Combinational          1.71e-04   2.51e-04   1.01e-05   4.32e-04  11.1%
Clock                  7.28e-04   7.69e-04   1.22e-06   1.50e-03  38.6%
Macro                  0.00e+00   0.00e+00   0.00e+00   0.00e+00   0.0%
Pad                    0.00e+00   0.00e+00   0.00e+00   0.00e+00   0.0%
----------------------------------------------------------------
Total                  2.76e-03   1.09e-03   2.18e-05   3.88e-03 100.0%
                          71.2%      28.2%       0.6%

======================= Typical Corner ===================================

Group                  Internal  Switching    Leakage      Total
                          Power      Power      Power      Power (Watts)
----------------------------------------------------------------
Sequential             2.43e-03   9.47e-05   4.98e-07   2.53e-03  51.2%
Combinational          2.09e-04   3.21e-04   6.00e-09   5.29e-04  10.7%
Clock                  8.86e-04   9.91e-04   6.59e-09   1.88e-03  38.0%
Macro                  0.00e+00   0.00e+00   0.00e+00   0.00e+00   0.0%
Pad                    0.00e+00   0.00e+00   0.00e+00   0.00e+00   0.0%
----------------------------------------------------------------
Total                  3.53e-03   1.41e-03   5.10e-07   4.94e-03 100.0%
                          71.5%      28.5%       0.0%

