OpenROAD b16bda7e82721d10566ff7e2b68f1ff0be9f9e38 
Features included (+) or not (-): +Charts +GPU +GUI +Python
This program is licensed under the BSD-3 license. See the LICENSE file for details.
Components of this program may be licensed under more restrictive licenses which must be honored.
define_corners Typical
read_liberty -corner Typical /home/nguyen2604/.volare/sky130A/libs.ref/sky130_fd_sc_hd/lib/sky130_fd_sc_hd__tt_025C_1v80.lib
Using 1e-12 for capacitance...
Using 1e+03 for resistance...
Using 1e-09 for time...
Using 1e+00 for voltage...
Using 1e-03 for current...
Using 1e-09 for power...
Using 1e-06 for distance...
[INFO ODB-0227] LEF file: /openlane/designs/Random_forest_top_ver3/runs/RUN_2025.05.10_06.20.59/tmp/merged.nom.lef, created 13 layers, 25 vias, 441 library cells
[INFO ODB-0127] Reading DEF file: /openlane/designs/Random_forest_top_ver3/runs/RUN_2025.05.10_06.20.59/tmp/signoff/39-Random_forest_top_ver3.p.def
[INFO ODB-0128] Design: Random_forest_top_ver3
[INFO ODB-0130]     Created 205 pins.
[INFO ODB-0131]     Created 10498 components and 49739 component-terminals.
[INFO ODB-0132]     Created 2 special nets and 40012 connections.
[INFO ODB-0133]     Created 3027 nets and 9658 connections.
[INFO ODB-0134] Finished DEF file: /openlane/designs/Random_forest_top_ver3/runs/RUN_2025.05.10_06.20.59/tmp/signoff/39-Random_forest_top_ver3.p.def
Reading design constraints file at '/openlane/designs/Random_forest_top_ver3/src/Random_forest_top_ver3.sdc'…
[WARNING] Did not save OpenROAD database!
Writing netlist to '/openlane/designs/Random_forest_top_ver3/runs/RUN_2025.05.10_06.20.59/tmp/signoff/39-Random_forest_top_ver3.nl.v'…
Writing powered netlist to '/openlane/designs/Random_forest_top_ver3/runs/RUN_2025.05.10_06.20.59/tmp/signoff/39-Random_forest_top_ver3.pnl.v'…
