
40. Executing CHECK pass (checking for obvious problems).
Checking module Random_forest_top_ver3...
Checking module $paramod$c9a47fb544b852bc42c3124c5d470784ca8780ab\tree_weight_rom...
Checking module $paramod$e0ee43709ab3447a896df642ca338e19dfebbc4b\tree_weight_rom...
Checking module $paramod$eb1ba5803afa05441b915201e148b61538d3e8da\tree_weight_rom...
Checking module $paramod$5377044df33069c84c3106019a68be13f3c0eae0\tree_weight_rom...
Checking module $paramod$c4709503b3378d69f1f5f4cf77e32a7a67ca8710\tree_weight_rom...
Checking module $paramod$e0948b42f708d514af88bc820dc5ceb8c670c623\tree_weight_rom...
Checking module $paramod$816edaf32d515c0278b03f7fb588975f13dda9cd\tree_weight_rom...
Checking module $paramod$c88249329bfe6510cc6444fa513a9a37decc8ed6\tree_weight_rom...
Checking module $paramod$7ff1f6ced2234d576162e113c16b58ac5e2575b4\tree_weight_rom...
Checking module $paramod$6fff3c4686a5fbb94a94218224f7be69ecb49c90\tree_weight_rom...
Checking module $paramod$a46492b586f611d4c5412221d6702b8f77d00fe6\tree_weight_rom...
Checking module $paramod$c7b3cd6ceafc5f537f6945f9ffee5e894abd00ae\tree_weight_rom...
Checking module $paramod$8f9ddc9393e9e055c1c8f5c96a6391f3f5b5c105\tree_weight_rom...
Checking module $paramod$b992eb40d785b4578739472af9b153bbd58d5989\tree_weight_rom...
Checking module $paramod$59ad6d8860d982dcc98fee142b22b1dc81b1555a\tree_weight_rom...
Checking module $paramod$ddfa33457e847f90785f95d80576c875c2a0da1c\tree_weight_rom...
Checking module $paramod$55e9975373f5347891f4f7444250c52305c174d7\tree_weight_rom...
Checking module $paramod$3afc9880f8e35c564077c97d06b1b40c0a62da5f\tree_weight_rom...
Checking module $paramod$6b353885eb981a159723854873a9ad303e9f2daf\pipelined_tree...
Checking module $paramod$809c21c223e2953cb9c5f6c66867fef481ddef73\pipelined_tree...
Checking module $paramod$ceda3f18c327e9f45b4423dd6c0457f902713bfa\pipelined_tree...
Checking module $paramod$1a24bf7bdc6c43e123256b5c9f76bea1f8f6236d\pipelined_tree...
Checking module $paramod$168b6466590c62f6d8c022f3ff6ba07ee2965344\pipelined_tree...
Checking module $paramod$5e9073185fefb452ad435dc4ec08f845f3356119\pipelined_tree...
Checking module $paramod$3254db2ce999882c22d9a5e4e31b4c154b3e5b48\pipelined_tree...
Checking module $paramod$401353866237be3758f562a5f0f5b1f2300c33ec\pipelined_tree...
Checking module $paramod$83f2db166da1be10aa2219892633906dc1e6847a\pipelined_tree...
Checking module $paramod$295c3c9b35df6aae666af4c41a4dcc7069f2abe0\pipelined_tree...
Checking module $paramod$3f21b11aa3a0e2d63b4c0a84b30b5da718df9cb4\pipelined_tree...
Checking module $paramod$f038274cbbc016c5b5999448ef928c51abaf30cc\pipelined_tree...
Checking module $paramod$5540fe1e66e0df98d2db2e7b2f7943ed8cc40088\pipelined_tree...
Checking module $paramod$3dcec9cd4cfae6efe77d6ff942a5871f944c79c9\pipelined_tree...
Checking module $paramod$9894ea44136b8f8948a3f3ae482bab9cfcd55fed\pipelined_tree...
Checking module $paramod$98de2fbd6a5dd9b1d333ad6b6ee9c443e2c329b3\pipelined_tree...
Checking module $paramod$e86593e55c4c2944991ea0c9851c9abb518ade44\pipelined_tree...
Checking module $paramod$296e99443baa3dc8e28e16fdfc5717c547955c9f\pipelined_tree...
Checking module $paramod$117a06786ebb4061206d2610b46b272ec18d3134\pipelined_tree...
Checking module $paramod$fae1f9d024fcbf4094fab59343a2a8d0e31a45a7\pipelined_tree...
Checking module $paramod$a8931bd833773e42516643df2228590a328bcb32\pipelined_tree...
Checking module $paramod$b87880c0fe18b759ed39542714deb01e8ad85828\tree_rom_20...
Checking module $paramod$b87880c0fe18b759ed39542714deb01e8ad85828\tree_rom_19...
Checking module $paramod$b87880c0fe18b759ed39542714deb01e8ad85828\tree_rom_18...
Checking module $paramod$b87880c0fe18b759ed39542714deb01e8ad85828\tree_rom_17...
Checking module $paramod$b87880c0fe18b759ed39542714deb01e8ad85828\tree_rom_16...
Checking module $paramod$b87880c0fe18b759ed39542714deb01e8ad85828\tree_rom_15...
Checking module $paramod$b87880c0fe18b759ed39542714deb01e8ad85828\tree_rom_14...
Checking module $paramod$b87880c0fe18b759ed39542714deb01e8ad85828\tree_rom_13...
Checking module $paramod$b87880c0fe18b759ed39542714deb01e8ad85828\tree_rom_12...
Checking module $paramod$b87880c0fe18b759ed39542714deb01e8ad85828\tree_rom_11...
Checking module $paramod$b87880c0fe18b759ed39542714deb01e8ad85828\tree_rom_10...
Checking module $paramod$b87880c0fe18b759ed39542714deb01e8ad85828\tree_rom_9...
Checking module $paramod$b87880c0fe18b759ed39542714deb01e8ad85828\tree_rom_8...
Checking module $paramod$b87880c0fe18b759ed39542714deb01e8ad85828\tree_rom_7...
Checking module $paramod$b87880c0fe18b759ed39542714deb01e8ad85828\tree_rom_6...
Checking module $paramod$b87880c0fe18b759ed39542714deb01e8ad85828\tree_rom_5...
Checking module $paramod$b87880c0fe18b759ed39542714deb01e8ad85828\tree_rom_4...
Checking module $paramod$b87880c0fe18b759ed39542714deb01e8ad85828\tree_rom_3...
Checking module $paramod$b87880c0fe18b759ed39542714deb01e8ad85828\tree_rom_2...
Checking module $paramod$b87880c0fe18b759ed39542714deb01e8ad85828\tree_rom_1...
Checking module $paramod$b87880c0fe18b759ed39542714deb01e8ad85828\tree_rom_0...
Checking module $paramod$8fa786e38492a23293a0ded1ecc22782420bbaf1\tree_weight_rom...
Checking module $paramod$1d9071acf65f56b319c42e731b070bf3ddb403fd\tree_weight_rom...
Checking module $paramod$4f5bb56ff6ce61b90ab84a7314daca1d0593fb8a\tree_weight_rom...
Found and reported 0 problems.
