
===========================================================================
report_checks -unconstrained
===========================================================================
======================= Typical Corner ===================================

Startpoint: rst_n (input port clocked by clk)
Endpoint: _4330_ (recovery check against rising-edge clock clk)
Path Group: asynchronous
Path Type: max

Fanout     Cap    Slew   Delay    Time   Description
-----------------------------------------------------------------------------
                  0.00    0.00    0.00   clock clk (rise edge)
                          0.00    0.00   clock network delay (ideal)
                          1.00    1.00 ^ input external delay
     1    0.01    0.10    0.06    1.06 ^ rst_n (in)
                                         rst_n (net)
                  0.10    0.00    1.06 ^ rst_buf/A (sky130_fd_sc_hd__clkbuf_16)
   569    2.05    2.01    1.53    2.60 ^ rst_buf/X (sky130_fd_sc_hd__clkbuf_16)
                                         tree_instances[0].u_tree.rst_n (net)
                  2.01    0.00    2.60 ^ _4330_/RESET_B (sky130_fd_sc_hd__dfrtp_2)
                                  2.60   data arrival time

                  0.00   10.00   10.00   clock clk (rise edge)
                          0.00   10.00   clock network delay (ideal)
                          0.00   10.00   clock reconvergence pessimism
                                 10.00 ^ _4330_/CLK (sky130_fd_sc_hd__dfrtp_2)
                         -0.46    9.54   library recovery time
                                  9.54   data required time
-----------------------------------------------------------------------------
                                  9.54   data required time
                                 -2.60   data arrival time
-----------------------------------------------------------------------------
                                  6.94   slack (MET)


Startpoint: _4365_ (rising edge-triggered flip-flop clocked by clk)
Endpoint: _4357_ (rising edge-triggered flip-flop clocked by clk)
Path Group: clk
Path Type: max

Fanout     Cap    Slew   Delay    Time   Description
-----------------------------------------------------------------------------
                  0.00    0.00    0.00   clock clk (rise edge)
                          0.00    0.00   clock network delay (ideal)
                  0.00    0.00    0.00 ^ _4365_/CLK (sky130_fd_sc_hd__dfrtp_2)
     2    0.01    0.06    0.33    0.33 ^ _4365_/Q (sky130_fd_sc_hd__dfrtp_2)
                                         current_voting_frame[4] (net)
                  0.06    0.00    0.33 ^ _2982_/A (sky130_fd_sc_hd__buf_1)
     8    0.02    0.28    0.25    0.58 ^ _2982_/X (sky130_fd_sc_hd__buf_1)
                                         _0660_ (net)
                  0.28    0.00    0.58 ^ _2983_/A (sky130_fd_sc_hd__buf_1)
     8    0.04    0.51    0.45    1.03 ^ _2983_/X (sky130_fd_sc_hd__buf_1)
                                         _0661_ (net)
                  0.51    0.00    1.03 ^ _2984_/A (sky130_fd_sc_hd__buf_1)
     8    0.04    0.47    0.43    1.47 ^ _2984_/X (sky130_fd_sc_hd__buf_1)
                                         _0662_ (net)
                  0.47    0.00    1.47 ^ _3183_/A1 (sky130_fd_sc_hd__a21oi_2)
     1    0.00    0.08    0.08    1.55 v _3183_/Y (sky130_fd_sc_hd__a21oi_2)
                                         _0855_ (net)
                  0.08    0.00    1.55 v _3190_/A (sky130_fd_sc_hd__and3_2)
     1    0.00    0.03    0.18    1.72 v _3190_/X (sky130_fd_sc_hd__and3_2)
                                         _0862_ (net)
                  0.03    0.00    1.72 v _3211_/B (sky130_fd_sc_hd__or4_2)
     1    0.00    0.11    0.64    2.36 v _3211_/X (sky130_fd_sc_hd__or4_2)
                                         _0883_ (net)
                  0.11    0.00    2.36 v _3212_/D (sky130_fd_sc_hd__nor4_2)
     3    0.01    0.28    0.22    2.58 ^ _3212_/Y (sky130_fd_sc_hd__nor4_2)
                                         _0884_ (net)
                  0.28    0.00    2.58 ^ _3213_/A4 (sky130_fd_sc_hd__a41o_2)
     5    0.02    0.11    0.30    2.87 ^ _3213_/X (sky130_fd_sc_hd__a41o_2)
                                         _0885_ (net)
                  0.11    0.00    2.87 ^ _3219_/B (sky130_fd_sc_hd__or2_2)
     2    0.01    0.04    0.13    3.01 ^ _3219_/X (sky130_fd_sc_hd__or2_2)
                                         _0890_ (net)
                  0.04    0.00    3.01 ^ _3220_/S (sky130_fd_sc_hd__mux2_2)
     1    0.00    0.05    0.31    3.32 v _3220_/X (sky130_fd_sc_hd__mux2_2)
                                         _0891_ (net)
                  0.05    0.00    3.32 v _3221_/A (sky130_fd_sc_hd__buf_1)
     1    0.00    0.02    0.08    3.40 v _3221_/X (sky130_fd_sc_hd__buf_1)
                                         _0117_ (net)
                  0.02    0.00    3.40 v _4357_/D (sky130_fd_sc_hd__dfrtp_2)
                                  3.40   data arrival time

                  0.00   10.00   10.00   clock clk (rise edge)
                          0.00   10.00   clock network delay (ideal)
                          0.00   10.00   clock reconvergence pessimism
                                 10.00 ^ _4357_/CLK (sky130_fd_sc_hd__dfrtp_2)
                         -0.12    9.88   library setup time
                                  9.88   data required time
-----------------------------------------------------------------------------
                                  9.88   data required time
                                 -3.40   data arrival time
-----------------------------------------------------------------------------
                                  6.48   slack (MET)




===========================================================================
report_checks --slack_max -0.01
============================================================================
======================= Typical Corner ===================================

No paths found.


===========================================================================
 report_check_types -max_slew -max_cap -max_fanout -violators
============================================================================
======================= Typical Corner ===================================

max slew

Pin                                    Limit    Slew   Slack
------------------------------------------------------------
_4329_/SET_B                            1.50    2.01   -0.51 (VIOLATED)
_4330_/RESET_B                          1.50    2.01   -0.51 (VIOLATED)
_4331_/RESET_B                          1.50    2.01   -0.51 (VIOLATED)
_4332_/RESET_B                          1.50    2.01   -0.51 (VIOLATED)
_4333_/SET_B                            1.50    2.01   -0.51 (VIOLATED)
_4334_/RESET_B                          1.50    2.01   -0.51 (VIOLATED)
_4335_/RESET_B                          1.50    2.01   -0.51 (VIOLATED)
_4336_/RESET_B                          1.50    2.01   -0.51 (VIOLATED)
_4337_/SET_B                            1.50    2.01   -0.51 (VIOLATED)
_4338_/RESET_B                          1.50    2.01   -0.51 (VIOLATED)
_4339_/RESET_B                          1.50    2.01   -0.51 (VIOLATED)
_4340_/RESET_B                          1.50    2.01   -0.51 (VIOLATED)
_4341_/SET_B                            1.50    2.01   -0.51 (VIOLATED)
_4342_/RESET_B                          1.50    2.01   -0.51 (VIOLATED)
_4343_/RESET_B                          1.50    2.01   -0.51 (VIOLATED)
_4344_/RESET_B                          1.50    2.01   -0.51 (VIOLATED)
_4345_/RESET_B                          1.50    2.01   -0.51 (VIOLATED)
_4346_/RESET_B                          1.50    2.01   -0.51 (VIOLATED)
_4347_/RESET_B                          1.50    2.01   -0.51 (VIOLATED)
_4348_/RESET_B                          1.50    2.01   -0.51 (VIOLATED)
_4349_/RESET_B                          1.50    2.01   -0.51 (VIOLATED)
_4350_/RESET_B                          1.50    2.01   -0.51 (VIOLATED)
_4351_/RESET_B                          1.50    2.01   -0.51 (VIOLATED)
_4352_/RESET_B                          1.50    2.01   -0.51 (VIOLATED)
_4353_/RESET_B                          1.50    2.01   -0.51 (VIOLATED)
_4354_/RESET_B                          1.50    2.01   -0.51 (VIOLATED)
_4355_/RESET_B                          1.50    2.01   -0.51 (VIOLATED)
_4356_/RESET_B                          1.50    2.01   -0.51 (VIOLATED)
_4357_/RESET_B                          1.50    2.01   -0.51 (VIOLATED)
_4358_/RESET_B                          1.50    2.01   -0.51 (VIOLATED)
_4359_/RESET_B                          1.50    2.01   -0.51 (VIOLATED)
_4360_/RESET_B                          1.50    2.01   -0.51 (VIOLATED)
_4361_/RESET_B                          1.50    2.01   -0.51 (VIOLATED)
_4362_/RESET_B                          1.50    2.01   -0.51 (VIOLATED)
_4363_/RESET_B                          1.50    2.01   -0.51 (VIOLATED)
_4364_/RESET_B                          1.50    2.01   -0.51 (VIOLATED)
_4365_/RESET_B                          1.50    2.01   -0.51 (VIOLATED)
_4366_/SET_B                            1.50    2.01   -0.51 (VIOLATED)
_4367_/RESET_B                          1.50    2.01   -0.51 (VIOLATED)
_4368_/RESET_B                          1.50    2.01   -0.51 (VIOLATED)
_4369_/RESET_B                          1.50    2.01   -0.51 (VIOLATED)
_4370_/SET_B                            1.50    2.01   -0.51 (VIOLATED)
_4371_/RESET_B                          1.50    2.01   -0.51 (VIOLATED)
_4372_/RESET_B                          1.50    2.01   -0.51 (VIOLATED)
_4373_/RESET_B                          1.50    2.01   -0.51 (VIOLATED)
_4374_/SET_B                            1.50    2.01   -0.51 (VIOLATED)
_4375_/RESET_B                          1.50    2.01   -0.51 (VIOLATED)
_4376_/RESET_B                          1.50    2.01   -0.51 (VIOLATED)
_4377_/RESET_B                          1.50    2.01   -0.51 (VIOLATED)
_4378_/RESET_B                          1.50    2.01   -0.51 (VIOLATED)
_4379_/RESET_B                          1.50    2.01   -0.51 (VIOLATED)
_4380_/RESET_B                          1.50    2.01   -0.51 (VIOLATED)
_4381_/RESET_B                          1.50    2.01   -0.51 (VIOLATED)
_4382_/RESET_B                          1.50    2.01   -0.51 (VIOLATED)
_4383_/RESET_B                          1.50    2.01   -0.51 (VIOLATED)
_4384_/RESET_B                          1.50    2.01   -0.51 (VIOLATED)
_4385_/RESET_B                          1.50    2.01   -0.51 (VIOLATED)
_4386_/RESET_B                          1.50    2.01   -0.51 (VIOLATED)
_4387_/RESET_B                          1.50    2.01   -0.51 (VIOLATED)
_4388_/RESET_B                          1.50    2.01   -0.51 (VIOLATED)
_4389_/RESET_B                          1.50    2.01   -0.51 (VIOLATED)
_4390_/RESET_B                          1.50    2.01   -0.51 (VIOLATED)
_4391_/RESET_B                          1.50    2.01   -0.51 (VIOLATED)
_4392_/RESET_B                          1.50    2.01   -0.51 (VIOLATED)
_4393_/RESET_B                          1.50    2.01   -0.51 (VIOLATED)
_4394_/RESET_B                          1.50    2.01   -0.51 (VIOLATED)
_4395_/RESET_B                          1.50    2.01   -0.51 (VIOLATED)
_4396_/RESET_B                          1.50    2.01   -0.51 (VIOLATED)
_4397_/SET_B                            1.50    2.01   -0.51 (VIOLATED)
_4398_/RESET_B                          1.50    2.01   -0.51 (VIOLATED)
_4399_/RESET_B                          1.50    2.01   -0.51 (VIOLATED)
_4400_/RESET_B                          1.50    2.01   -0.51 (VIOLATED)
_4401_/RESET_B                          1.50    2.01   -0.51 (VIOLATED)
_4402_/RESET_B                          1.50    2.01   -0.51 (VIOLATED)
_4403_/RESET_B                          1.50    2.01   -0.51 (VIOLATED)
_4404_/RESET_B                          1.50    2.01   -0.51 (VIOLATED)
_4405_/RESET_B                          1.50    2.01   -0.51 (VIOLATED)
_4406_/RESET_B                          1.50    2.01   -0.51 (VIOLATED)
_4407_/RESET_B                          1.50    2.01   -0.51 (VIOLATED)
_4408_/RESET_B                          1.50    2.01   -0.51 (VIOLATED)
_4409_/RESET_B                          1.50    2.01   -0.51 (VIOLATED)
_4410_/RESET_B                          1.50    2.01   -0.51 (VIOLATED)
_4411_/RESET_B                          1.50    2.01   -0.51 (VIOLATED)
_4412_/RESET_B                          1.50    2.01   -0.51 (VIOLATED)
_4413_/RESET_B                          1.50    2.01   -0.51 (VIOLATED)
_4414_/RESET_B                          1.50    2.01   -0.51 (VIOLATED)
_4415_/RESET_B                          1.50    2.01   -0.51 (VIOLATED)
_4416_/RESET_B                          1.50    2.01   -0.51 (VIOLATED)
_4417_/RESET_B                          1.50    2.01   -0.51 (VIOLATED)
_4418_/RESET_B                          1.50    2.01   -0.51 (VIOLATED)
_4419_/SET_B                            1.50    2.01   -0.51 (VIOLATED)
_4420_/RESET_B                          1.50    2.01   -0.51 (VIOLATED)
_4421_/RESET_B                          1.50    2.01   -0.51 (VIOLATED)
_4422_/RESET_B                          1.50    2.01   -0.51 (VIOLATED)
_4423_/RESET_B                          1.50    2.01   -0.51 (VIOLATED)
_4424_/RESET_B                          1.50    2.01   -0.51 (VIOLATED)
_4425_/RESET_B                          1.50    2.01   -0.51 (VIOLATED)
_4426_/RESET_B                          1.50    2.01   -0.51 (VIOLATED)
_4427_/RESET_B                          1.50    2.01   -0.51 (VIOLATED)
_4428_/RESET_B                          1.50    2.01   -0.51 (VIOLATED)
_4429_/RESET_B                          1.50    2.01   -0.51 (VIOLATED)
_4430_/RESET_B                          1.50    2.01   -0.51 (VIOLATED)
_4431_/RESET_B                          1.50    2.01   -0.51 (VIOLATED)
_4432_/RESET_B                          1.50    2.01   -0.51 (VIOLATED)
_4433_/RESET_B                          1.50    2.01   -0.51 (VIOLATED)
_4434_/RESET_B                          1.50    2.01   -0.51 (VIOLATED)
_4435_/RESET_B                          1.50    2.01   -0.51 (VIOLATED)
_4436_/RESET_B                          1.50    2.01   -0.51 (VIOLATED)
_4437_/RESET_B                          1.50    2.01   -0.51 (VIOLATED)
_4438_/RESET_B                          1.50    2.01   -0.51 (VIOLATED)
_4439_/RESET_B                          1.50    2.01   -0.51 (VIOLATED)
_4440_/RESET_B                          1.50    2.01   -0.51 (VIOLATED)
_4441_/SET_B                            1.50    2.01   -0.51 (VIOLATED)
_4442_/RESET_B                          1.50    2.01   -0.51 (VIOLATED)
_4443_/SET_B                            1.50    2.01   -0.51 (VIOLATED)
_4444_/RESET_B                          1.50    2.01   -0.51 (VIOLATED)
_4445_/RESET_B                          1.50    2.01   -0.51 (VIOLATED)
_4446_/RESET_B                          1.50    2.01   -0.51 (VIOLATED)
_4447_/RESET_B                          1.50    2.01   -0.51 (VIOLATED)
_4448_/RESET_B                          1.50    2.01   -0.51 (VIOLATED)
_4449_/RESET_B                          1.50    2.01   -0.51 (VIOLATED)
_4450_/RESET_B                          1.50    2.01   -0.51 (VIOLATED)
_4451_/RESET_B                          1.50    2.01   -0.51 (VIOLATED)
_4452_/RESET_B                          1.50    2.01   -0.51 (VIOLATED)
_4453_/RESET_B                          1.50    2.01   -0.51 (VIOLATED)
_4454_/RESET_B                          1.50    2.01   -0.51 (VIOLATED)
_4455_/RESET_B                          1.50    2.01   -0.51 (VIOLATED)
_4456_/RESET_B                          1.50    2.01   -0.51 (VIOLATED)
_4457_/RESET_B                          1.50    2.01   -0.51 (VIOLATED)
_4458_/RESET_B                          1.50    2.01   -0.51 (VIOLATED)
_4459_/RESET_B                          1.50    2.01   -0.51 (VIOLATED)
_4460_/RESET_B                          1.50    2.01   -0.51 (VIOLATED)
_4461_/RESET_B                          1.50    2.01   -0.51 (VIOLATED)
_4462_/RESET_B                          1.50    2.01   -0.51 (VIOLATED)
_4463_/RESET_B                          1.50    2.01   -0.51 (VIOLATED)
_4464_/RESET_B                          1.50    2.01   -0.51 (VIOLATED)
_4465_/RESET_B                          1.50    2.01   -0.51 (VIOLATED)
_4466_/RESET_B                          1.50    2.01   -0.51 (VIOLATED)
_4467_/SET_B                            1.50    2.01   -0.51 (VIOLATED)
_4468_/RESET_B                          1.50    2.01   -0.51 (VIOLATED)
_4469_/RESET_B                          1.50    2.01   -0.51 (VIOLATED)
_4470_/RESET_B                          1.50    2.01   -0.51 (VIOLATED)
_4471_/RESET_B                          1.50    2.01   -0.51 (VIOLATED)
_4472_/RESET_B                          1.50    2.01   -0.51 (VIOLATED)
_4473_/RESET_B                          1.50    2.01   -0.51 (VIOLATED)
_4474_/RESET_B                          1.50    2.01   -0.51 (VIOLATED)
_4475_/RESET_B                          1.50    2.01   -0.51 (VIOLATED)
_4476_/RESET_B                          1.50    2.01   -0.51 (VIOLATED)
_4477_/RESET_B                          1.50    2.01   -0.51 (VIOLATED)
_4478_/RESET_B                          1.50    2.01   -0.51 (VIOLATED)
_4479_/RESET_B                          1.50    2.01   -0.51 (VIOLATED)
_4480_/RESET_B                          1.50    2.01   -0.51 (VIOLATED)
_4481_/RESET_B                          1.50    2.01   -0.51 (VIOLATED)
_4482_/RESET_B                          1.50    2.01   -0.51 (VIOLATED)
_4483_/RESET_B                          1.50    2.01   -0.51 (VIOLATED)
_4484_/RESET_B                          1.50    2.01   -0.51 (VIOLATED)
_4485_/RESET_B                          1.50    2.01   -0.51 (VIOLATED)
_4486_/RESET_B                          1.50    2.01   -0.51 (VIOLATED)
_4487_/RESET_B                          1.50    2.01   -0.51 (VIOLATED)
_4488_/RESET_B                          1.50    2.01   -0.51 (VIOLATED)
_4489_/SET_B                            1.50    2.01   -0.51 (VIOLATED)
_4490_/RESET_B                          1.50    2.01   -0.51 (VIOLATED)
_4491_/SET_B                            1.50    2.01   -0.51 (VIOLATED)
_4492_/RESET_B                          1.50    2.01   -0.51 (VIOLATED)
_4493_/RESET_B                          1.50    2.01   -0.51 (VIOLATED)
_4494_/RESET_B                          1.50    2.01   -0.51 (VIOLATED)
_4495_/RESET_B                          1.50    2.01   -0.51 (VIOLATED)
_4496_/SET_B                            1.50    2.01   -0.51 (VIOLATED)
_4497_/RESET_B                          1.50    2.01   -0.51 (VIOLATED)
_4498_/RESET_B                          1.50    2.01   -0.51 (VIOLATED)
_4499_/RESET_B                          1.50    2.01   -0.51 (VIOLATED)
_4500_/RESET_B                          1.50    2.01   -0.51 (VIOLATED)
_4501_/RESET_B                          1.50    2.01   -0.51 (VIOLATED)
_4502_/RESET_B                          1.50    2.01   -0.51 (VIOLATED)
_4503_/RESET_B                          1.50    2.01   -0.51 (VIOLATED)
_4504_/RESET_B                          1.50    2.01   -0.51 (VIOLATED)
_4505_/RESET_B                          1.50    2.01   -0.51 (VIOLATED)
_4506_/RESET_B                          1.50    2.01   -0.51 (VIOLATED)
_4507_/RESET_B                          1.50    2.01   -0.51 (VIOLATED)
_4508_/RESET_B                          1.50    2.01   -0.51 (VIOLATED)
_4509_/RESET_B                          1.50    2.01   -0.51 (VIOLATED)
_4510_/RESET_B                          1.50    2.01   -0.51 (VIOLATED)
_4511_/RESET_B                          1.50    2.01   -0.51 (VIOLATED)
_4512_/RESET_B                          1.50    2.01   -0.51 (VIOLATED)
_4513_/RESET_B                          1.50    2.01   -0.51 (VIOLATED)
_4514_/RESET_B                          1.50    2.01   -0.51 (VIOLATED)
_4515_/RESET_B                          1.50    2.01   -0.51 (VIOLATED)
_4516_/RESET_B                          1.50    2.01   -0.51 (VIOLATED)
_4517_/RESET_B                          1.50    2.01   -0.51 (VIOLATED)
_4518_/RESET_B                          1.50    2.01   -0.51 (VIOLATED)
_4519_/SET_B                            1.50    2.01   -0.51 (VIOLATED)
_4520_/RESET_B                          1.50    2.01   -0.51 (VIOLATED)
_4521_/RESET_B                          1.50    2.01   -0.51 (VIOLATED)
_4522_/RESET_B                          1.50    2.01   -0.51 (VIOLATED)
_4523_/RESET_B                          1.50    2.01   -0.51 (VIOLATED)
_4524_/RESET_B                          1.50    2.01   -0.51 (VIOLATED)
_4525_/RESET_B                          1.50    2.01   -0.51 (VIOLATED)
_4526_/RESET_B                          1.50    2.01   -0.51 (VIOLATED)
_4527_/RESET_B                          1.50    2.01   -0.51 (VIOLATED)
_4528_/RESET_B                          1.50    2.01   -0.51 (VIOLATED)
_4529_/RESET_B                          1.50    2.01   -0.51 (VIOLATED)
_4530_/RESET_B                          1.50    2.01   -0.51 (VIOLATED)
_4531_/RESET_B                          1.50    2.01   -0.51 (VIOLATED)
_4532_/RESET_B                          1.50    2.01   -0.51 (VIOLATED)
_4533_/RESET_B                          1.50    2.01   -0.51 (VIOLATED)
_4534_/RESET_B                          1.50    2.01   -0.51 (VIOLATED)
_4535_/RESET_B                          1.50    2.01   -0.51 (VIOLATED)
_4536_/RESET_B                          1.50    2.01   -0.51 (VIOLATED)
_4537_/RESET_B                          1.50    2.01   -0.51 (VIOLATED)
_4538_/RESET_B                          1.50    2.01   -0.51 (VIOLATED)
_4539_/RESET_B                          1.50    2.01   -0.51 (VIOLATED)
_4540_/RESET_B                          1.50    2.01   -0.51 (VIOLATED)
_4541_/RESET_B                          1.50    2.01   -0.51 (VIOLATED)
_4542_/SET_B                            1.50    2.01   -0.51 (VIOLATED)
_4543_/RESET_B                          1.50    2.01   -0.51 (VIOLATED)
_4544_/SET_B                            1.50    2.01   -0.51 (VIOLATED)
_4545_/RESET_B                          1.50    2.01   -0.51 (VIOLATED)
_4546_/RESET_B                          1.50    2.01   -0.51 (VIOLATED)
_4547_/RESET_B                          1.50    2.01   -0.51 (VIOLATED)
_4548_/RESET_B                          1.50    2.01   -0.51 (VIOLATED)
_4549_/SET_B                            1.50    2.01   -0.51 (VIOLATED)
_4550_/RESET_B                          1.50    2.01   -0.51 (VIOLATED)
_4551_/RESET_B                          1.50    2.01   -0.51 (VIOLATED)
_4552_/RESET_B                          1.50    2.01   -0.51 (VIOLATED)
_4553_/RESET_B                          1.50    2.01   -0.51 (VIOLATED)
_4554_/RESET_B                          1.50    2.01   -0.51 (VIOLATED)
_4555_/RESET_B                          1.50    2.01   -0.51 (VIOLATED)
_4556_/RESET_B                          1.50    2.01   -0.51 (VIOLATED)
_4557_/RESET_B                          1.50    2.01   -0.51 (VIOLATED)
_4558_/RESET_B                          1.50    2.01   -0.51 (VIOLATED)
_4559_/RESET_B                          1.50    2.01   -0.51 (VIOLATED)
_4560_/RESET_B                          1.50    2.01   -0.51 (VIOLATED)
_4561_/RESET_B                          1.50    2.01   -0.51 (VIOLATED)
_4562_/RESET_B                          1.50    2.01   -0.51 (VIOLATED)
_4563_/RESET_B                          1.50    2.01   -0.51 (VIOLATED)
_4564_/RESET_B                          1.50    2.01   -0.51 (VIOLATED)
_4565_/RESET_B                          1.50    2.01   -0.51 (VIOLATED)
_4566_/RESET_B                          1.50    2.01   -0.51 (VIOLATED)
_4567_/RESET_B                          1.50    2.01   -0.51 (VIOLATED)
_4568_/RESET_B                          1.50    2.01   -0.51 (VIOLATED)
_4569_/RESET_B                          1.50    2.01   -0.51 (VIOLATED)
_4570_/RESET_B                          1.50    2.01   -0.51 (VIOLATED)
_4571_/RESET_B                          1.50    2.01   -0.51 (VIOLATED)
_4572_/SET_B                            1.50    2.01   -0.51 (VIOLATED)
_4573_/RESET_B                          1.50    2.01   -0.51 (VIOLATED)
_4574_/RESET_B                          1.50    2.01   -0.51 (VIOLATED)
_4575_/RESET_B                          1.50    2.01   -0.51 (VIOLATED)
_4576_/RESET_B                          1.50    2.01   -0.51 (VIOLATED)
_4577_/RESET_B                          1.50    2.01   -0.51 (VIOLATED)
_4578_/RESET_B                          1.50    2.01   -0.51 (VIOLATED)
_4579_/RESET_B                          1.50    2.01   -0.51 (VIOLATED)
_4580_/RESET_B                          1.50    2.01   -0.51 (VIOLATED)
_4581_/RESET_B                          1.50    2.01   -0.51 (VIOLATED)
_4582_/RESET_B                          1.50    2.01   -0.51 (VIOLATED)
_4583_/RESET_B                          1.50    2.01   -0.51 (VIOLATED)
_4584_/RESET_B                          1.50    2.01   -0.51 (VIOLATED)
_4585_/RESET_B                          1.50    2.01   -0.51 (VIOLATED)
_4586_/RESET_B                          1.50    2.01   -0.51 (VIOLATED)
_4587_/RESET_B                          1.50    2.01   -0.51 (VIOLATED)
_4588_/RESET_B                          1.50    2.01   -0.51 (VIOLATED)
_4589_/RESET_B                          1.50    2.01   -0.51 (VIOLATED)
_4590_/RESET_B                          1.50    2.01   -0.51 (VIOLATED)
_4591_/RESET_B                          1.50    2.01   -0.51 (VIOLATED)
_4592_/RESET_B                          1.50    2.01   -0.51 (VIOLATED)
_4593_/SET_B                            1.50    2.01   -0.51 (VIOLATED)
_4594_/RESET_B                          1.50    2.01   -0.51 (VIOLATED)
_4595_/SET_B                            1.50    2.01   -0.51 (VIOLATED)
_4596_/RESET_B                          1.50    2.01   -0.51 (VIOLATED)
_4597_/RESET_B                          1.50    2.01   -0.51 (VIOLATED)
_4598_/RESET_B                          1.50    2.01   -0.51 (VIOLATED)
_4599_/RESET_B                          1.50    2.01   -0.51 (VIOLATED)
_4600_/RESET_B                          1.50    2.01   -0.51 (VIOLATED)
_4601_/RESET_B                          1.50    2.01   -0.51 (VIOLATED)
_4602_/RESET_B                          1.50    2.01   -0.51 (VIOLATED)
_4603_/RESET_B                          1.50    2.01   -0.51 (VIOLATED)
_4604_/RESET_B                          1.50    2.01   -0.51 (VIOLATED)
_4605_/RESET_B                          1.50    2.01   -0.51 (VIOLATED)
_4606_/RESET_B                          1.50    2.01   -0.51 (VIOLATED)
_4607_/RESET_B                          1.50    2.01   -0.51 (VIOLATED)
_4608_/RESET_B                          1.50    2.01   -0.51 (VIOLATED)
_4609_/RESET_B                          1.50    2.01   -0.51 (VIOLATED)
_4610_/RESET_B                          1.50    2.01   -0.51 (VIOLATED)
_4611_/RESET_B                          1.50    2.01   -0.51 (VIOLATED)
_4612_/RESET_B                          1.50    2.01   -0.51 (VIOLATED)
_4613_/RESET_B                          1.50    2.01   -0.51 (VIOLATED)
_4614_/RESET_B                          1.50    2.01   -0.51 (VIOLATED)
_4615_/RESET_B                          1.50    2.01   -0.51 (VIOLATED)
_4616_/RESET_B                          1.50    2.01   -0.51 (VIOLATED)
_4617_/RESET_B                          1.50    2.01   -0.51 (VIOLATED)
_4618_/SET_B                            1.50    2.01   -0.51 (VIOLATED)
_4619_/RESET_B                          1.50    2.01   -0.51 (VIOLATED)
_4620_/SET_B                            1.50    2.01   -0.51 (VIOLATED)
_4621_/RESET_B                          1.50    2.01   -0.51 (VIOLATED)
_4622_/RESET_B                          1.50    2.01   -0.51 (VIOLATED)
_4623_/RESET_B                          1.50    2.01   -0.51 (VIOLATED)
_4624_/RESET_B                          1.50    2.01   -0.51 (VIOLATED)
_4625_/RESET_B                          1.50    2.01   -0.51 (VIOLATED)
_4626_/RESET_B                          1.50    2.01   -0.51 (VIOLATED)
_4627_/RESET_B                          1.50    2.01   -0.51 (VIOLATED)
_4628_/RESET_B                          1.50    2.01   -0.51 (VIOLATED)
_4629_/RESET_B                          1.50    2.01   -0.51 (VIOLATED)
_4630_/RESET_B                          1.50    2.01   -0.51 (VIOLATED)
_4631_/RESET_B                          1.50    2.01   -0.51 (VIOLATED)
_4632_/RESET_B                          1.50    2.01   -0.51 (VIOLATED)
_4633_/RESET_B                          1.50    2.01   -0.51 (VIOLATED)
_4634_/RESET_B                          1.50    2.01   -0.51 (VIOLATED)
_4635_/RESET_B                          1.50    2.01   -0.51 (VIOLATED)
_4636_/RESET_B                          1.50    2.01   -0.51 (VIOLATED)
_4637_/RESET_B                          1.50    2.01   -0.51 (VIOLATED)
_4638_/RESET_B                          1.50    2.01   -0.51 (VIOLATED)
_4639_/RESET_B                          1.50    2.01   -0.51 (VIOLATED)
_4640_/RESET_B                          1.50    2.01   -0.51 (VIOLATED)
_4641_/RESET_B                          1.50    2.01   -0.51 (VIOLATED)
_4642_/RESET_B                          1.50    2.01   -0.51 (VIOLATED)
_4643_/RESET_B                          1.50    2.01   -0.51 (VIOLATED)
_4644_/SET_B                            1.50    2.01   -0.51 (VIOLATED)
_4645_/RESET_B                          1.50    2.01   -0.51 (VIOLATED)
_4646_/SET_B                            1.50    2.01   -0.51 (VIOLATED)
_4647_/RESET_B                          1.50    2.01   -0.51 (VIOLATED)
_4648_/RESET_B                          1.50    2.01   -0.51 (VIOLATED)
_4649_/RESET_B                          1.50    2.01   -0.51 (VIOLATED)
_4650_/RESET_B                          1.50    2.01   -0.51 (VIOLATED)
_4651_/RESET_B                          1.50    2.01   -0.51 (VIOLATED)
_4652_/RESET_B                          1.50    2.01   -0.51 (VIOLATED)
_4653_/RESET_B                          1.50    2.01   -0.51 (VIOLATED)
_4654_/RESET_B                          1.50    2.01   -0.51 (VIOLATED)
_4655_/RESET_B                          1.50    2.01   -0.51 (VIOLATED)
_4656_/RESET_B                          1.50    2.01   -0.51 (VIOLATED)
_4657_/RESET_B                          1.50    2.01   -0.51 (VIOLATED)
_4658_/RESET_B                          1.50    2.01   -0.51 (VIOLATED)
_4659_/RESET_B                          1.50    2.01   -0.51 (VIOLATED)
_4660_/RESET_B                          1.50    2.01   -0.51 (VIOLATED)
_4661_/RESET_B                          1.50    2.01   -0.51 (VIOLATED)
_4662_/RESET_B                          1.50    2.01   -0.51 (VIOLATED)
_4663_/RESET_B                          1.50    2.01   -0.51 (VIOLATED)
_4664_/RESET_B                          1.50    2.01   -0.51 (VIOLATED)
_4665_/RESET_B                          1.50    2.01   -0.51 (VIOLATED)
_4666_/RESET_B                          1.50    2.01   -0.51 (VIOLATED)
_4667_/RESET_B                          1.50    2.01   -0.51 (VIOLATED)
_4668_/RESET_B                          1.50    2.01   -0.51 (VIOLATED)
_4669_/RESET_B                          1.50    2.01   -0.51 (VIOLATED)
_4670_/RESET_B                          1.50    2.01   -0.51 (VIOLATED)
_4671_/SET_B                            1.50    2.01   -0.51 (VIOLATED)
_4672_/RESET_B                          1.50    2.01   -0.51 (VIOLATED)
_4673_/RESET_B                          1.50    2.01   -0.51 (VIOLATED)
_4674_/RESET_B                          1.50    2.01   -0.51 (VIOLATED)
_4675_/RESET_B                          1.50    2.01   -0.51 (VIOLATED)
_4676_/RESET_B                          1.50    2.01   -0.51 (VIOLATED)
_4677_/RESET_B                          1.50    2.01   -0.51 (VIOLATED)
_4678_/RESET_B                          1.50    2.01   -0.51 (VIOLATED)
_4679_/RESET_B                          1.50    2.01   -0.51 (VIOLATED)
_4680_/RESET_B                          1.50    2.01   -0.51 (VIOLATED)
_4681_/RESET_B                          1.50    2.01   -0.51 (VIOLATED)
_4682_/RESET_B                          1.50    2.01   -0.51 (VIOLATED)
_4683_/RESET_B                          1.50    2.01   -0.51 (VIOLATED)
_4684_/RESET_B                          1.50    2.01   -0.51 (VIOLATED)
_4685_/RESET_B                          1.50    2.01   -0.51 (VIOLATED)
_4686_/RESET_B                          1.50    2.01   -0.51 (VIOLATED)
_4687_/RESET_B                          1.50    2.01   -0.51 (VIOLATED)
_4688_/RESET_B                          1.50    2.01   -0.51 (VIOLATED)
_4689_/RESET_B                          1.50    2.01   -0.51 (VIOLATED)
_4690_/RESET_B                          1.50    2.01   -0.51 (VIOLATED)
_4691_/RESET_B                          1.50    2.01   -0.51 (VIOLATED)
_4692_/RESET_B                          1.50    2.01   -0.51 (VIOLATED)
_4693_/SET_B                            1.50    2.01   -0.51 (VIOLATED)
_4694_/RESET_B                          1.50    2.01   -0.51 (VIOLATED)
_4695_/RESET_B                          1.50    2.01   -0.51 (VIOLATED)
_4696_/RESET_B                          1.50    2.01   -0.51 (VIOLATED)
_4697_/RESET_B                          1.50    2.01   -0.51 (VIOLATED)
_4698_/RESET_B                          1.50    2.01   -0.51 (VIOLATED)
_4699_/RESET_B                          1.50    2.01   -0.51 (VIOLATED)
_4700_/RESET_B                          1.50    2.01   -0.51 (VIOLATED)
_4701_/RESET_B                          1.50    2.01   -0.51 (VIOLATED)
_4702_/RESET_B                          1.50    2.01   -0.51 (VIOLATED)
_4703_/RESET_B                          1.50    2.01   -0.51 (VIOLATED)
_4704_/RESET_B                          1.50    2.01   -0.51 (VIOLATED)
_4705_/RESET_B                          1.50    2.01   -0.51 (VIOLATED)
_4706_/RESET_B                          1.50    2.01   -0.51 (VIOLATED)
_4707_/RESET_B                          1.50    2.01   -0.51 (VIOLATED)
_4708_/RESET_B                          1.50    2.01   -0.51 (VIOLATED)
_4709_/RESET_B                          1.50    2.01   -0.51 (VIOLATED)
_4710_/RESET_B                          1.50    2.01   -0.51 (VIOLATED)
_4711_/RESET_B                          1.50    2.01   -0.51 (VIOLATED)
_4712_/RESET_B                          1.50    2.01   -0.51 (VIOLATED)
_4713_/RESET_B                          1.50    2.01   -0.51 (VIOLATED)
_4714_/RESET_B                          1.50    2.01   -0.51 (VIOLATED)
_4715_/SET_B                            1.50    2.01   -0.51 (VIOLATED)
_4716_/RESET_B                          1.50    2.01   -0.51 (VIOLATED)
_4717_/SET_B                            1.50    2.01   -0.51 (VIOLATED)
_4718_/RESET_B                          1.50    2.01   -0.51 (VIOLATED)
_4719_/RESET_B                          1.50    2.01   -0.51 (VIOLATED)
_4720_/RESET_B                          1.50    2.01   -0.51 (VIOLATED)
_4721_/RESET_B                          1.50    2.01   -0.51 (VIOLATED)
_4722_/RESET_B                          1.50    2.01   -0.51 (VIOLATED)
_4723_/RESET_B                          1.50    2.01   -0.51 (VIOLATED)
_4724_/RESET_B                          1.50    2.01   -0.51 (VIOLATED)
_4725_/RESET_B                          1.50    2.01   -0.51 (VIOLATED)
_4726_/RESET_B                          1.50    2.01   -0.51 (VIOLATED)
_4727_/RESET_B                          1.50    2.01   -0.51 (VIOLATED)
_4728_/RESET_B                          1.50    2.01   -0.51 (VIOLATED)
_4729_/RESET_B                          1.50    2.01   -0.51 (VIOLATED)
_4730_/RESET_B                          1.50    2.01   -0.51 (VIOLATED)
_4731_/RESET_B                          1.50    2.01   -0.51 (VIOLATED)
_4732_/RESET_B                          1.50    2.01   -0.51 (VIOLATED)
_4733_/RESET_B                          1.50    2.01   -0.51 (VIOLATED)
_4734_/RESET_B                          1.50    2.01   -0.51 (VIOLATED)
_4735_/RESET_B                          1.50    2.01   -0.51 (VIOLATED)
_4736_/RESET_B                          1.50    2.01   -0.51 (VIOLATED)
_4737_/RESET_B                          1.50    2.01   -0.51 (VIOLATED)
_4738_/RESET_B                          1.50    2.01   -0.51 (VIOLATED)
_4739_/RESET_B                          1.50    2.01   -0.51 (VIOLATED)
_4740_/RESET_B                          1.50    2.01   -0.51 (VIOLATED)
_4741_/SET_B                            1.50    2.01   -0.51 (VIOLATED)
_4742_/RESET_B                          1.50    2.01   -0.51 (VIOLATED)
_4743_/RESET_B                          1.50    2.01   -0.51 (VIOLATED)
_4744_/RESET_B                          1.50    2.01   -0.51 (VIOLATED)
_4745_/RESET_B                          1.50    2.01   -0.51 (VIOLATED)
_4746_/RESET_B                          1.50    2.01   -0.51 (VIOLATED)
_4747_/RESET_B                          1.50    2.01   -0.51 (VIOLATED)
_4748_/RESET_B                          1.50    2.01   -0.51 (VIOLATED)
_4749_/RESET_B                          1.50    2.01   -0.51 (VIOLATED)
_4750_/RESET_B                          1.50    2.01   -0.51 (VIOLATED)
_4751_/RESET_B                          1.50    2.01   -0.51 (VIOLATED)
_4752_/RESET_B                          1.50    2.01   -0.51 (VIOLATED)
_4753_/RESET_B                          1.50    2.01   -0.51 (VIOLATED)
_4754_/RESET_B                          1.50    2.01   -0.51 (VIOLATED)
_4755_/RESET_B                          1.50    2.01   -0.51 (VIOLATED)
_4756_/RESET_B                          1.50    2.01   -0.51 (VIOLATED)
_4757_/RESET_B                          1.50    2.01   -0.51 (VIOLATED)
_4758_/RESET_B                          1.50    2.01   -0.51 (VIOLATED)
_4759_/RESET_B                          1.50    2.01   -0.51 (VIOLATED)
_4760_/RESET_B                          1.50    2.01   -0.51 (VIOLATED)
_4761_/RESET_B                          1.50    2.01   -0.51 (VIOLATED)
_4762_/RESET_B                          1.50    2.01   -0.51 (VIOLATED)
_4763_/SET_B                            1.50    2.01   -0.51 (VIOLATED)
_4764_/RESET_B                          1.50    2.01   -0.51 (VIOLATED)
_4765_/SET_B                            1.50    2.01   -0.51 (VIOLATED)
_4766_/RESET_B                          1.50    2.01   -0.51 (VIOLATED)
_4767_/RESET_B                          1.50    2.01   -0.51 (VIOLATED)
_4768_/RESET_B                          1.50    2.01   -0.51 (VIOLATED)
_4769_/SET_B                            1.50    2.01   -0.51 (VIOLATED)
_4770_/RESET_B                          1.50    2.01   -0.51 (VIOLATED)
_4771_/RESET_B                          1.50    2.01   -0.51 (VIOLATED)
_4772_/RESET_B                          1.50    2.01   -0.51 (VIOLATED)
_4773_/RESET_B                          1.50    2.01   -0.51 (VIOLATED)
_4774_/RESET_B                          1.50    2.01   -0.51 (VIOLATED)
_4775_/RESET_B                          1.50    2.01   -0.51 (VIOLATED)
_4776_/RESET_B                          1.50    2.01   -0.51 (VIOLATED)
_4777_/RESET_B                          1.50    2.01   -0.51 (VIOLATED)
_4778_/RESET_B                          1.50    2.01   -0.51 (VIOLATED)
_4779_/RESET_B                          1.50    2.01   -0.51 (VIOLATED)
_4780_/RESET_B                          1.50    2.01   -0.51 (VIOLATED)
_4781_/RESET_B                          1.50    2.01   -0.51 (VIOLATED)
_4782_/RESET_B                          1.50    2.01   -0.51 (VIOLATED)
_4783_/RESET_B                          1.50    2.01   -0.51 (VIOLATED)
_4784_/RESET_B                          1.50    2.01   -0.51 (VIOLATED)
_4785_/RESET_B                          1.50    2.01   -0.51 (VIOLATED)
_4786_/RESET_B                          1.50    2.01   -0.51 (VIOLATED)
_4787_/RESET_B                          1.50    2.01   -0.51 (VIOLATED)
_4788_/RESET_B                          1.50    2.01   -0.51 (VIOLATED)
_4789_/RESET_B                          1.50    2.01   -0.51 (VIOLATED)
_4790_/RESET_B                          1.50    2.01   -0.51 (VIOLATED)
_4791_/RESET_B                          1.50    2.01   -0.51 (VIOLATED)
_4792_/RESET_B                          1.50    2.01   -0.51 (VIOLATED)
_4793_/SET_B                            1.50    2.01   -0.51 (VIOLATED)
_4794_/RESET_B                          1.50    2.01   -0.51 (VIOLATED)
_4795_/RESET_B                          1.50    2.01   -0.51 (VIOLATED)
_4796_/RESET_B                          1.50    2.01   -0.51 (VIOLATED)
_4797_/RESET_B                          1.50    2.01   -0.51 (VIOLATED)
_4798_/RESET_B                          1.50    2.01   -0.51 (VIOLATED)
_4799_/RESET_B                          1.50    2.01   -0.51 (VIOLATED)
_4800_/RESET_B                          1.50    2.01   -0.51 (VIOLATED)
_4801_/RESET_B                          1.50    2.01   -0.51 (VIOLATED)
_4802_/RESET_B                          1.50    2.01   -0.51 (VIOLATED)
_4803_/RESET_B                          1.50    2.01   -0.51 (VIOLATED)
_4804_/RESET_B                          1.50    2.01   -0.51 (VIOLATED)
_4805_/RESET_B                          1.50    2.01   -0.51 (VIOLATED)
_4806_/RESET_B                          1.50    2.01   -0.51 (VIOLATED)
_4807_/RESET_B                          1.50    2.01   -0.51 (VIOLATED)
_4808_/RESET_B                          1.50    2.01   -0.51 (VIOLATED)
_4809_/RESET_B                          1.50    2.01   -0.51 (VIOLATED)
_4810_/RESET_B                          1.50    2.01   -0.51 (VIOLATED)
_4811_/RESET_B                          1.50    2.01   -0.51 (VIOLATED)
_4812_/RESET_B                          1.50    2.01   -0.51 (VIOLATED)
_4813_/RESET_B                          1.50    2.01   -0.51 (VIOLATED)
_4814_/RESET_B                          1.50    2.01   -0.51 (VIOLATED)
_4815_/SET_B                            1.50    2.01   -0.51 (VIOLATED)
_4816_/RESET_B                          1.50    2.01   -0.51 (VIOLATED)
_4817_/SET_B                            1.50    2.01   -0.51 (VIOLATED)
_4818_/RESET_B                          1.50    2.01   -0.51 (VIOLATED)
_4819_/RESET_B                          1.50    2.01   -0.51 (VIOLATED)
_4820_/RESET_B                          1.50    2.01   -0.51 (VIOLATED)
_4821_/RESET_B                          1.50    2.01   -0.51 (VIOLATED)
_4822_/RESET_B                          1.50    2.01   -0.51 (VIOLATED)
_4823_/RESET_B                          1.50    2.01   -0.51 (VIOLATED)
_4824_/RESET_B                          1.50    2.01   -0.51 (VIOLATED)
_4825_/RESET_B                          1.50    2.01   -0.51 (VIOLATED)
_4826_/RESET_B                          1.50    2.01   -0.51 (VIOLATED)
_4827_/RESET_B                          1.50    2.01   -0.51 (VIOLATED)
_4828_/RESET_B                          1.50    2.01   -0.51 (VIOLATED)
_4829_/RESET_B                          1.50    2.01   -0.51 (VIOLATED)
_4830_/RESET_B                          1.50    2.01   -0.51 (VIOLATED)
_4831_/RESET_B                          1.50    2.01   -0.51 (VIOLATED)
_4832_/RESET_B                          1.50    2.01   -0.51 (VIOLATED)
_4833_/RESET_B                          1.50    2.01   -0.51 (VIOLATED)
_4834_/RESET_B                          1.50    2.01   -0.51 (VIOLATED)
_4835_/RESET_B                          1.50    2.01   -0.51 (VIOLATED)
_4836_/RESET_B                          1.50    2.01   -0.51 (VIOLATED)
_4837_/RESET_B                          1.50    2.01   -0.51 (VIOLATED)
_4838_/RESET_B                          1.50    2.01   -0.51 (VIOLATED)
_4839_/RESET_B                          1.50    2.01   -0.51 (VIOLATED)
_4840_/RESET_B                          1.50    2.01   -0.51 (VIOLATED)
_4841_/SET_B                            1.50    2.01   -0.51 (VIOLATED)
_4842_/RESET_B                          1.50    2.01   -0.51 (VIOLATED)
_4843_/RESET_B                          1.50    2.01   -0.51 (VIOLATED)
_4844_/RESET_B                          1.50    2.01   -0.51 (VIOLATED)
_4845_/RESET_B                          1.50    2.01   -0.51 (VIOLATED)
_4846_/RESET_B                          1.50    2.01   -0.51 (VIOLATED)
_4847_/RESET_B                          1.50    2.01   -0.51 (VIOLATED)
_4848_/RESET_B                          1.50    2.01   -0.51 (VIOLATED)
_4849_/RESET_B                          1.50    2.01   -0.51 (VIOLATED)
_4850_/RESET_B                          1.50    2.01   -0.51 (VIOLATED)
_4851_/RESET_B                          1.50    2.01   -0.51 (VIOLATED)
_4852_/RESET_B                          1.50    2.01   -0.51 (VIOLATED)
_4853_/RESET_B                          1.50    2.01   -0.51 (VIOLATED)
_4854_/RESET_B                          1.50    2.01   -0.51 (VIOLATED)
_4855_/RESET_B                          1.50    2.01   -0.51 (VIOLATED)
_4856_/RESET_B                          1.50    2.01   -0.51 (VIOLATED)
_4857_/RESET_B                          1.50    2.01   -0.51 (VIOLATED)
_4858_/RESET_B                          1.50    2.01   -0.51 (VIOLATED)
_4859_/RESET_B                          1.50    2.01   -0.51 (VIOLATED)
_4860_/RESET_B                          1.50    2.01   -0.51 (VIOLATED)
_4861_/RESET_B                          1.50    2.01   -0.51 (VIOLATED)
_4862_/RESET_B                          1.50    2.01   -0.51 (VIOLATED)
_4863_/RESET_B                          1.50    2.01   -0.51 (VIOLATED)
_4864_/SET_B                            1.50    2.01   -0.51 (VIOLATED)
_4865_/RESET_B                          1.50    2.01   -0.51 (VIOLATED)
_4866_/SET_B                            1.50    2.01   -0.51 (VIOLATED)
_4867_/RESET_B                          1.50    2.01   -0.51 (VIOLATED)
_4868_/RESET_B                          1.50    2.01   -0.51 (VIOLATED)
_4869_/RESET_B                          1.50    2.01   -0.51 (VIOLATED)
_4870_/SET_B                            1.50    2.01   -0.51 (VIOLATED)
_4871_/RESET_B                          1.50    2.01   -0.51 (VIOLATED)
_4872_/RESET_B                          1.50    2.01   -0.51 (VIOLATED)
_4873_/RESET_B                          1.50    2.01   -0.51 (VIOLATED)
_4874_/RESET_B                          1.50    2.01   -0.51 (VIOLATED)
_4875_/RESET_B                          1.50    2.01   -0.51 (VIOLATED)
_4876_/RESET_B                          1.50    2.01   -0.51 (VIOLATED)
_4877_/RESET_B                          1.50    2.01   -0.51 (VIOLATED)
_4878_/RESET_B                          1.50    2.01   -0.51 (VIOLATED)
_4879_/RESET_B                          1.50    2.01   -0.51 (VIOLATED)
_4880_/RESET_B                          1.50    2.01   -0.51 (VIOLATED)
_4881_/RESET_B                          1.50    2.01   -0.51 (VIOLATED)
_4882_/RESET_B                          1.50    2.01   -0.51 (VIOLATED)
_4883_/RESET_B                          1.50    2.01   -0.51 (VIOLATED)
_4884_/RESET_B                          1.50    2.01   -0.51 (VIOLATED)
_4885_/RESET_B                          1.50    2.01   -0.51 (VIOLATED)
_4886_/RESET_B                          1.50    2.01   -0.51 (VIOLATED)
_4887_/RESET_B                          1.50    2.01   -0.51 (VIOLATED)
_4888_/RESET_B                          1.50    2.01   -0.51 (VIOLATED)
_4889_/RESET_B                          1.50    2.01   -0.51 (VIOLATED)
_4890_/RESET_B                          1.50    2.01   -0.51 (VIOLATED)
_4891_/RESET_B                          1.50    2.01   -0.51 (VIOLATED)
_4892_/RESET_B                          1.50    2.01   -0.51 (VIOLATED)
_4893_/RESET_B                          1.50    2.01   -0.51 (VIOLATED)
_4894_/SET_B                            1.50    2.01   -0.51 (VIOLATED)
_4895_/RESET_B                          1.50    2.01   -0.51 (VIOLATED)
_4896_/RESET_B                          1.50    2.01   -0.51 (VIOLATED)
_4897_/RESET_B                          1.50    2.01   -0.51 (VIOLATED)
rst_buf/X                               1.51    2.01   -0.50 (VIOLATED)

max capacitance

Pin                                    Limit     Cap   Slack
------------------------------------------------------------
rst_buf/X                               1.53    2.05   -0.52 (VIOLATED)


max slew violations count Typical: 570
max fanout violations count Typical: 0
max cap violations count Typical: 1

===========================================================================
report_parasitic_annotation -report_unannotated
============================================================================
Found 2932 unannotated drivers.
 arbitration_id[0]
 arbitration_id[10]
 arbitration_id[11]
 arbitration_id[12]
 arbitration_id[13]
 arbitration_id[14]
 arbitration_id[15]
 arbitration_id[16]
 arbitration_id[17]
 arbitration_id[18]
 arbitration_id[19]
 arbitration_id[1]
 arbitration_id[20]
 arbitration_id[21]
 arbitration_id[22]
 arbitration_id[23]
 arbitration_id[24]
 arbitration_id[25]
 arbitration_id[26]
 arbitration_id[27]
 arbitration_id[28]
 arbitration_id[29]
 arbitration_id[2]
 arbitration_id[30]
 arbitration_id[31]
 arbitration_id[32]
 arbitration_id[33]
 arbitration_id[34]
 arbitration_id[35]
 arbitration_id[36]
 arbitration_id[37]
 arbitration_id[38]
 arbitration_id[39]
 arbitration_id[3]
 arbitration_id[40]
 arbitration_id[41]
 arbitration_id[42]
 arbitration_id[43]
 arbitration_id[44]
 arbitration_id[45]
 arbitration_id[46]
 arbitration_id[47]
 arbitration_id[48]
 arbitration_id[49]
 arbitration_id[4]
 arbitration_id[50]
 arbitration_id[51]
 arbitration_id[52]
 arbitration_id[53]
 arbitration_id[54]
 arbitration_id[55]
 arbitration_id[56]
 arbitration_id[57]
 arbitration_id[58]
 arbitration_id[59]
 arbitration_id[5]
 arbitration_id[60]
 arbitration_id[61]
 arbitration_id[62]
 arbitration_id[63]
 arbitration_id[6]
 arbitration_id[7]
 arbitration_id[8]
 arbitration_id[9]
 clk
 data_field[0]
 data_field[10]
 data_field[11]
 data_field[12]
 data_field[13]
 data_field[14]
 data_field[15]
 data_field[16]
 data_field[17]
 data_field[18]
 data_field[19]
 data_field[1]
 data_field[20]
 data_field[21]
 data_field[22]
 data_field[23]
 data_field[24]
 data_field[25]
 data_field[26]
 data_field[27]
 data_field[28]
 data_field[29]
 data_field[2]
 data_field[30]
 data_field[31]
 data_field[32]
 data_field[33]
 data_field[34]
 data_field[35]
 data_field[36]
 data_field[37]
 data_field[38]
 data_field[39]
 data_field[3]
 data_field[40]
 data_field[41]
 data_field[42]
 data_field[43]
 data_field[44]
 data_field[45]
 data_field[46]
 data_field[47]
 data_field[48]
 data_field[49]
 data_field[4]
 data_field[50]
 data_field[51]
 data_field[52]
 data_field[53]
 data_field[54]
 data_field[55]
 data_field[56]
 data_field[57]
 data_field[58]
 data_field[59]
 data_field[5]
 data_field[60]
 data_field[61]
 data_field[62]
 data_field[63]
 data_field[6]
 data_field[7]
 data_field[8]
 data_field[9]
 feature_valid
 rst_n
 timestamp[0]
 timestamp[10]
 timestamp[11]
 timestamp[12]
 timestamp[13]
 timestamp[14]
 timestamp[15]
 timestamp[16]
 timestamp[17]
 timestamp[18]
 timestamp[19]
 timestamp[1]
 timestamp[20]
 timestamp[21]
 timestamp[22]
 timestamp[23]
 timestamp[24]
 timestamp[25]
 timestamp[26]
 timestamp[27]
 timestamp[28]
 timestamp[29]
 timestamp[2]
 timestamp[30]
 timestamp[31]
 timestamp[32]
 timestamp[33]
 timestamp[34]
 timestamp[35]
 timestamp[36]
 timestamp[37]
 timestamp[38]
 timestamp[39]
 timestamp[3]
 timestamp[40]
 timestamp[41]
 timestamp[42]
 timestamp[43]
 timestamp[44]
 timestamp[45]
 timestamp[46]
 timestamp[47]
 timestamp[48]
 timestamp[49]
 timestamp[4]
 timestamp[50]
 timestamp[51]
 timestamp[52]
 timestamp[53]
 timestamp[54]
 timestamp[55]
 timestamp[56]
 timestamp[57]
 timestamp[58]
 timestamp[59]
 timestamp[5]
 timestamp[60]
 timestamp[61]
 timestamp[62]
 timestamp[63]
 timestamp[6]
 timestamp[7]
 timestamp[8]
 timestamp[9]
 _2164_/X
 _2165_/X
 _2166_/X
 _2167_/X
 _2168_/X
 _2169_/X
 _2170_/X
 _2171_/X
 _2172_/X
 _2173_/X
 _2174_/Y
 _2175_/X
 _2176_/X
 _2177_/X
 _2178_/X
 _2179_/X
 _2180_/X
 _2181_/X
 _2182_/X
 _2183_/X
 _2184_/Y
 _2185_/X
 _2186_/X
 _2187_/X
 _2188_/Y
 _2189_/Y
 _2190_/Y
 _2191_/X
 _2192_/Y
 _2193_/X
 _2194_/X
 _2195_/X
 _2196_/X
 _2197_/X
 _2198_/X
 _2199_/X
 _2200_/X
 _2201_/X
 _2202_/Y
 _2203_/X
 _2204_/X
 _2205_/X
 _2206_/Y
 _2207_/X
 _2208_/Y
 _2209_/X
 _2210_/X
 _2211_/Y
 _2212_/X
 _2213_/X
 _2214_/X
 _2215_/X
 _2216_/X
 _2217_/X
 _2218_/X
 _2219_/X
 _2220_/X
 _2221_/Y
 _2222_/X
 _2223_/X
 _2224_/X
 _2225_/X
 _2226_/X
 _2227_/Y
 _2228_/X
 _2229_/X
 _2230_/X
 _2231_/X
 _2232_/X
 _2233_/X
 _2234_/Y
 _2235_/Y
 _2236_/X
 _2237_/X
 _2238_/Y
 _2239_/X
 _2240_/X
 _2241_/X
 _2242_/X
 _2243_/Y
 _2244_/X
 _2245_/Y
 _2246_/Y
 _2247_/X
 _2248_/X
 _2249_/X
 _2250_/Y
 _2251_/X
 _2252_/X
 _2253_/X
 _2254_/X
 _2255_/X
 _2256_/Y
 _2257_/X
 _2258_/Y
 _2259_/Y
 _2260_/X
 _2261_/X
 _2262_/X
 _2263_/Y
 _2264_/X
 _2265_/X
 _2266_/X
 _2267_/X
 _2268_/Y
 _2269_/X
 _2270_/Y
 _2271_/X
 _2272_/Y
 _2273_/X
 _2274_/Y
 _2275_/X
 _2276_/X
 _2277_/X
 _2278_/X
 _2279_/X
 _2280_/X
 _2281_/X
 _2282_/X
 _2283_/Y
 _2284_/X
 _2285_/X
 _2286_/Y
 _2287_/X
 _2288_/X
 _2289_/X
 _2290_/Y
 _2291_/X
 _2292_/X
 _2293_/Y
 _2294_/X
 _2295_/X
 _2296_/X
 _2297_/X
 _2298_/X
 _2299_/X
 _2300_/X
 _2301_/X
 _2302_/X
 _2303_/X
 _2304_/X
 _2305_/X
 _2306_/X
 _2307_/X
 _2308_/X
 _2309_/X
 _2310_/Y
 _2311_/Y
 _2312_/X
 _2313_/X
 _2314_/Y
 _2315_/X
 _2316_/X
 _2317_/X
 _2318_/Y
 _2319_/X
 _2320_/Y
 _2321_/Y
 _2322_/X
 _2323_/X
 _2324_/X
 _2325_/X
 _2326_/X
 _2327_/X
 _2328_/X
 _2329_/X
 _2330_/X
 _2331_/X
 _2332_/Y
 _2333_/X
 _2334_/X
 _2335_/X
 _2336_/X
 _2337_/X
 _2338_/X
 _2339_/X
 _2340_/Y
 _2341_/X
 _2342_/X
 _2343_/X
 _2344_/X
 _2345_/X
 _2346_/Y
 _2347_/X
 _2348_/Y
 _2349_/X
 _2350_/X
 _2351_/X
 _2352_/X
 _2353_/X
 _2354_/X
 _2355_/X
 _2356_/X
 _2357_/X
 _2358_/Y
 _2359_/X
 _2360_/X
 _2361_/Y
 _2362_/Y
 _2363_/X
 _2364_/X
 _2365_/X
 _2366_/X
 _2367_/X
 _2368_/X
 _2369_/X
 _2370_/X
 _2371_/X
 _2372_/X
 _2373_/Y
 _2374_/X
 _2375_/X
 _2376_/Y
 _2377_/X
 _2378_/X
 _2379_/X
 _2380_/X
 _2381_/X
 _2382_/X
 _2383_/X
 _2384_/Y
 _2385_/X
 _2386_/X
 _2387_/X
 _2388_/X
 _2389_/X
 _2390_/X
 _2391_/X
 _2392_/X
 _2393_/X
 _2394_/X
 _2395_/X
 _2396_/X
 _2397_/X
 _2398_/Y
 _2399_/Y
 _2400_/X
 _2401_/X
 _2402_/X
 _2403_/X
 _2404_/X
 _2405_/X
 _2406_/X
 _2407_/Y
 _2408_/Y
 _2409_/Y
 _2410_/X
 _2411_/X
 _2412_/X
 _2413_/X
 _2414_/X
 _2415_/X
 _2416_/X
 _2417_/X
 _2418_/X
 _2419_/X
 _2420_/X
 _2421_/X
 _2422_/Y
 _2423_/X
 _2424_/X
 _2425_/X
 _2426_/X
 _2427_/Y
 _2428_/Y
 _2429_/X
 _2430_/X
 _2431_/Y
 _2432_/X
 _2433_/X
 _2434_/X
 _2435_/X
 _2436_/Y
 _2437_/Y
 _2438_/X
 _2439_/X
 _2440_/X
 _2441_/Y
 _2442_/X
 _2443_/X
 _2444_/Y
 _2445_/X
 _2446_/X
 _2447_/X
 _2448_/X
 _2449_/X
 _2450_/Y
 _2451_/Y
 _2452_/X
 _2453_/X
 _2454_/X
 _2455_/X
 _2456_/X
 _2457_/Y
 _2458_/Y
 _2459_/X
 _2460_/Y
 _2461_/Y
 _2462_/X
 _2463_/X
 _2464_/X
 _2465_/X
 _2466_/X
 _2467_/X
 _2468_/X
 _2469_/X
 _2470_/X
 _2471_/X
 _2472_/X
 _2473_/X
 _2474_/Y
 _2475_/X
 _2476_/X
 _2477_/X
 _2478_/X
 _2479_/X
 _2480_/X
 _2481_/X
 _2482_/X
 _2483_/X
 _2484_/X
 _2485_/X
 _2486_/X
 _2487_/X
 _2488_/X
 _2489_/Y
 _2490_/X
 _2491_/X
 _2492_/X
 _2493_/X
 _2494_/X
 _2495_/X
 _2496_/X
 _2497_/X
 _2498_/X
 _2499_/X
 _2500_/Y
 _2501_/X
 _2502_/X
 _2503_/X
 _2504_/X
 _2505_/Y
 _2506_/X
 _2507_/Y
 _2508_/X
 _2509_/X
 _2510_/Y
 _2511_/X
 _2512_/Y
 _2513_/X
 _2514_/X
 _2515_/Y
 _2516_/X
 _2517_/X
 _2518_/Y
 _2519_/X
 _2520_/X
 _2521_/Y
 _2522_/X
 _2523_/X
 _2524_/Y
 _2525_/X
 _2526_/X
 _2527_/X
 _2528_/X
 _2529_/X
 _2530_/X
 _2531_/X
 _2532_/X
 _2533_/X
 _2534_/X
 _2535_/X
 _2536_/X
 _2537_/X
 _2538_/X
 _2539_/Y
 _2540_/X
 _2541_/X
 _2542_/X
 _2543_/Y
 _2544_/Y
 _2545_/X
 _2546_/X
 _2547_/X
 _2548_/X
 _2549_/X
 _2550_/X
 _2551_/X
 _2552_/X
 _2553_/X
 _2554_/X
 _2555_/X
 _2556_/Y
 _2557_/X
 _2558_/Y
 _2559_/Y
 _2560_/Y
 _2561_/X
 _2562_/X
 _2563_/X
 _2564_/X
 _2565_/X
 _2566_/Y
 _2567_/X
 _2568_/X
 _2569_/X
 _2570_/X
 _2571_/X
 _2572_/X
 _2573_/X
 _2574_/Y
 _2575_/X
 _2576_/X
 _2577_/X
 _2578_/X
 _2579_/X
 _2580_/X
 _2581_/X
 _2582_/X
 _2583_/X
 _2584_/Y
 _2585_/X
 _2586_/X
 _2587_/Y
 _2588_/Y
 _2589_/Y
 _2590_/X
 _2591_/Y
 _2592_/Y
 _2593_/Y
 _2594_/X
 _2595_/X
 _2596_/Y
 _2597_/Y
 _2598_/X
 _2599_/Y
 _2600_/X
 _2601_/Y
 _2602_/X
 _2603_/Y
 _2604_/Y
 _2605_/X
 _2606_/X
 _2607_/X
 _2608_/X
 _2609_/X
 _2610_/X
 _2611_/X
 _2612_/X
 _2613_/X
 _2614_/X
 _2615_/X
 _2616_/X
 _2617_/X
 _2618_/X
 _2619_/Y
 _2620_/Y
 _2621_/X
 _2622_/X
 _2623_/X
 _2624_/X
 _2625_/X
 _2626_/X
 _2627_/X
 _2628_/X
 _2629_/Y
 _2630_/X
 _2631_/X
 _2632_/X
 _2633_/X
 _2634_/X
 _2635_/X
 _2636_/X
 _2637_/X
 _2638_/X
 _2639_/Y
 _2640_/X
 _2641_/Y
 _2642_/Y
 _2643_/Y
 _2644_/X
 _2645_/X
 _2646_/X
 _2647_/X
 _2648_/X
 _2649_/X
 _2650_/X
 _2651_/X
 _2652_/X
 _2653_/X
 _2654_/X
 _2655_/X
 _2656_/X
 _2657_/X
 _2658_/X
 _2659_/X
 _2660_/X
 _2661_/X
 _2662_/X
 _2663_/X
 _2664_/X
 _2665_/X
 _2666_/X
 _2667_/X
 _2668_/X
 _2669_/X
 _2670_/X
 _2671_/X
 _2672_/X
 _2673_/X
 _2674_/X
 _2675_/X
 _2676_/X
 _2677_/X
 _2678_/X
 _2679_/X
 _2680_/X
 _2681_/X
 _2682_/X
 _2683_/X
 _2684_/Y
 _2685_/X
 _2686_/X
 _2687_/X
 _2688_/X
 _2689_/X
 _2690_/X
 _2691_/X
 _2692_/X
 _2693_/X
 _2694_/X
 _2695_/X
 _2696_/X
 _2697_/X
 _2698_/X
 _2699_/X
 _2700_/X
 _2701_/X
 _2702_/X
 _2703_/X
 _2704_/X
 _2705_/X
 _2706_/X
 _2707_/Y
 _2708_/X
 _2709_/X
 _2710_/X
 _2711_/X
 _2712_/X
 _2713_/X
 _2714_/X
 _2715_/X
 _2716_/X
 _2717_/X
 _2718_/X
 _2719_/X
 _2720_/X
 _2721_/X
 _2722_/X
 _2723_/X
 _2724_/X
 _2725_/X
 _2726_/X
 _2727_/X
 _2728_/Y
 _2729_/X
 _2730_/X
 _2731_/Y
 _2732_/X
 _2733_/X
 _2734_/X
 _2735_/X
 _2736_/X
 _2737_/X
 _2738_/X
 _2739_/X
 _2740_/X
 _2741_/X
 _2742_/X
 _2743_/X
 _2744_/X
 _2745_/X
 _2746_/X
 _2747_/X
 _2748_/X
 _2749_/X
 _2750_/X
 _2751_/X
 _2752_/X
 _2753_/X
 _2754_/X
 _2755_/X
 _2756_/X
 _2757_/X
 _2758_/X
 _2759_/X
 _2760_/X
 _2761_/X
 _2762_/X
 _2763_/X
 _2764_/X
 _2765_/X
 _2766_/X
 _2767_/X
 _2768_/X
 _2769_/X
 _2770_/X
 _2771_/X
 _2772_/X
 _2773_/X
 _2774_/X
 _2775_/X
 _2776_/X
 _2777_/X
 _2778_/X
 _2779_/X
 _2780_/X
 _2781_/X
 _2782_/X
 _2783_/X
 _2784_/X
 _2785_/X
 _2786_/X
 _2787_/X
 _2788_/X
 _2789_/X
 _2790_/X
 _2791_/X
 _2792_/X
 _2793_/X
 _2794_/X
 _2795_/X
 _2796_/X
 _2797_/X
 _2798_/X
 _2799_/X
 _2800_/X
 _2801_/X
 _2802_/X
 _2803_/X
 _2804_/X
 _2805_/X
 _2806_/X
 _2807_/X
 _2808_/X
 _2809_/X
 _2810_/X
 _2811_/X
 _2812_/X
 _2813_/X
 _2814_/X
 _2815_/X
 _2816_/X
 _2817_/X
 _2818_/X
 _2819_/X
 _2820_/X
 _2821_/X
 _2822_/X
 _2823_/X
 _2824_/X
 _2825_/X
 _2826_/X
 _2827_/X
 _2828_/X
 _2829_/X
 _2830_/X
 _2831_/X
 _2832_/X
 _2833_/X
 _2834_/X
 _2835_/X
 _2836_/X
 _2837_/X
 _2838_/X
 _2839_/X
 _2840_/X
 _2841_/X
 _2842_/X
 _2843_/X
 _2844_/X
 _2845_/X
 _2846_/X
 _2847_/X
 _2848_/X
 _2849_/X
 _2850_/X
 _2851_/X
 _2852_/X
 _2853_/X
 _2854_/X
 _2855_/X
 _2856_/X
 _2857_/X
 _2858_/X
 _2859_/X
 _2860_/X
 _2861_/X
 _2862_/X
 _2863_/X
 _2864_/X
 _2865_/X
 _2866_/X
 _2867_/X
 _2868_/X
 _2869_/X
 _2870_/X
 _2871_/X
 _2872_/X
 _2873_/X
 _2874_/X
 _2875_/X
 _2876_/X
 _2877_/X
 _2878_/X
 _2879_/X
 _2880_/X
 _2881_/X
 _2882_/X
 _2883_/X
 _2884_/X
 _2885_/X
 _2886_/X
 _2887_/X
 _2888_/X
 _2889_/X
 _2890_/X
 _2891_/X
 _2892_/X
 _2893_/X
 _2894_/X
 _2895_/Y
 _2896_/X
 _2897_/Y
 _2898_/Y
 _2899_/X
 _2900_/Y
 _2901_/Y
 _2902_/X
 _2903_/Y
 _2904_/Y
 _2905_/X
 _2906_/Y
 _2907_/Y
 _2908_/X
 _2909_/Y
 _2910_/Y
 _2911_/X
 _2912_/Y
 _2913_/Y
 _2914_/X
 _2915_/Y
 _2916_/Y
 _2917_/X
 _2918_/Y
 _2919_/Y
 _2920_/X
 _2921_/Y
 _2922_/Y
 _2923_/X
 _2924_/Y
 _2925_/X
 _2926_/X
 _2927_/X
 _2928_/X
 _2929_/Y
 _2930_/X
 _2931_/Y
 _2932_/Y
 _2933_/X
 _2934_/Y
 _2935_/X
 _2936_/Y
 _2937_/X
 _2938_/X
 _2939_/Y
 _2940_/X
 _2941_/Y
 _2942_/Y
 _2943_/X
 _2944_/Y
 _2945_/Y
 _2946_/X
 _2947_/Y
 _2948_/Y
 _2949_/X
 _2950_/Y
 _2951_/Y
 _2952_/X
 _2953_/Y
 _2954_/Y
 _2955_/X
 _2956_/Y
 _2957_/Y
 _2958_/X
 _2959_/Y
 _2960_/Y
 _2961_/X
 _2962_/Y
 _2963_/X
 _2964_/Y
 _2965_/X
 _2966_/X
 _2967_/Y
 _2968_/X
 _2969_/X
 _2970_/X
 _2971_/X
 _2972_/X
 _2973_/X
 _2974_/X
 _2975_/X
 _2976_/X
 _2977_/X
 _2978_/X
 _2979_/X
 _2980_/X
 _2981_/X
 _2982_/X
 _2983_/X
 _2984_/X
 _2985_/X
 _2986_/X
 _2987_/X
 _2988_/X
 _2989_/X
 _2990_/X
 _2991_/X
 _2992_/X
 _2993_/Y
 _2994_/X
 _2995_/Y
 _2996_/X
 _2997_/X
 _2998_/X
 _2999_/X
 _3000_/X
 _3001_/Y
 _3002_/X
 _3003_/Y
 _3004_/X
 _3005_/X
 _3006_/Y
 _3007_/X
 _3008_/X
 _3009_/X
 _3010_/Y
 _3011_/Y
 _3012_/Y
 _3013_/X
 _3014_/X
 _3015_/Y
 _3016_/Y
 _3017_/Y
 _3018_/X
 _3019_/X
 _3020_/X
 _3021_/X
 _3022_/X
 _3023_/Y
 _3024_/X
 _3025_/X
 _3026_/Y
 _3027_/X
 _3028_/X
 _3029_/Y
 _3030_/X
 _3031_/Y
 _3032_/X
 _3033_/X
 _3034_/X
 _3035_/Y
 _3036_/X
 _3037_/X
 _3038_/X
 _3039_/X
 _3040_/X
 _3041_/X
 _3042_/X
 _3043_/X
 _3044_/Y
 _3045_/Y
 _3046_/X
 _3047_/X
 _3048_/X
 _3049_/X
 _3050_/X
 _3051_/Y
 _3052_/Y
 _3053_/X
 _3054_/X
 _3055_/X
 _3056_/X
 _3057_/Y
 _3058_/Y
 _3059_/X
 _3060_/X
 _3061_/X
 _3062_/Y
 _3063_/X
 _3064_/X
 _3065_/Y
 _3066_/X
 _3067_/X
 _3068_/X
 _3069_/X
 _3070_/Y
 _3071_/X
 _3072_/X
 _3073_/Y
 _3074_/Y
 _3075_/X
 _3076_/Y
 _3077_/Y
 _3078_/Y
 _3079_/X
 _3080_/X
 _3081_/Y
 _3082_/X
 _3083_/Y
 _3084_/X
 _3085_/Y
 _3086_/X
 _3087_/X
 _3088_/X
 _3089_/X
 _3090_/X
 _3091_/X
 _3092_/X
 _3093_/X
 _3094_/Y
 _3095_/X
 _3096_/Y
 _3097_/Y
 _3098_/X
 _3099_/X
 _3100_/X
 _3101_/Y
 _3102_/Y
 _3103_/X
 _3104_/X
 _3105_/Y
 _3106_/Y
 _3107_/X
 _3108_/X
 _3109_/X
 _3110_/X
 _3111_/Y
 _3112_/Y
 _3113_/X
 _3114_/Y
 _3115_/X
 _3116_/X
 _3117_/X
 _3118_/X
 _3119_/X
 _3120_/Y
 _3121_/Y
 _3122_/X
 _3123_/X
 _3124_/Y
 _3125_/X
 _3126_/Y
 _3127_/X
 _3128_/X
 _3129_/X
 _3130_/Y
 _3131_/Y
 _3132_/X
 _3133_/X
 _3134_/Y
 _3135_/X
 _3136_/Y
 _3137_/X
 _3138_/X
 _3139_/X
 _3140_/X
 _3141_/Y
 _3142_/X
 _3143_/X
 _3144_/Y
 _3145_/X
 _3146_/Y
 _3147_/X
 _3148_/Y
 _3149_/Y
 _3150_/Y
 _3151_/X
 _3152_/X
 _3153_/X
 _3154_/Y
 _3155_/X
 _3156_/Y
 _3157_/X
 _3158_/X
 _3159_/Y
 _3160_/Y
 _3161_/Y
 _3162_/X
 _3163_/Y
 _3164_/Y
 _3165_/X
 _3166_/Y
 _3167_/X
 _3168_/Y
 _3169_/X
 _3170_/X
 _3171_/X
 _3172_/Y
 _3173_/X
 _3174_/X
 _3175_/Y
 _3176_/Y
 _3177_/X
 _3178_/X
 _3179_/X
 _3180_/X
 _3181_/Y
 _3182_/X
 _3183_/Y
 _3184_/X
 _3185_/Y
 _3186_/X
 _3187_/Y
 _3188_/Y
 _3189_/X
 _3190_/X
 _3191_/X
 _3192_/Y
 _3193_/Y
 _3194_/X
 _3195_/Y
 _3196_/X
 _3197_/Y
 _3198_/X
 _3199_/X
 _3200_/Y
 _3201_/X
 _3202_/X
 _3203_/Y
 _3204_/X
 _3205_/X
 _3206_/Y
 _3207_/X
 _3208_/Y
 _3209_/X
 _3210_/X
 _3211_/X
 _3212_/Y
 _3213_/X
 _3214_/X
 _3215_/Y
 _3216_/Y
 _3217_/Y
 _3218_/Y
 _3219_/X
 _3220_/X
 _3221_/X
 _3222_/Y
 _3223_/Y
 _3224_/Y
 _3225_/X
 _3226_/Y
 _3227_/Y
 _3228_/X
 _3229_/Y
 _3230_/X
 _3231_/Y
 _3232_/Y
 _3233_/X
 _3234_/X
 _3235_/X
 _3236_/Y
 _3237_/Y
 _3238_/Y
 _3239_/Y
 _3240_/Y
 _3241_/X
 _3242_/Y
 _3243_/Y
 _3244_/Y
 _3245_/X
 _3246_/X
 _3247_/X
 _3248_/Y
 _3249_/X
 _3250_/X
 _3251_/X
 _3252_/X
 _3253_/X
 _3254_/X
 _3255_/X
 _3256_/X
 _3257_/X
 _3258_/X
 _3259_/X
 _3260_/X
 _3261_/X
 _3262_/X
 _3263_/X
 _3264_/X
 _3265_/X
 _3266_/X
 _3267_/X
 _3268_/X
 _3269_/X
 _3270_/X
 _3271_/X
 _3272_/X
 _3273_/X
 _3274_/X
 _3275_/X
 _3276_/X
 _3277_/X
 _3278_/X
 _3279_/X
 _3280_/X
 _3281_/X
 _3282_/X
 _3283_/X
 _3284_/X
 _3285_/X
 _3286_/X
 _3287_/X
 _3288_/X
 _3289_/X
 _3290_/Y
 _3291_/X
 _3292_/Y
 _3293_/X
 _3294_/X
 _3295_/X
 _3296_/X
 _3297_/X
 _3298_/X
 _3299_/X
 _3300_/X
 _3301_/X
 _3302_/X
 _3303_/X
 _3304_/X
 _3305_/X
 _3306_/X
 _3307_/X
 _3308_/X
 _3309_/X
 _3310_/X
 _3311_/X
 _3312_/X
 _3313_/X
 _3314_/X
 _3315_/X
 _3316_/X
 _3317_/X
 _3318_/X
 _3319_/X
 _3320_/X
 _3321_/X
 _3322_/X
 _3323_/X
 _3324_/X
 _3325_/X
 _3326_/X
 _3327_/X
 _3328_/X
 _3329_/X
 _3330_/X
 _3331_/X
 _3332_/X
 _3333_/X
 _3334_/X
 _3335_/Y
 _3336_/X
 _3337_/X
 _3338_/X
 _3339_/X
 _3340_/X
 _3341_/X
 _3342_/X
 _3343_/X
 _3344_/X
 _3345_/X
 _3346_/X
 _3347_/X
 _3348_/X
 _3349_/X
 _3350_/X
 _3351_/X
 _3352_/X
 _3353_/X
 _3354_/X
 _3355_/X
 _3356_/X
 _3357_/X
 _3358_/X
 _3359_/X
 _3360_/X
 _3361_/X
 _3362_/X
 _3363_/X
 _3364_/X
 _3365_/X
 _3366_/X
 _3367_/X
 _3368_/X
 _3369_/X
 _3370_/X
 _3371_/X
 _3372_/X
 _3373_/X
 _3374_/X
 _3375_/X
 _3376_/X
 _3377_/X
 _3378_/X
 _3379_/X
 _3380_/X
 _3381_/X
 _3382_/X
 _3383_/X
 _3384_/X
 _3385_/X
 _3386_/X
 _3387_/X
 _3388_/X
 _3389_/X
 _3390_/X
 _3391_/X
 _3392_/Y
 _3393_/X
 _3394_/Y
 _3395_/X
 _3396_/X
 _3397_/X
 _3398_/X
 _3399_/X
 _3400_/X
 _3401_/X
 _3402_/X
 _3403_/X
 _3404_/X
 _3405_/X
 _3406_/X
 _3407_/X
 _3408_/X
 _3409_/X
 _3410_/X
 _3411_/X
 _3412_/X
 _3413_/X
 _3414_/X
 _3415_/X
 _3416_/X
 _3417_/X
 _3418_/X
 _3419_/X
 _3420_/X
 _3421_/X
 _3422_/X
 _3423_/X
 _3424_/X
 _3425_/X
 _3426_/X
 _3427_/X
 _3428_/X
 _3429_/X
 _3430_/X
 _3431_/X
 _3432_/X
 _3433_/X
 _3434_/X
 _3435_/X
 _3436_/Y
 _3437_/X
 _3438_/X
 _3439_/X
 _3440_/X
 _3441_/X
 _3442_/X
 _3443_/X
 _3444_/X
 _3445_/X
 _3446_/X
 _3447_/X
 _3448_/Y
 _3449_/X
 _3450_/X
 _3451_/X
 _3452_/X
 _3453_/X
 _3454_/X
 _3455_/X
 _3456_/X
 _3457_/X
 _3458_/X
 _3459_/X
 _3460_/X
 _3461_/X
 _3462_/X
 _3463_/X
 _3464_/X
 _3465_/X
 _3466_/X
 _3467_/X
 _3468_/X
 _3469_/X
 _3470_/X
 _3471_/X
 _3472_/X
 _3473_/X
 _3474_/X
 _3475_/X
 _3476_/X
 _3477_/X
 _3478_/X
 _3479_/X
 _3480_/X
 _3481_/X
 _3482_/X
 _3483_/X
 _3484_/X
 _3485_/X
 _3486_/X
 _3487_/X
 _3488_/X
 _3489_/X
 _3490_/Y
 _3491_/X
 _3492_/Y
 _3493_/X
 _3494_/X
 _3495_/X
 _3496_/X
 _3497_/X
 _3498_/X
 _3499_/X
 _3500_/X
 _3501_/X
 _3502_/X
 _3503_/X
 _3504_/X
 _3505_/X
 _3506_/X
 _3507_/X
 _3508_/X
 _3509_/X
 _3510_/X
 _3511_/X
 _3512_/X
 _3513_/X
 _3514_/X
 _3515_/X
 _3516_/X
 _3517_/X
 _3518_/X
 _3519_/X
 _3520_/X
 _3521_/X
 _3522_/X
 _3523_/X
 _3524_/X
 _3525_/X
 _3526_/X
 _3527_/X
 _3528_/X
 _3529_/X
 _3530_/X
 _3531_/X
 _3532_/X
 _3533_/X
 _3534_/X
 _3535_/X
 _3536_/X
 _3537_/X
 _3538_/X
 _3539_/X
 _3540_/X
 _3541_/X
 _3542_/X
 _3543_/X
 _3544_/X
 _3545_/X
 _3546_/X
 _3547_/X
 _3548_/X
 _3549_/X
 _3550_/X
 _3551_/Y
 _3552_/X
 _3553_/Y
 _3554_/X
 _3555_/Y
 _3556_/X
 _3557_/X
 _3558_/X
 _3559_/X
 _3560_/X
 _3561_/X
 _3562_/X
 _3563_/X
 _3564_/X
 _3565_/X
 _3566_/X
 _3567_/X
 _3568_/X
 _3569_/X
 _3570_/X
 _3571_/X
 _3572_/X
 _3573_/X
 _3574_/X
 _3575_/X
 _3576_/X
 _3577_/X
 _3578_/X
 _3579_/X
 _3580_/X
 _3581_/X
 _3582_/X
 _3583_/X
 _3584_/X
 _3585_/X
 _3586_/X
 _3587_/X
 _3588_/X
 _3589_/X
 _3590_/X
 _3591_/X
 _3592_/X
 _3593_/X
 _3594_/X
 _3595_/X
 _3596_/X
 _3597_/X
 _3598_/X
 _3599_/X
 _3600_/X
 _3601_/X
 _3602_/X
 _3603_/X
 _3604_/X
 _3605_/X
 _3606_/X
 _3607_/X
 _3608_/X
 _3609_/X
 _3610_/X
 _3611_/X
 _3612_/X
 _3613_/X
 _3614_/X
 _3615_/X
 _3616_/X
 _3617_/X
 _3618_/Y
 _3619_/X
 _3620_/Y
 _3621_/X
 _3622_/X
 _3623_/X
 _3624_/X
 _3625_/X
 _3626_/X
 _3627_/X
 _3628_/X
 _3629_/X
 _3630_/X
 _3631_/X
 _3632_/X
 _3633_/X
 _3634_/X
 _3635_/X
 _3636_/X
 _3637_/X
 _3638_/X
 _3639_/X
 _3640_/X
 _3641_/X
 _3642_/X
 _3643_/X
 _3644_/X
 _3645_/X
 _3646_/X
 _3647_/X
 _3648_/X
 _3649_/X
 _3650_/X
 _3651_/X
 _3652_/X
 _3653_/X
 _3654_/X
 _3655_/X
 _3656_/X
 _3657_/X
 _3658_/X
 _3659_/X
 _3660_/X
 _3661_/X
 _3662_/X
 _3663_/X
 _3664_/X
 _3665_/X
 _3666_/X
 _3667_/X
 _3668_/X
 _3669_/X
 _3670_/X
 _3671_/X
 _3672_/X
 _3673_/X
 _3674_/X
 _3675_/X
 _3676_/X
 _3677_/X
 _3678_/X
 _3679_/X
 _3680_/X
 _3681_/X
 _3682_/X
 _3683_/X
 _3684_/X
 _3685_/X
 _3686_/X
 _3687_/X
 _3688_/X
 _3689_/X
 _3690_/X
 _3691_/X
 _3692_/X
 _3693_/X
 _3694_/X
 _3695_/X
 _3696_/X
 _3697_/X
 _3698_/X
 _3699_/X
 _3700_/X
 _3701_/X
 _3702_/X
 _3703_/X
 _3704_/X
 _3705_/X
 _3706_/X
 _3707_/X
 _3708_/X
 _3709_/X
 _3710_/X
 _3711_/X
 _3712_/X
 _3713_/X
 _3714_/X
 _3715_/X
 _3716_/X
 _3717_/X
 _3718_/X
 _3719_/X
 _3720_/X
 _3721_/X
 _3722_/X
 _3723_/X
 _3724_/X
 _3725_/Y
 _3726_/X
 _3727_/X
 _3728_/X
 _3729_/X
 _3730_/X
 _3731_/X
 _3732_/X
 _3733_/X
 _3734_/X
 _3735_/X
 _3736_/X
 _3737_/X
 _3738_/X
 _3739_/X
 _3740_/X
 _3741_/X
 _3742_/X
 _3743_/X
 _3744_/X
 _3745_/X
 _3746_/X
 _3747_/X
 _3748_/X
 _3749_/X
 _3750_/X
 _3751_/X
 _3752_/X
 _3753_/X
 _3754_/X
 _3755_/X
 _3756_/X
 _3757_/X
 _3758_/X
 _3759_/X
 _3760_/X
 _3761_/X
 _3762_/X
 _3763_/X
 _3764_/X
 _3765_/X
 _3766_/X
 _3767_/X
 _3768_/X
 _3769_/X
 _3770_/X
 _3771_/X
 _3772_/X
 _3773_/X
 _3774_/Y
 _3775_/X
 _3776_/Y
 _3777_/X
 _3778_/X
 _3779_/X
 _3780_/X
 _3781_/X
 _3782_/X
 _3783_/X
 _3784_/X
 _3785_/X
 _3786_/X
 _3787_/X
 _3788_/X
 _3789_/X
 _3790_/X
 _3791_/X
 _3792_/X
 _3793_/X
 _3794_/X
 _3795_/X
 _3796_/X
 _3797_/X
 _3798_/X
 _3799_/X
 _3800_/X
 _3801_/X
 _3802_/X
 _3803_/X
 _3804_/X
 _3805_/X
 _3806_/X
 _3807_/X
 _3808_/X
 _3809_/X
 _3810_/X
 _3811_/X
 _3812_/X
 _3813_/X
 _3814_/X
 _3815_/X
 _3816_/X
 _3817_/X
 _3818_/X
 _3819_/Y
 _3820_/X
 _3821_/Y
 _3822_/X
 _3823_/X
 _3824_/X
 _3825_/X
 _3826_/X
 _3827_/X
 _3828_/X
 _3829_/X
 _3830_/X
 _3831_/X
 _3832_/X
 _3833_/X
 _3834_/X
 _3835_/X
 _3836_/X
 _3837_/X
 _3838_/X
 _3839_/X
 _3840_/X
 _3841_/X
 _3842_/X
 _3843_/X
 _3844_/X
 _3845_/X
 _3846_/X
 _3847_/X
 _3848_/X
 _3849_/X
 _3850_/X
 _3851_/X
 _3852_/X
 _3853_/X
 _3854_/X
 _3855_/X
 _3856_/X
 _3857_/X
 _3858_/X
 _3859_/X
 _3860_/X
 _3861_/X
 _3862_/X
 _3863_/X
 _3864_/X
 _3865_/Y
 _3866_/X
 _3867_/X
 _3868_/X
 _3869_/X
 _3870_/X
 _3871_/X
 _3872_/X
 _3873_/X
 _3874_/X
 _3875_/X
 _3876_/X
 _3877_/X
 _3878_/X
 _3879_/X
 _3880_/X
 _3881_/X
 _3882_/X
 _3883_/X
 _3884_/X
 _3885_/X
 _3886_/X
 _3887_/X
 _3888_/X
 _3889_/X
 _3890_/X
 _3891_/X
 _3892_/X
 _3893_/X
 _3894_/X
 _3895_/X
 _3896_/X
 _3897_/X
 _3898_/X
 _3899_/X
 _3900_/X
 _3901_/X
 _3902_/X
 _3903_/X
 _3904_/X
 _3905_/X
 _3906_/X
 _3907_/X
 _3908_/X
 _3909_/X
 _3910_/X
 _3911_/X
 _3912_/X
 _3913_/X
 _3914_/X
 _3915_/X
 _3916_/X
 _3917_/X
 _3918_/X
 _3919_/X
 _3920_/X
 _3921_/X
 _3922_/X
 _3923_/X
 _3924_/X
 _3925_/X
 _3926_/X
 _3927_/X
 _3928_/X
 _3929_/X
 _3930_/X
 _3931_/X
 _3932_/X
 _3933_/X
 _3934_/X
 _3935_/X
 _3936_/X
 _3937_/X
 _3938_/X
 _3939_/X
 _3940_/Y
 _3941_/X
 _3942_/X
 _3943_/X
 _3944_/X
 _3945_/X
 _3946_/X
 _3947_/X
 _3948_/X
 _3949_/X
 _3950_/X
 _3951_/X
 _3952_/X
 _3953_/X
 _3954_/X
 _3955_/X
 _3956_/X
 _3957_/X
 _3958_/X
 _3959_/X
 _3960_/X
 _3961_/X
 _3962_/X
 _3963_/X
 _3964_/X
 _3965_/X
 _3966_/X
 _3967_/X
 _3968_/X
 _3969_/X
 _3970_/X
 _3971_/X
 _3972_/X
 _3973_/X
 _3974_/X
 _3975_/X
 _3976_/X
 _3977_/X
 _3978_/X
 _3979_/X
 _3980_/X
 _3981_/X
 _3982_/X
 _3983_/Y
 _3984_/X
 _3985_/X
 _3986_/X
 _3987_/X
 _3988_/X
 _3989_/X
 _3990_/X
 _3991_/X
 _3992_/X
 _3993_/X
 _3994_/X
 _3995_/X
 _3996_/X
 _3997_/X
 _3998_/X
 _3999_/X
 _4000_/X
 _4001_/X
 _4002_/X
 _4003_/X
 _4004_/X
 _4005_/X
 _4006_/X
 _4007_/X
 _4008_/X
 _4009_/X
 _4010_/X
 _4011_/X
 _4012_/X
 _4013_/X
 _4014_/X
 _4015_/X
 _4016_/X
 _4017_/X
 _4018_/X
 _4019_/X
 _4020_/X
 _4021_/X
 _4022_/X
 _4023_/X
 _4024_/X
 _4025_/X
 _4026_/Y
 _4027_/X
 _4028_/X
 _4029_/X
 _4030_/X
 _4031_/X
 _4032_/X
 _4033_/X
 _4034_/X
 _4035_/X
 _4036_/X
 _4037_/X
 _4038_/X
 _4039_/X
 _4040_/X
 _4041_/X
 _4042_/X
 _4043_/X
 _4044_/X
 _4045_/X
 _4046_/X
 _4047_/X
 _4048_/X
 _4049_/X
 _4050_/X
 _4051_/X
 _4052_/X
 _4053_/X
 _4054_/X
 _4055_/X
 _4056_/X
 _4057_/X
 _4058_/X
 _4059_/X
 _4060_/X
 _4061_/X
 _4062_/X
 _4063_/X
 _4064_/X
 _4065_/X
 _4066_/X
 _4067_/X
 _4068_/X
 _4069_/Y
 _4070_/X
 _4071_/Y
 _4072_/X
 _4073_/X
 _4074_/X
 _4075_/X
 _4076_/X
 _4077_/X
 _4078_/X
 _4079_/X
 _4080_/X
 _4081_/X
 _4082_/X
 _4083_/X
 _4084_/X
 _4085_/X
 _4086_/X
 _4087_/X
 _4088_/X
 _4089_/X
 _4090_/X
 _4091_/X
 _4092_/X
 _4093_/X
 _4094_/X
 _4095_/X
 _4096_/X
 _4097_/X
 _4098_/X
 _4099_/X
 _4100_/X
 _4101_/X
 _4102_/X
 _4103_/X
 _4104_/X
 _4105_/X
 _4106_/X
 _4107_/X
 _4108_/X
 _4109_/X
 _4110_/X
 _4111_/X
 _4112_/Y
 _4113_/X
 _4114_/X
 _4115_/X
 _4116_/X
 _4117_/X
 _4118_/X
 _4119_/X
 _4120_/X
 _4121_/X
 _4122_/X
 _4123_/X
 _4124_/X
 _4125_/X
 _4126_/X
 _4127_/X
 _4128_/X
 _4129_/X
 _4130_/X
 _4131_/Y
 _4132_/X
 _4133_/X
 _4134_/X
 _4135_/X
 _4136_/X
 _4137_/X
 _4138_/X
 _4139_/X
 _4140_/X
 _4141_/X
 _4142_/X
 _4143_/X
 _4144_/X
 _4145_/X
 _4146_/X
 _4147_/X
 _4148_/X
 _4149_/X
 _4150_/X
 _4151_/X
 _4152_/X
 _4153_/X
 _4154_/X
 _4155_/X
 _4156_/X
 _4157_/X
 _4158_/X
 _4159_/X
 _4160_/X
 _4161_/X
 _4162_/X
 _4163_/X
 _4164_/X
 _4165_/X
 _4166_/X
 _4167_/X
 _4168_/X
 _4169_/X
 _4170_/X
 _4171_/X
 _4172_/X
 _4173_/X
 _4174_/X
 _4175_/X
 _4176_/X
 _4177_/X
 _4178_/X
 _4179_/X
 _4180_/X
 _4181_/X
 _4182_/X
 _4183_/X
 _4184_/X
 _4185_/X
 _4186_/X
 _4187_/X
 _4188_/X
 _4189_/X
 _4190_/X
 _4191_/Y
 _4192_/X
 _4193_/X
 _4194_/X
 _4195_/X
 _4196_/X
 _4197_/X
 _4198_/X
 _4199_/X
 _4200_/X
 _4201_/X
 _4202_/X
 _4203_/X
 _4204_/X
 _4205_/X
 _4206_/X
 _4207_/X
 _4208_/X
 _4209_/X
 _4210_/X
 _4211_/X
 _4212_/X
 _4213_/X
 _4214_/X
 _4215_/X
 _4216_/X
 _4217_/X
 _4218_/X
 _4219_/X
 _4220_/X
 _4221_/X
 _4222_/X
 _4223_/X
 _4224_/X
 _4225_/X
 _4226_/X
 _4227_/X
 _4228_/X
 _4229_/X
 _4230_/X
 _4231_/X
 _4232_/X
 _4233_/Y
 _4234_/X
 _4235_/Y
 _4236_/X
 _4237_/Y
 _4238_/X
 _4239_/X
 _4240_/X
 _4241_/X
 _4242_/X
 _4243_/X
 _4244_/X
 _4245_/X
 _4246_/X
 _4247_/X
 _4248_/X
 _4249_/X
 _4250_/X
 _4251_/X
 _4252_/X
 _4253_/X
 _4254_/X
 _4255_/X
 _4256_/X
 _4257_/X
 _4258_/X
 _4259_/X
 _4260_/X
 _4261_/X
 _4262_/X
 _4263_/X
 _4264_/X
 _4265_/X
 _4266_/X
 _4267_/X
 _4268_/X
 _4269_/X
 _4270_/X
 _4271_/X
 _4272_/X
 _4273_/X
 _4274_/X
 _4275_/X
 _4276_/X
 _4277_/X
 _4278_/X
 _4279_/X
 _4280_/Y
 _4281_/X
 _4282_/X
 _4283_/X
 _4284_/X
 _4285_/X
 _4286_/X
 _4287_/X
 _4288_/X
 _4289_/X
 _4290_/X
 _4291_/X
 _4292_/X
 _4293_/X
 _4294_/X
 _4295_/X
 _4296_/X
 _4297_/X
 _4298_/X
 _4299_/X
 _4300_/X
 _4301_/X
 _4302_/X
 _4303_/X
 _4304_/X
 _4305_/X
 _4306_/X
 _4307_/X
 _4308_/X
 _4309_/X
 _4310_/X
 _4311_/X
 _4312_/X
 _4313_/X
 _4314_/X
 _4315_/X
 _4316_/X
 _4317_/X
 _4318_/X
 _4319_/X
 _4320_/X
 _4321_/X
 _4322_/X
 _4323_/X
 _4324_/Y
 _4325_/X
 _4326_/X
 _4327_/X
 _4328_/Y
 _4329_/Q
 _4330_/Q
 _4331_/Q
 _4332_/Q
 _4333_/Q
 _4334_/Q
 _4335_/Q
 _4336_/Q
 _4337_/Q
 _4338_/Q
 _4339_/Q
 _4340_/Q
 _4341_/Q
 _4342_/Q
 _4343_/Q
 _4344_/Q
 _4345_/Q
 _4346_/Q
 _4347_/Q
 _4348_/Q
 _4349_/Q
 _4350_/Q
 _4351_/Q
 _4352_/Q
 _4353_/Q
 _4354_/Q
 _4355_/Q
 _4356_/Q
 _4357_/Q
 _4358_/Q
 _4359_/Q
 _4360_/Q
 _4361_/Q
 _4362_/Q
 _4363_/Q
 _4364_/Q
 _4365_/Q
 _4366_/Q
 _4367_/Q
 _4368_/Q
 _4369_/Q
 _4370_/Q
 _4371_/Q
 _4372_/Q
 _4373_/Q
 _4374_/Q
 _4375_/Q
 _4376_/Q
 _4377_/Q
 _4378_/Q
 _4379_/Q
 _4380_/Q
 _4381_/Q
 _4382_/Q
 _4383_/Q
 _4384_/Q
 _4385_/Q
 _4386_/Q
 _4387_/Q
 _4388_/Q
 _4389_/Q
 _4390_/Q
 _4391_/Q
 _4392_/Q
 _4393_/Q
 _4394_/Q
 _4395_/Q
 _4396_/Q
 _4397_/Q
 _4398_/Q
 _4399_/Q
 _4400_/Q
 _4401_/Q
 _4402_/Q
 _4403_/Q
 _4404_/Q
 _4405_/Q
 _4406_/Q
 _4407_/Q
 _4408_/Q
 _4409_/Q
 _4410_/Q
 _4411_/Q
 _4412_/Q
 _4413_/Q
 _4414_/Q
 _4415_/Q
 _4416_/Q
 _4417_/Q
 _4418_/Q
 _4419_/Q
 _4420_/Q
 _4421_/Q
 _4422_/Q
 _4423_/Q
 _4424_/Q
 _4425_/Q
 _4426_/Q
 _4427_/Q
 _4428_/Q
 _4429_/Q
 _4430_/Q
 _4431_/Q
 _4432_/Q
 _4433_/Q
 _4434_/Q
 _4435_/Q
 _4436_/Q
 _4437_/Q
 _4438_/Q
 _4439_/Q
 _4440_/Q
 _4441_/Q
 _4442_/Q
 _4443_/Q
 _4444_/Q
 _4445_/Q
 _4446_/Q
 _4447_/Q
 _4448_/Q
 _4449_/Q
 _4450_/Q
 _4451_/Q
 _4452_/Q
 _4453_/Q
 _4454_/Q
 _4455_/Q
 _4456_/Q
 _4457_/Q
 _4458_/Q
 _4459_/Q
 _4460_/Q
 _4461_/Q
 _4462_/Q
 _4463_/Q
 _4464_/Q
 _4465_/Q
 _4466_/Q
 _4467_/Q
 _4468_/Q
 _4469_/Q
 _4470_/Q
 _4471_/Q
 _4472_/Q
 _4473_/Q
 _4474_/Q
 _4475_/Q
 _4476_/Q
 _4477_/Q
 _4478_/Q
 _4479_/Q
 _4480_/Q
 _4481_/Q
 _4482_/Q
 _4483_/Q
 _4484_/Q
 _4485_/Q
 _4486_/Q
 _4487_/Q
 _4488_/Q
 _4489_/Q
 _4490_/Q
 _4491_/Q
 _4492_/Q
 _4493_/Q
 _4494_/Q
 _4495_/Q
 _4496_/Q
 _4497_/Q
 _4498_/Q
 _4499_/Q
 _4500_/Q
 _4501_/Q
 _4502_/Q
 _4503_/Q
 _4504_/Q
 _4505_/Q
 _4506_/Q
 _4507_/Q
 _4508_/Q
 _4509_/Q
 _4510_/Q
 _4511_/Q
 _4512_/Q
 _4513_/Q
 _4514_/Q
 _4515_/Q
 _4516_/Q
 _4517_/Q
 _4518_/Q
 _4519_/Q
 _4520_/Q
 _4521_/Q
 _4522_/Q
 _4523_/Q
 _4524_/Q
 _4525_/Q
 _4526_/Q
 _4527_/Q
 _4528_/Q
 _4529_/Q
 _4530_/Q
 _4531_/Q
 _4532_/Q
 _4533_/Q
 _4534_/Q
 _4535_/Q
 _4536_/Q
 _4537_/Q
 _4538_/Q
 _4539_/Q
 _4540_/Q
 _4541_/Q
 _4542_/Q
 _4543_/Q
 _4544_/Q
 _4545_/Q
 _4546_/Q
 _4547_/Q
 _4548_/Q
 _4549_/Q
 _4550_/Q
 _4551_/Q
 _4552_/Q
 _4553_/Q
 _4554_/Q
 _4555_/Q
 _4556_/Q
 _4557_/Q
 _4558_/Q
 _4559_/Q
 _4560_/Q
 _4561_/Q
 _4562_/Q
 _4563_/Q
 _4564_/Q
 _4565_/Q
 _4566_/Q
 _4567_/Q
 _4568_/Q
 _4569_/Q
 _4570_/Q
 _4571_/Q
 _4572_/Q
 _4573_/Q
 _4574_/Q
 _4575_/Q
 _4576_/Q
 _4577_/Q
 _4578_/Q
 _4579_/Q
 _4580_/Q
 _4581_/Q
 _4582_/Q
 _4583_/Q
 _4584_/Q
 _4585_/Q
 _4586_/Q
 _4587_/Q
 _4588_/Q
 _4589_/Q
 _4590_/Q
 _4591_/Q
 _4592_/Q
 _4593_/Q
 _4594_/Q
 _4595_/Q
 _4596_/Q
 _4597_/Q
 _4598_/Q
 _4599_/Q
 _4600_/Q
 _4601_/Q
 _4602_/Q
 _4603_/Q
 _4604_/Q
 _4605_/Q
 _4606_/Q
 _4607_/Q
 _4608_/Q
 _4609_/Q
 _4610_/Q
 _4611_/Q
 _4612_/Q
 _4613_/Q
 _4614_/Q
 _4615_/Q
 _4616_/Q
 _4617_/Q
 _4618_/Q
 _4619_/Q
 _4620_/Q
 _4621_/Q
 _4622_/Q
 _4623_/Q
 _4624_/Q
 _4625_/Q
 _4626_/Q
 _4627_/Q
 _4628_/Q
 _4629_/Q
 _4630_/Q
 _4631_/Q
 _4632_/Q
 _4633_/Q
 _4634_/Q
 _4635_/Q
 _4636_/Q
 _4637_/Q
 _4638_/Q
 _4639_/Q
 _4640_/Q
 _4641_/Q
 _4642_/Q
 _4643_/Q
 _4644_/Q
 _4645_/Q
 _4646_/Q
 _4647_/Q
 _4648_/Q
 _4649_/Q
 _4650_/Q
 _4651_/Q
 _4652_/Q
 _4653_/Q
 _4654_/Q
 _4655_/Q
 _4656_/Q
 _4657_/Q
 _4658_/Q
 _4659_/Q
 _4660_/Q
 _4661_/Q
 _4662_/Q
 _4663_/Q
 _4664_/Q
 _4665_/Q
 _4666_/Q
 _4667_/Q
 _4668_/Q
 _4669_/Q
 _4670_/Q
 _4671_/Q
 _4672_/Q
 _4673_/Q
 _4674_/Q
 _4675_/Q
 _4676_/Q
 _4677_/Q
 _4678_/Q
 _4679_/Q
 _4680_/Q
 _4681_/Q
 _4682_/Q
 _4683_/Q
 _4684_/Q
 _4685_/Q
 _4686_/Q
 _4687_/Q
 _4688_/Q
 _4689_/Q
 _4690_/Q
 _4691_/Q
 _4692_/Q
 _4693_/Q
 _4694_/Q
 _4695_/Q
 _4696_/Q
 _4697_/Q
 _4698_/Q
 _4699_/Q
 _4700_/Q
 _4701_/Q
 _4702_/Q
 _4703_/Q
 _4704_/Q
 _4705_/Q
 _4706_/Q
 _4707_/Q
 _4708_/Q
 _4709_/Q
 _4710_/Q
 _4711_/Q
 _4712_/Q
 _4713_/Q
 _4714_/Q
 _4715_/Q
 _4716_/Q
 _4717_/Q
 _4718_/Q
 _4719_/Q
 _4720_/Q
 _4721_/Q
 _4722_/Q
 _4723_/Q
 _4724_/Q
 _4725_/Q
 _4726_/Q
 _4727_/Q
 _4728_/Q
 _4729_/Q
 _4730_/Q
 _4731_/Q
 _4732_/Q
 _4733_/Q
 _4734_/Q
 _4735_/Q
 _4736_/Q
 _4737_/Q
 _4738_/Q
 _4739_/Q
 _4740_/Q
 _4741_/Q
 _4742_/Q
 _4743_/Q
 _4744_/Q
 _4745_/Q
 _4746_/Q
 _4747_/Q
 _4748_/Q
 _4749_/Q
 _4750_/Q
 _4751_/Q
 _4752_/Q
 _4753_/Q
 _4754_/Q
 _4755_/Q
 _4756_/Q
 _4757_/Q
 _4758_/Q
 _4759_/Q
 _4760_/Q
 _4761_/Q
 _4762_/Q
 _4763_/Q
 _4764_/Q
 _4765_/Q
 _4766_/Q
 _4767_/Q
 _4768_/Q
 _4769_/Q
 _4770_/Q
 _4771_/Q
 _4772_/Q
 _4773_/Q
 _4774_/Q
 _4775_/Q
 _4776_/Q
 _4777_/Q
 _4778_/Q
 _4779_/Q
 _4780_/Q
 _4781_/Q
 _4782_/Q
 _4783_/Q
 _4784_/Q
 _4785_/Q
 _4786_/Q
 _4787_/Q
 _4788_/Q
 _4789_/Q
 _4790_/Q
 _4791_/Q
 _4792_/Q
 _4793_/Q
 _4794_/Q
 _4795_/Q
 _4796_/Q
 _4797_/Q
 _4798_/Q
 _4799_/Q
 _4800_/Q
 _4801_/Q
 _4802_/Q
 _4803_/Q
 _4804_/Q
 _4805_/Q
 _4806_/Q
 _4807_/Q
 _4808_/Q
 _4809_/Q
 _4810_/Q
 _4811_/Q
 _4812_/Q
 _4813_/Q
 _4814_/Q
 _4815_/Q
 _4816_/Q
 _4817_/Q
 _4818_/Q
 _4819_/Q
 _4820_/Q
 _4821_/Q
 _4822_/Q
 _4823_/Q
 _4824_/Q
 _4825_/Q
 _4826_/Q
 _4827_/Q
 _4828_/Q
 _4829_/Q
 _4830_/Q
 _4831_/Q
 _4832_/Q
 _4833_/Q
 _4834_/Q
 _4835_/Q
 _4836_/Q
 _4837_/Q
 _4838_/Q
 _4839_/Q
 _4840_/Q
 _4841_/Q
 _4842_/Q
 _4843_/Q
 _4844_/Q
 _4845_/Q
 _4846_/Q
 _4847_/Q
 _4848_/Q
 _4849_/Q
 _4850_/Q
 _4851_/Q
 _4852_/Q
 _4853_/Q
 _4854_/Q
 _4855_/Q
 _4856_/Q
 _4857_/Q
 _4858_/Q
 _4859_/Q
 _4860_/Q
 _4861_/Q
 _4862_/Q
 _4863_/Q
 _4864_/Q
 _4865_/Q
 _4866_/Q
 _4867_/Q
 _4868_/Q
 _4869_/Q
 _4870_/Q
 _4871_/Q
 _4872_/Q
 _4873_/Q
 _4874_/Q
 _4875_/Q
 _4876_/Q
 _4877_/Q
 _4878_/Q
 _4879_/Q
 _4880_/Q
 _4881_/Q
 _4882_/Q
 _4883_/Q
 _4884_/Q
 _4885_/Q
 _4886_/Q
 _4887_/Q
 _4888_/Q
 _4889_/Q
 _4890_/Q
 _4891_/Q
 _4892_/Q
 _4893_/Q
 _4894_/Q
 _4895_/Q
 _4896_/Q
 _4897_/Q
 _4898_/HI
 _4898_/LO
 rst_buf/X
Found 0 partially unannotated drivers.

===========================================================================
max slew violation count 570
max fanout violation count 0
max cap violation count 1
============================================================================

===========================================================================
check_setup -verbose -unconstrained_endpoints -multiple_clock -no_clock -no_input_delay -loops -generated_clocks
===========================================================================
Warning: There is 1 unconstrained endpoint.
  prediction_out
